Component: ARM Compiler 5.06 update 2 (build 183) Tool: armlink [4d35b7]

==============================================================================

Section Cross References

    inv_mpu.o(i.accel_6500_self_test) refers to i2c.o(i.Sensors_I2C_ReadRegister) for Sensors_I2C_ReadRegister
    inv_mpu.o(i.accel_6500_self_test) refers to log_stm32.o(i._MLPrintLog) for _MLPrintLog
    inv_mpu.o(i.accel_6500_self_test) refers to f2d.o(.text) for __aeabi_f2d
    inv_mpu.o(i.accel_6500_self_test) refers to fabs.o(i.__hardfp_fabs) for __hardfp_fabs
    inv_mpu.o(i.accel_6500_self_test) refers to cdrcmple.o(.text) for __aeabi_cdrcmple
    inv_mpu.o(i.accel_6500_self_test) refers to inv_mpu.o(.data) for st
    inv_mpu.o(i.accel_6500_self_test) refers to inv_mpu.o(.constdata) for mpu_6500_st_tb
    inv_mpu.o(i.accel_6500_self_test) refers to dflti.o(.text) for __aeabi_i2d
    inv_mpu.o(i.compass_self_test) refers to inv_mpu.o(i.mpu_set_bypass) for mpu_set_bypass
    inv_mpu.o(i.compass_self_test) refers to i2c.o(i.Sensors_I2C_WriteRegister) for Sensors_I2C_WriteRegister
    inv_mpu.o(i.compass_self_test) refers to board-st_discovery.o(i.mdelay) for mdelay
    inv_mpu.o(i.compass_self_test) refers to i2c.o(i.Sensors_I2C_ReadRegister) for Sensors_I2C_ReadRegister
    inv_mpu.o(i.compass_self_test) refers to inv_mpu.o(.data) for st
    inv_mpu.o(i.get_st_6500_biases) refers to i2c.o(i.Sensors_I2C_WriteRegister) for Sensors_I2C_WriteRegister
    inv_mpu.o(i.get_st_6500_biases) refers to board-st_discovery.o(i.mdelay) for mdelay
    inv_mpu.o(i.get_st_6500_biases) refers to log_stm32.o(i._MLPrintLog) for _MLPrintLog
    inv_mpu.o(i.get_st_6500_biases) refers to i2c.o(i.Sensors_I2C_ReadRegister) for Sensors_I2C_ReadRegister
    inv_mpu.o(i.get_st_6500_biases) refers to ldiv.o(.text) for __aeabi_ldivmod
    inv_mpu.o(i.get_st_6500_biases) refers to inv_mpu.o(.data) for st
    inv_mpu.o(i.get_st_6500_biases) refers to inv_mpu.o(.constdata) for test
    inv_mpu.o(i.get_st_6500_biases) refers to f2d.o(.text) for __aeabi_f2d
    inv_mpu.o(i.get_st_biases) refers to i2c.o(i.Sensors_I2C_WriteRegister) for Sensors_I2C_WriteRegister
    inv_mpu.o(i.get_st_biases) refers to board-st_discovery.o(i.mdelay) for mdelay
    inv_mpu.o(i.get_st_biases) refers to i2c.o(i.Sensors_I2C_ReadRegister) for Sensors_I2C_ReadRegister
    inv_mpu.o(i.get_st_biases) refers to ldiv.o(.text) for __aeabi_ldivmod
    inv_mpu.o(i.get_st_biases) refers to inv_mpu.o(.data) for st
    inv_mpu.o(i.get_st_biases) refers to inv_mpu.o(.constdata) for test
    inv_mpu.o(i.gyro_6500_self_test) refers to i2c.o(i.Sensors_I2C_ReadRegister) for Sensors_I2C_ReadRegister
    inv_mpu.o(i.gyro_6500_self_test) refers to log_stm32.o(i._MLPrintLog) for _MLPrintLog
    inv_mpu.o(i.gyro_6500_self_test) refers to f2d.o(.text) for __aeabi_f2d
    inv_mpu.o(i.gyro_6500_self_test) refers to fabs.o(i.__hardfp_fabs) for __hardfp_fabs
    inv_mpu.o(i.gyro_6500_self_test) refers to cdcmple.o(.text) for __aeabi_cdcmple
    inv_mpu.o(i.gyro_6500_self_test) refers to dflti.o(.text) for __aeabi_i2d
    inv_mpu.o(i.gyro_6500_self_test) refers to inv_mpu.o(.data) for st
    inv_mpu.o(i.gyro_6500_self_test) refers to inv_mpu.o(.constdata) for mpu_6500_st_tb
    inv_mpu.o(i.gyro_6500_self_test) refers to cdrcmple.o(.text) for __aeabi_cdrcmple
    inv_mpu.o(i.mpu_configure_fifo) refers to inv_mpu.o(i.set_int_enable) for set_int_enable
    inv_mpu.o(i.mpu_configure_fifo) refers to inv_mpu.o(i.mpu_reset_fifo) for mpu_reset_fifo
    inv_mpu.o(i.mpu_configure_fifo) refers to inv_mpu.o(.data) for st
    inv_mpu.o(i.mpu_get_accel_fsr) refers to inv_mpu.o(.data) for st
    inv_mpu.o(i.mpu_get_accel_reg) refers to i2c.o(i.Sensors_I2C_ReadRegister) for Sensors_I2C_ReadRegister
    inv_mpu.o(i.mpu_get_accel_reg) refers to board-st_discovery.o(i.get_tick_count) for get_tick_count
    inv_mpu.o(i.mpu_get_accel_reg) refers to inv_mpu.o(.data) for st
    inv_mpu.o(i.mpu_get_accel_sens) refers to inv_mpu.o(.data) for st
    inv_mpu.o(i.mpu_get_compass_fsr) refers to inv_mpu.o(.data) for st
    inv_mpu.o(i.mpu_get_compass_reg) refers to i2c.o(i.Sensors_I2C_ReadRegister) for Sensors_I2C_ReadRegister
    inv_mpu.o(i.mpu_get_compass_reg) refers to board-st_discovery.o(i.get_tick_count) for get_tick_count
    inv_mpu.o(i.mpu_get_compass_reg) refers to inv_mpu.o(.data) for st
    inv_mpu.o(i.mpu_get_compass_sample_rate) refers to inv_mpu.o(.data) for st
    inv_mpu.o(i.mpu_get_dmp_state) refers to inv_mpu.o(.data) for st
    inv_mpu.o(i.mpu_get_fifo_config) refers to inv_mpu.o(.data) for st
    inv_mpu.o(i.mpu_get_gyro_fsr) refers to inv_mpu.o(.data) for st
    inv_mpu.o(i.mpu_get_gyro_reg) refers to i2c.o(i.Sensors_I2C_ReadRegister) for Sensors_I2C_ReadRegister
    inv_mpu.o(i.mpu_get_gyro_reg) refers to board-st_discovery.o(i.get_tick_count) for get_tick_count
    inv_mpu.o(i.mpu_get_gyro_reg) refers to inv_mpu.o(.data) for st
    inv_mpu.o(i.mpu_get_gyro_sens) refers to inv_mpu.o(.data) for st
[...]
    inv_compute_bias                         0x080009a3   Thumb Code  2142  compass_vec_cal.o(.text)
    inv_center_sum                           0x08001201   Thumb Code  1784  compass_vec_cal.o(.text)
    inv_get_current_calibrated_compass       0x080018f9   Thumb Code    82  compass_vec_cal.o(.text)
    inv_add_compass_block_data               0x0800194b   Thumb Code   172  compass_vec_cal.o(.text)
    inv_check_sim                            0x08001c63   Thumb Code   400  compass_vec_cal.o(.text)
    inv_reset_data_collection                0x08001df3   Thumb Code    50  compass_vec_cal.o(.text)
    inv_process_compass_only_cal             0x08001e25   Thumb Code  1720  compass_vec_cal.o(.text)
    inv_generate_vector_compass_cal          0x080024dd   Thumb Code    62  compass_vec_cal.o(.text)
    inv_start_vector_compass_cal             0x0800251b   Thumb Code    14  compass_vec_cal.o(.text)
    inv_stop_vector_compass_cal              0x08002529   Thumb Code     8  compass_vec_cal.o(.text)
    inv_init_vector_compass_cal              0x08002531   Thumb Code    92  compass_vec_cal.o(.text)
    inv_enable_vector_compass_cal            0x0800258d   Thumb Code    24  compass_vec_cal.o(.text)
    inv_disable_vector_compass_cal           0x080025a5   Thumb Code    22  compass_vec_cal.o(.text)
    inv_init_maxmin                          0x080026b1   Thumb Code    78  fast_no_motion.o(.text)
    inv_fast_nomot_parameter                 0x080026ff   Thumb Code   332  fast_no_motion.o(.text)
    inv_fast_nomot_parameter_3rd             0x0800284b   Thumb Code   190  fast_no_motion.o(.text)
    inv_fast_nomot_set_gyro_bias             0x08002909   Thumb Code   232  fast_no_motion.o(.text)
    inv_set_fast_nomot_compass_threshold     0x080029f1   Thumb Code     8  fast_no_motion.o(.text)
    int_set_fast_nomot_gyro_threshold        0x080029f9   Thumb Code     8  fast_no_motion.o(.text)
    inv_set_fast_nomot_accel_threshold       0x08002a01   Thumb Code     8  fast_no_motion.o(.text)
    inv_get_fast_nomot_compass_param         0x08002a09   Thumb Code    18  fast_no_motion.o(.text)
    inv_get_fast_nomot_accel_param           0x08002a1b   Thumb Code    18  fast_no_motion.o(.text)
    inv_fast_nomot_store_data                0x08002a2d   Thumb Code   140  fast_no_motion.o(.text)
    inv_fast_nomot_store_data_compass        0x08002ab9   Thumb Code    74  fast_no_motion.o(.text)
    inv_fast_nomot_reset_data_compass        0x08002b03   Thumb Code    36  fast_no_motion.o(.text)
    inv_fast_nomot_get_time_elaps            0x08002b27   Thumb Code     8  fast_no_motion.o(.text)
    inv_fast_nomot_parameter_compass         0x08002b2f   Thumb Code    22  fast_no_motion.o(.text)
    inv_get_right_shift_by_rounding          0x08002b45   Thumb Code    76  fast_no_motion.o(.text)
    inv_reset_min_max_gyro_accel_statistics  0x08002b91   Thumb Code    38  fast_no_motion.o(.text)
    inv_record_max_moment_in_no_motion_gyro  0x08002bb7   Thumb Code    32  fast_no_motion.o(.text)
    inv_record_max_moment_in_no_motion_accel 0x08002bd7   Thumb Code    32  fast_no_motion.o(.text)
    inv_record_min_moment_in_motion_gyro     0x08002bf7   Thumb Code    34  fast_no_motion.o(.text)
    inv_record_min_moment_in_motion_accel    0x08002c19   Thumb Code    34  fast_no_motion.o(.text)
    inv_detect_motion_by_gyro_accel          0x08002c3b   Thumb Code   214  fast_no_motion.o(.text)
    inv_sensor_data_preprocess               0x08002d11   Thumb Code   132  fast_no_motion.o(.text)
    inv_generate_fast_nomot                  0x08002d95   Thumb Code   504  fast_no_motion.o(.text)
    inv_set_default_number_of_samples        0x08002f8d   Thumb Code    62  fast_no_motion.o(.text)
    inv_init_fast_nomot                      0x08002fcb   Thumb Code    78  fast_no_motion.o(.text)
    inv_start_fast_nomot                     0x08003019   Thumb Code    56  fast_no_motion.o(.text)
    inv_stop_fast_nomot                      0x08003051   Thumb Code    20  fast_no_motion.o(.text)
    inv_enable_fast_nomot                    0x08003065   Thumb Code    24  fast_no_motion.o(.text)
    inv_disable_fast_nomot                   0x0800307d   Thumb Code    18  fast_no_motion.o(.text)
    inv_get_fnm_gyro_no_motion_param         0x0800308f   Thumb Code     8  fast_no_motion.o(.text)
    inv_fnm_debug_print                      0x08003097   Thumb Code     2  fast_no_motion.o(.text)
    inv_filter_correction_angle              0x08003175   Thumb Code   374  fusion_9axis.o(.text)
    inv_perform_9x_fusion                    0x080032eb   Thumb Code   894  fusion_9axis.o(.text)
    inv_process_9x_sensor_fusion_cb          0x08003669   Thumb Code   120  fusion_9axis.o(.text)
    inv_init_9x_fusion                       0x080036e1   Thumb Code    52  fusion_9axis.o(.text)
    inv_9x_fusion_set_mag_fb                 0x08003715   Thumb Code    10  fusion_9axis.o(.text)
    inv_9x_fusion_enable_jitter_reduction    0x0800371f   Thumb Code    10  fusion_9axis.o(.text)
    inv_9x_fusion_use_timestamps             0x08003729   Thumb Code    10  fusion_9axis.o(.text)
    inv_start_9x_sensor_fusion               0x08003733   Thumb Code    14  fusion_9axis.o(.text)
    inv_stop_9x_sensor_fusion                0x08003741   Thumb Code     8  fusion_9axis.o(.text)
    inv_enable_9x_sensor_fusion              0x08003749   Thumb Code    30  fusion_9axis.o(.text)
    inv_disable_9x_sensor_fusion             0x08003767   Thumb Code     8  fusion_9axis.o(.text)
    inv_init_gyro_ts                         0x08003af9   Thumb Code    46  gyro_tc.o(.text)
    inv_set_gtc_max_temp                     0x08003b27   Thumb Code    10  gyro_tc.o(.text)
    inv_set_gtc_min_temp                     0x08003b31   Thumb Code    10  gyro_tc.o(.text)
    inv_set_gtc_min_diff                     0x08003b3b   Thumb Code    10  gyro_tc.o(.text)
    inv_get_gyro_ts                          0x08003b45   Thumb Code    44  gyro_tc.o(.text)
    inv_set_gyro_ts                          0x08003b71   Thumb Code     4  gyro_tc.o(.text)
    inv_set_gtc_order                        0x08003b75   Thumb Code    16  gyro_tc.o(.text)
    inv_print_gtc_data                       0x08003b85   Thumb Code    62  gyro_tc.o(.text)
    inv_start_gyro_tc                        0x08003bc3   Thumb Code    10  gyro_tc.o(.text)
    inv_stop_gyro_tc                         0x08003bcd   Thumb Code     6  gyro_tc.o(.text)
    inv_enable_gyro_tc                       0x08003bd3   Thumb Code    48  gyro_tc.o(.text)
    inv_disable_gyro_tc                      0x08003c03   Thumb Code    40  gyro_tc.o(.text)
    inv_set_magnetic_disturbance             0x08003c3d   Thumb Code    16  mag_disturb.o(.text)
    inv_init_magnetic_disturbance            0x08003c4d   Thumb Code    68  mag_disturb.o(.text)
    MagDisturbSetDisturbance                 0x08003c91   Thumb Code   108  mag_disturb.o(.text)
    MagDisturbCheckSettling                  0x08003cfd   Thumb Code    68  mag_disturb.o(.text)
    ComputeAngleVelocity                     0x08003d41   Thumb Code    94  mag_disturb.o(.text)
    inv_disable_dip_tracking                 0x08003d9f   Thumb Code    10  mag_disturb.o(.text)
    Mag3ofNormalizedLong                     0x08003da9   Thumb Code    60  mag_disturb.o(.text)
    inv_track_dip_angle                      0x08003de5   Thumb Code   126  mag_disturb.o(.text)
    inv_check_magnetic_disturbance           0x08003e63   Thumb Code   758  mag_disturb.o(.text)
    inv_magnetic_disturbance_process         0x08004159   Thumb Code    50  mag_disturb.o(.text)
    inv_start_magnetic_disturbance           0x0800418b   Thumb Code    14  mag_disturb.o(.text)
    inv_stop_magnetic_disturbance            0x08004199   Thumb Code     8  mag_disturb.o(.text)
    inv_enable_magnetic_disturbance          0x080041a1   Thumb Code    40  mag_disturb.o(.text)
    inv_disable_magnetic_disturbance         0x080041c9   Thumb Code    22  mag_disturb.o(.text)
    inv_enable_dip_tracking                  0x080041df   Thumb Code    14  mag_disturb.o(.text)
    inv_get_magnetic_disturbance_state       0x080041ed   Thumb Code     8  mag_disturb.o(.text)
    inv_generate_gyro_quaternion             0x080045b5   Thumb Code   348  quaternion_supervisor.o(.text)
    inv_set_quaternion                       0x080048c7   Thumb Code    36  quaternion_supervisor.o(.text)
    inv_generate_accel_gyro_quaternion       0x080048eb   Thumb Code   468  quaternion_supervisor.o(.text)
    inv_stop_quaternion                      0x08004b03   Thumb Code     6  quaternion_supervisor.o(.text)
    inv_init_quaternion                      0x08004b09   Thumb Code    34  quaternion_supervisor.o(.text)
    inv_start_quaternion                     0x08004b2b   Thumb Code    34  quaternion_supervisor.o(.text)
    inv_enable_quaternion                    0x08004b4d   Thumb Code    24  quaternion_supervisor.o(.text)
    inv_disable_quaternion                   0x08004b65   Thumb Code    20  quaternion_supervisor.o(.text)
    inv_init_accel_maxmin                    0x08004b91   Thumb Code    34  accel_auto_cal.o(.text)
    inv_record_good_accel_maxmin             0x08004bb3   Thumb Code    58  accel_auto_cal.o(.text)
    inv_get_current_calibrated_accel         0x08004bed   Thumb Code    70  accel_auto_cal.o(.text)
    inv_sort_order_4_T                       0x08004fdd   Thumb Code   134  accel_auto_cal.o(.text)
    inv_init_check_sample_balance            0x08005063   Thumb Code    36  accel_auto_cal.o(.text)
    inv_init_check_sample_balance_parameter  0x08005087   Thumb Code    28  accel_auto_cal.o(.text)
    inv_add_accel_block_data                 0x080050a3   Thumb Code   180  accel_auto_cal.o(.text)
    inv_add_vector_block_data                0x08005157   Thumb Code   152  accel_auto_cal.o(.text)
    inv_check_sample_balance                 0x080051ef   Thumb Code   372  accel_auto_cal.o(.text)
    inv_auto_calibrate                       0x080053b5   Thumb Code   828  accel_auto_cal.o(.text)
    inv_init_in_use_auto_calibration         0x080056f1   Thumb Code    92  accel_auto_cal.o(.text)
    inv_start_in_use_auto_calibration        0x0800574d   Thumb Code    14  accel_auto_cal.o(.text)
    inv_stop_in_use_auto_calibration         0x0800575b   Thumb Code     8  accel_auto_cal.o(.text)
    inv_enable_in_use_auto_calibration       0x08005763   Thumb Code    24  accel_auto_cal.o(.text)
    inv_disable_in_use_auto_calibration      0x0800577b   Thumb Code    22  accel_auto_cal.o(.text)
    inv_get_accel_bias_stage                 0x08005791   Thumb Code     6  accel_auto_cal.o(.text)
    __aeabi_ldivmod                          0x080057d5   Thumb Code    98  ldiv.o(.text)
    __aeabi_llsl                             0x08005837   Thumb Code    30  llshl.o(.text)
    _ll_shift_l                              0x08005837   Thumb Code     0  llshl.o(.text)
    __aeabi_lasr                             0x08005855   Thumb Code    36  llsshr.o(.text)
    _ll_sshift_r                             0x08005855   Thumb Code     0  llsshr.o(.text)
    ___aeabi_memcpy8$move                    0x08005879   Thumb Code     0  memmovea.o(.text)
    __aeabi_memcpy                           0x08005879   Thumb Code    64  memmovea.o(.text)
    __aeabi_memcpy4                          0x08005879   Thumb Code     0  memmovea.o(.text)
    __aeabi_memmove                          0x08005879   Thumb Code     0  memmovea.o(.text)
    __aeabi_memmove4                         0x08005879   Thumb Code     0  memmovea.o(.text)
    __aeabi_memmove8                         0x08005879   Thumb Code     0  memmovea.o(.text)
    __aeabi_memset                           0x080058b9   Thumb Code    14  memseta.o(.text)
    __aeabi_memset4                          0x080058b9   Thumb Code     0  memseta.o(.text)
    __aeabi_memset8                          0x080058b9   Thumb Code     0  memseta.o(.text)
    __aeabi_memclr                           0x080058c7   Thumb Code     4  memseta.o(.text)
    __aeabi_memclr4                          0x080058c7   Thumb Code     0  memseta.o(.text)
    __aeabi_memclr8                          0x080058c7   Thumb Code     0  memseta.o(.text)
    _memset$wrapper                          0x080058cb   Thumb Code    18  memseta.o(.text)
    memcmp                                   0x080058dd   Thumb Code    26  memcmp.o(.text)
    __aeabi_dadd                             0x080058f7   Thumb Code   322  dadd.o(.text)
    __aeabi_dsub                             0x08005a39   Thumb Code     6  dadd.o(.text)
    __aeabi_drsub                            0x08005a3f   Thumb Code     6  dadd.o(.text)
    __aeabi_dmul                             0x08005a45   Thumb Code   228  dmul.o(.text)
    __aeabi_ddiv                             0x08005b29   Thumb Code   222  ddiv.o(.text)
    __aeabi_l2f                              0x08005c07   Thumb Code    44  ffltl.o(.text)
    __aeabi_i2d                              0x08005c33   Thumb Code    34  dflti.o(.text)
    __aeabi_f2lz                             0x08005c55   Thumb Code    66  ffixl.o(.text)
    __aeabi_d2iz                             0x08005c97   Thumb Code    62  dfixi.o(.text)
    __aeabi_f2d                              0x08005cd5   Thumb Code    38  f2d.o(.text)
    __aeabi_cdcmpeq                          0x08005cfd   Thumb Code     0  cdcmple.o(.text)
    __aeabi_cdcmple                          0x08005cfd   Thumb Code    48  cdcmple.o(.text)
    __aeabi_cdrcmple                         0x08005d2d   Thumb Code    48  cdrcmple.o(.text)
    __aeabi_d2f                              0x08005d5d   Thumb Code    56  d2f.o(.text)
    __aeabi_uidiv                            0x08005d95   Thumb Code     0  uidiv.o(.text)
    __aeabi_uidivmod                         0x08005d95   Thumb Code    44  uidiv.o(.text)
    __aeabi_uldivmod                         0x08005dc1   Thumb Code    98  uldiv.o(.text)
    __aeabi_llsr                             0x08005e23   Thumb Code    32  llushr.o(.text)
    _ll_ushift_r                             0x08005e23   Thumb Code     0  llushr.o(.text)
    __I$use$fp                               0x08005e43   Thumb Code     0  iusefp.o(.text)
    _float_round                             0x08005e43   Thumb Code    18  fepilogue.o(.text)
    _float_epilogue                          0x08005e55   Thumb Code    92  fepilogue.o(.text)
    _double_round                            0x08005eb1   Thumb Code    30  depilogue.o(.text)
    _double_epilogue                         0x08005ecf   Thumb Code   156  depilogue.o(.text)
    _dsqrt                                   0x08005f6b   Thumb Code   162  dsqrt.o(.text)
    __aeabi_d2ulz                            0x0800600d   Thumb Code    48  dfixul.o(.text)
    __scatterload                            0x0800603d   Thumb Code    28  init.o(.text)
    __scatterload_rt2                        0x0800603d   Thumb Code     0  init.o(.text)
    __aeabi_ui2d                             0x08006061   Thumb Code    26  dfltui.o(.text)
    BusFault_Handler                         0x0800607b   Thumb Code     4  stm32f4xx_it.o(i.BusFault_Handler)
    DebugMon_Handler                         0x0800607f   Thumb Code     2  stm32f4xx_it.o(i.DebugMon_Handler)
    EXTI1_IRQHandler                         0x08006081   Thumb Code    14  stm32f4xx_it.o(i.EXTI1_IRQHandler)
    EXTI_ClearITPendingBit                   0x08006091   Thumb Code     6  stm32f4xx_exti.o(i.EXTI_ClearITPendingBit)
    EXTI_Init                                0x0800609d   Thumb Code   142  stm32f4xx_exti.o(i.EXTI_Init)
    GPIO_Config                              0x08006131   Thumb Code   116  gpio.o(i.GPIO_Config)
    GPIO_Init                                0x080061a9   Thumb Code   144  stm32f4xx_gpio.o(i.GPIO_Init)
    GPIO_PinAFConfig                         0x08006239   Thumb Code    70  stm32f4xx_gpio.o(i.GPIO_PinAFConfig)
    Get_I2C_Retry                            0x08006281   Thumb Code     6  i2c.o(i.Get_I2C_Retry)
    I2C_AcknowledgeConfig                    0x0800628d   Thumb Code    24  stm32f4xx_i2c.o(i.I2C_AcknowledgeConfig)
    I2C_ClearFlag                            0x080062a5   Thumb Code    12  stm32f4xx_i2c.o(i.I2C_ClearFlag)
    I2C_Cmd                                  0x080062b1   Thumb Code    24  stm32f4xx_i2c.o(i.I2C_Cmd)
    I2C_DeInit                               0x080062c9   Thumb Code    82  stm32f4xx_i2c.o(i.I2C_DeInit)
    I2C_GenerateSTART                        0x08006329   Thumb Code    24  stm32f4xx_i2c.o(i.I2C_GenerateSTART)
    I2C_GenerateSTOP                         0x08006341   Thumb Code    24  stm32f4xx_i2c.o(i.I2C_GenerateSTOP)
    I2C_GetFlagStatus                        0x08006359   Thumb Code    58  stm32f4xx_i2c.o(i.I2C_GetFlagStatus)
    I2C_Init                                 0x08006395   Thumb Code   218  stm32f4xx_i2c.o(i.I2C_Init)
    I2C_ReadRegister                         0x0800647d   Thumb Code    22  stm32f4xx_i2c.o(i.I2C_ReadRegister)
    I2C_ReceiveData                          0x08006493   Thumb Code     8  stm32f4xx_i2c.o(i.I2C_ReceiveData)
    I2C_Send7bitAddress                      0x0800649b   Thumb Code    16  stm32f4xx_i2c.o(i.I2C_Send7bitAddress)
    I2C_SendData                             0x080064ab   Thumb Code     4  stm32f4xx_i2c.o(i.I2C_SendData)
    I2C_SoftwareResetCmd                     0x080064af   Thumb Code    22  stm32f4xx_i2c.o(i.I2C_SoftwareResetCmd)
    I2cMaster_Init                           0x0800652d   Thumb Code   156  i2c.o(i.I2cMaster_Init)
    MemManage_Handler                        0x080065d5   Thumb Code     4  stm32f4xx_it.o(i.MemManage_Handler)
    NMI_Handler                              0x080065d9   Thumb Code     2  stm32f4xx_it.o(i.NMI_Handler)
    NVIC_Init                                0x080065dd   Thumb Code   106  misc.o(i.NVIC_Init)
    PWR_BackupAccessCmd                      0x08006655   Thumb Code     6  stm32f4xx_pwr.o(i.PWR_BackupAccessCmd)
    RCC_AHB1PeriphClockCmd                   0x08006661   Thumb Code    26  stm32f4xx_rcc.o(i.RCC_AHB1PeriphClockCmd)
    RCC_APB1PeriphClockCmd                   0x08006681   Thumb Code    26  stm32f4xx_rcc.o(i.RCC_APB1PeriphClockCmd)
    RCC_APB1PeriphResetCmd                   0x080066a1   Thumb Code    26  stm32f4xx_rcc.o(i.RCC_APB1PeriphResetCmd)
    RCC_APB2PeriphClockCmd                   0x080066c1   Thumb Code    26  stm32f4xx_rcc.o(i.RCC_APB2PeriphClockCmd)
    RCC_BackupResetCmd                       0x080066e1   Thumb Code     6  stm32f4xx_rcc.o(i.RCC_BackupResetCmd)
    RCC_GetClocksFreq                        0x080066ed   Thumb Code   214  stm32f4xx_rcc.o(i.RCC_GetClocksFreq)
    ST_Sensors_I2C_ReadRegister              0x080067d5   Thumb Code   952  i2c.o(i.ST_Sensors_I2C_ReadRegister)
    ST_Sensors_I2C_WriteRegister             0x08006b99   Thumb Code   320  i2c.o(i.ST_Sensors_I2C_WriteRegister)
    SVC_Handler                              0x08006ce5   Thumb Code     2  stm32f4xx_it.o(i.SVC_Handler)
    SYSCFG_EXTILineConfig                    0x08006ce9   Thumb Code    60  stm32f4xx_syscfg.o(i.SYSCFG_EXTILineConfig)
    Sensors_I2C_ReadRegister                 0x08006d29   Thumb Code    76  i2c.o(i.Sensors_I2C_ReadRegister)
    Sensors_I2C_WriteRegister                0x08006d75   Thumb Code    76  i2c.o(i.Sensors_I2C_WriteRegister)
    Set_I2C_Retry                            0x08006ead   Thumb Code     6  i2c.o(i.Set_I2C_Retry)
    SysTick_Handler                          0x08006eb9   Thumb Code    12  board-st_discovery.o(i.SysTick_Handler)
    SystemCoreClockUpdate                    0x08006ec5   Thumb Code   170  system_stm32f4xx.o(i.SystemCoreClockUpdate)
    SystemInit                               0x08006f85   Thumb Code    88  system_stm32f4xx.o(i.SystemInit)
    TIM4_IRQHandler                          0x08006fed   Thumb Code    84  stm32f4xx_it.o(i.TIM4_IRQHandler)
    TIM_ClearITPendingBit                    0x08007051   Thumb Code     6  stm32f4xx_tim.o(i.TIM_ClearITPendingBit)
    TIM_GetCapture1                          0x08007057   Thumb Code     6  stm32f4xx_tim.o(i.TIM_GetCapture1)
    TIM_GetCapture2                          0x0800705d   Thumb Code     6  stm32f4xx_tim.o(i.TIM_GetCapture2)
    TimeStamp_Increment                      0x08007065   Thumb Code    12  board-st_discovery.o(i.TimeStamp_Increment)
    TimingDelay_Decrement                    0x08007075   Thumb Code    18  board-st_discovery.o(i.TimingDelay_Decrement)
    USART_ClearITPendingBit                  0x0800708d   Thumb Code    30  stm32f4xx_usart.o(i.USART_ClearITPendingBit)
    USART_Cmd                                0x080070ab   Thumb Code    24  stm32f4xx_usart.o(i.USART_Cmd)
    USART_Config                             0x080070c5   Thumb Code   138  uart.o(i.USART_Config)
    USART_GetFlagStatus                      0x08007159   Thumb Code    26  stm32f4xx_usart.o(i.USART_GetFlagStatus)
    USART_GetITStatus                        0x08007173   Thumb Code    84  stm32f4xx_usart.o(i.USART_GetITStatus)
    USART_ITConfig                           0x080071c7   Thumb Code    74  stm32f4xx_usart.o(i.USART_ITConfig)
    USART_Init                               0x08007211   Thumb Code   204  stm32f4xx_usart.o(i.USART_Init)
    USART_ReceiveData                        0x080072e5   Thumb Code    10  stm32f4xx_usart.o(i.USART_ReceiveData)
    USART_SendData                           0x080072ef   Thumb Code     8  stm32f4xx_usart.o(i.USART_SendData)
    UsageFault_Handler                       0x080072f7   Thumb Code     4  stm32f4xx_it.o(i.UsageFault_Handler)
    _MLPrintLog                              0x080072fb   Thumb Code   202  log_stm32.o(i._MLPrintLog)
    __0vsprintf                              0x080073c5   Thumb Code    30  printfa.o(i.__0vsprintf)
    __1vsprintf                              0x080073c5   Thumb Code     0  printfa.o(i.__0vsprintf)
    __2vsprintf                              0x080073c5   Thumb Code     0  printfa.o(i.__0vsprintf)
    __c89vsprintf                            0x080073c5   Thumb Code     0  printfa.o(i.__0vsprintf)
    vsprintf                                 0x080073c5   Thumb Code     0  printfa.o(i.__0vsprintf)
    __ARM_fpclassify                         0x080073e9   Thumb Code    48  fpclassify.o(i.__ARM_fpclassify)
    __ARM_fpclassifyf                        0x08007419   Thumb Code    38  fpclassifyf.o(i.__ARM_fpclassifyf)
    __hardfp_acosf                           0x08007441   Thumb Code   234  acosf.o(i.__hardfp_acosf)
    __hardfp_atan2f                          0x08007559   Thumb Code   502  atan2f.o(i.__hardfp_atan2f)
    __hardfp_cos                             0x080077a9   Thumb Code   180  cos.o(i.__hardfp_cos)
    __hardfp_cosf                            0x08007871   Thumb Code   280  cosf.o(i.__hardfp_cosf)
    __hardfp_fabs                            0x080079c1   Thumb Code    20  fabs.o(i.__hardfp_fabs)
    __hardfp_log                             0x080079d9   Thumb Code   872  log.o(i.__hardfp_log)
    __hardfp_sinf                            0x08007d9d   Thumb Code   344  sinf.o(i.__hardfp_sinf)
    __hardfp_sqrt                            0x08007f2d   Thumb Code   122  sqrt.o(i.__hardfp_sqrt)
    __hardfp_sqrtf                           0x08007fa7   Thumb Code    58  sqrtf.o(i.__hardfp_sqrtf)
    __ieee754_rem_pio2                       0x08007fe1   Thumb Code   938  rred.o(i.__ieee754_rem_pio2)
    __kernel_cos                             0x08008419   Thumb Code   322  cos_i.o(i.__kernel_cos)
    __kernel_poly                            0x08008589   Thumb Code   248  poly.o(i.__kernel_poly)
    __kernel_sin                             0x08008681   Thumb Code   280  sin_i.o(i.__kernel_sin)
    __mathlib_dbl_divzero                    0x080087b1   Thumb Code    28  dunder.o(i.__mathlib_dbl_divzero)
    __mathlib_dbl_infnan                     0x080087e1   Thumb Code    20  dunder.o(i.__mathlib_dbl_infnan)
    __mathlib_dbl_invalid                    0x080087f9   Thumb Code    24  dunder.o(i.__mathlib_dbl_invalid)
    __mathlib_dbl_underflow                  0x08008819   Thumb Code    24  dunder.o(i.__mathlib_dbl_underflow)
    __mathlib_flt_infnan                     0x08008839   Thumb Code     6  funder.o(i.__mathlib_flt_infnan)
    __mathlib_flt_infnan2                    0x0800883f   Thumb Code     6  funder.o(i.__mathlib_flt_infnan2)
    __mathlib_flt_invalid                    0x08008845   Thumb Code    10  funder.o(i.__mathlib_flt_invalid)
    __mathlib_flt_underflow                  0x08008855   Thumb Code    10  funder.o(i.__mathlib_flt_underflow)
    __mathlib_rredf2                         0x08008865   Thumb Code   316  rredf.o(i.__mathlib_rredf2)
    __scatterload_copy                       0x080089ed   Thumb Code    14  handlers.o(i.__scatterload_copy)
    __scatterload_null                       0x080089fb   Thumb Code     2  handlers.o(i.__scatterload_null)
    __scatterload_zeroinit                   0x080089fd   Thumb Code    14  handlers.o(i.__scatterload_zeroinit)
    __set_errno                              0x08008a0d   Thumb Code     6  errno.o(i.__set_errno)
    board_init                               0x08009995   Thumb Code   138  board-st_discovery.o(i.board_init)
    dmp_enable_6x_lp_quat                    0x08009bdd   Thumb Code    60  inv_mpu_dmp_motion_driver.o(i.dmp_enable_6x_lp_quat)
    dmp_enable_feature                       0x08009c19   Thumb Code   530  inv_mpu_dmp_motion_driver.o(i.dmp_enable_feature)
    dmp_enable_gyro_cal                      0x08009e35   Thumb Code    62  inv_mpu_dmp_motion_driver.o(i.dmp_enable_gyro_cal)
    dmp_enable_lp_quat                       0x08009e8d   Thumb Code    60  inv_mpu_dmp_motion_driver.o(i.dmp_enable_lp_quat)
    dmp_get_fifo_rate                        0x08009ec9   Thumb Code    12  inv_mpu_dmp_motion_driver.o(i.dmp_get_fifo_rate)
    dmp_get_pedometer_step_count             0x08009ed9   Thumb Code    66  inv_mpu_dmp_motion_driver.o(i.dmp_get_pedometer_step_count)
    dmp_get_pedometer_walk_time              0x08009f1b   Thumb Code    72  inv_mpu_dmp_motion_driver.o(i.dmp_get_pedometer_walk_time)
    dmp_load_motion_driver_firmware          0x08009f65   Thumb Code    20  inv_mpu_dmp_motion_driver.o(i.dmp_load_motion_driver_firmware)
    dmp_read_fifo                            0x08009f7d   Thumb Code   456  inv_mpu_dmp_motion_driver.o(i.dmp_read_fifo)
    dmp_register_android_orient_cb           0x0800a149   Thumb Code    10  inv_mpu_dmp_motion_driver.o(i.dmp_register_android_orient_cb)
    dmp_register_tap_cb                      0x0800a159   Thumb Code    10  inv_mpu_dmp_motion_driver.o(i.dmp_register_tap_cb)
    dmp_set_fifo_rate                        0x0800a169   Thumb Code    96  inv_mpu_dmp_motion_driver.o(i.dmp_set_fifo_rate)
    dmp_set_interrupt_mode                   0x0800a1d9   Thumb Code    66  inv_mpu_dmp_motion_driver.o(i.dmp_set_interrupt_mode)
    dmp_set_orientation                      0x0800a235   Thumb Code   290  inv_mpu_dmp_motion_driver.o(i.dmp_set_orientation)
    dmp_set_pedometer_step_count             0x0800a36d   Thumb Code    42  inv_mpu_dmp_motion_driver.o(i.dmp_set_pedometer_step_count)
    dmp_set_pedometer_walk_time              0x0800a397   Thumb Code    48  inv_mpu_dmp_motion_driver.o(i.dmp_set_pedometer_walk_time)
    dmp_set_shake_reject_thresh              0x0800a3c7   Thumb Code    56  inv_mpu_dmp_motion_driver.o(i.dmp_set_shake_reject_thresh)
    dmp_set_shake_reject_time                0x0800a3ff   Thumb Code    38  inv_mpu_dmp_motion_driver.o(i.dmp_set_shake_reject_time)
    dmp_set_shake_reject_timeout             0x0800a425   Thumb Code    38  inv_mpu_dmp_motion_driver.o(i.dmp_set_shake_reject_timeout)
    dmp_set_tap_axes                         0x0800a44b   Thumb Code    70  inv_mpu_dmp_motion_driver.o(i.dmp_set_tap_axes)
    dmp_set_tap_count                        0x0800a491   Thumb Code    38  inv_mpu_dmp_motion_driver.o(i.dmp_set_tap_count)
    dmp_set_tap_thresh                       0x0800a4b9   Thumb Code   412  inv_mpu_dmp_motion_driver.o(i.dmp_set_tap_thresh)
    dmp_set_tap_time                         0x0800a679   Thumb Code    38  inv_mpu_dmp_motion_driver.o(i.dmp_set_tap_time)
    dmp_set_tap_time_multi                   0x0800a69f   Thumb Code    38  inv_mpu_dmp_motion_driver.o(i.dmp_set_tap_time_multi)
    eMPL_send_data                           0x0800a6c5   Thumb Code   406  log_stm32.o(i.eMPL_send_data)
    eMPL_send_quat                           0x0800a85b   Thumb Code   188  log_stm32.o(i.eMPL_send_quat)
    fabs                                     0x0800a917   Thumb Code    24  fabs.o(i.fabs)
    fputc                                    0x0800a931   Thumb Code    32  uart.o(i.fputc)
    get_tick_count                           0x0800afd1   Thumb Code    12  board-st_discovery.o(i.get_tick_count)
    gyro_data_ready_cb                       0x0800b5d9   Thumb Code     8  main.o(i.gyro_data_ready_cb)
    inv_accel_was_turned_off                 0x0800b9fd   Thumb Code     8  data_builder.o(i.inv_accel_was_turned_off)
    inv_apply_calibration                    0x0800ba09   Thumb Code   106  data_builder.o(i.inv_apply_calibration)
    inv_build_accel                          0x0800ba75   Thumb Code   128  data_builder.o(i.inv_build_accel)
    inv_build_compass                        0x0800bb01   Thumb Code   168  data_builder.o(i.inv_build_compass)
    inv_build_gyro                           0x0800bbb1   Thumb Code    46  data_builder.o(i.inv_build_gyro)
    inv_build_quat                           0x0800bbe9   Thumb Code    56  data_builder.o(i.inv_build_quat)
    inv_build_temp                           0x0800bc29   Thumb Code    38  data_builder.o(i.inv_build_temp)
    inv_compass_angle                        0x0800bc55   Thumb Code   170  ml_math_func.o(i.inv_compass_angle)
    inv_compass_was_turned_off               0x0800bd05   Thumb Code    10  data_builder.o(i.inv_compass_was_turned_off)
    inv_convert_to_body_with_scale           0x0800bd15   Thumb Code   114  ml_math_func.o(i.inv_convert_to_body_with_scale)
    inv_disable_compass_soft_iron_matrix     0x0800bdf1   Thumb Code    10  data_builder.o(i.inv_disable_compass_soft_iron_matrix)
    inv_enable_eMPL_outputs                  0x0800be01   Thumb Code    22  empl_outputs.o(i.inv_enable_eMPL_outputs)
    inv_enable_results_holder                0x0800be1d   Thumb Code    26  results_holder.o(i.inv_enable_results_holder)
    inv_execute_mpl_start_notification       0x0800be3d   Thumb Code    40  start_manager.o(i.inv_execute_mpl_start_notification)
    inv_execute_on_data                      0x0800be69   Thumb Code   152  data_builder.o(i.inv_execute_on_data)
    inv_generate_results                     0x0800bff9   Thumb Code    12  results_holder.o(i.inv_generate_results)
    inv_get_6axis_quaternion                 0x0800c009   Thumb Code    18  results_holder.o(i.inv_get_6axis_quaternion)
    inv_get_acc_state                        0x0800c021   Thumb Code     6  results_holder.o(i.inv_get_acc_state)
    inv_get_accel_accuracy                   0x0800c02d   Thumb Code     6  data_builder.o(i.inv_get_accel_accuracy)
    inv_get_accel_on                         0x0800c039   Thumb Code    12  data_builder.o(i.inv_get_accel_on)
    inv_get_accel_set                        0x0800c049   Thumb Code    40  data_builder.o(i.inv_get_accel_set)
    inv_get_compass_bias                     0x0800c075   Thumb Code    18  data_builder.o(i.inv_get_compass_bias)
    inv_get_compass_correction               0x0800c08d   Thumb Code    20  results_holder.o(i.inv_get_compass_correction)
    inv_get_compass_on                       0x0800c0a5   Thumb Code    12  data_builder.o(i.inv_get_compass_on)
    inv_get_compass_set                      0x0800c0b5   Thumb Code    58  data_builder.o(i.inv_get_compass_set)
    inv_get_compass_soft_iron_output_data    0x0800c0f9   Thumb Code    24  data_builder.o(i.inv_get_compass_soft_iron_output_data)
    inv_get_compass_state                    0x0800c115   Thumb Code     6  results_holder.o(i.inv_get_compass_state)
    inv_get_gravity                          0x0800c121   Thumb Code    90  results_holder.o(i.inv_get_gravity)
    inv_get_gyro                             0x0800c181   Thumb Code    12  data_builder.o(i.inv_get_gyro)
    inv_get_gyro_accuracy                    0x0800c191   Thumb Code     6  data_builder.o(i.inv_get_gyro_accuracy)
    inv_get_gyro_bias                        0x0800c19d   Thumb Code    32  data_builder.o(i.inv_get_gyro_bias)
    inv_get_gyro_bias_tc_set                 0x0800c1c1   Thumb Code    26  data_builder.o(i.inv_get_gyro_bias_tc_set)
    inv_get_gyro_on                          0x0800c1e1   Thumb Code    10  data_builder.o(i.inv_get_gyro_on)
    inv_get_gyro_set                         0x0800c1f1   Thumb Code    34  data_builder.o(i.inv_get_gyro_set)
    inv_get_gyro_sum_of_sqr                  0x0800c219   Thumb Code    28  ml_math_func.o(i.inv_get_gyro_sum_of_sqr)
    inv_get_large_mag_field                  0x0800c235   Thumb Code     6  results_holder.o(i.inv_get_large_mag_field)
    inv_get_last_timestamp                   0x0800c241   Thumb Code    98  data_builder.o(i.inv_get_last_timestamp)
    inv_get_linear_accel                     0x0800c2a9   Thumb Code    60  results_holder.o(i.inv_get_linear_accel)
    inv_get_linear_accel_float               0x0800c2e5   Thumb Code    62  results_holder.o(i.inv_get_linear_accel_float)
    inv_get_local_field                      0x0800c329   Thumb Code    12  results_holder.o(i.inv_get_local_field)
    inv_get_mag_accuracy                     0x0800c339   Thumb Code    20  data_builder.o(i.inv_get_mag_accuracy)
    inv_get_message_level_0                  0x0800c355   Thumb Code    16  message_layer.o(i.inv_get_message_level_0)
    inv_get_motion_state                     0x0800c369   Thumb Code    16  results_holder.o(i.inv_get_motion_state)
    inv_get_quaternion                       0x0800c37d   Thumb Code    54  results_holder.o(i.inv_get_quaternion)
    inv_get_quaternion_set                   0x0800c3b9   Thumb Code    68  results_holder.o(i.inv_get_quaternion_set)
    inv_get_sensor_type_accel                0x0800c3fd   Thumb Code    36  empl_outputs.o(i.inv_get_sensor_type_accel)
    inv_get_sensor_type_compass              0x0800c425   Thumb Code    36  empl_outputs.o(i.inv_get_sensor_type_compass)
    inv_get_sensor_type_euler                0x0800c44d   Thumb Code   588  empl_outputs.o(i.inv_get_sensor_type_euler)
    inv_get_sensor_type_gravity              0x0800c6b5   Thumb Code   104  hal_outputs.o(i.inv_get_sensor_type_gravity)
    inv_get_sensor_type_gyro                 0x0800c725   Thumb Code    36  empl_outputs.o(i.inv_get_sensor_type_gyro)
    inv_get_sensor_type_heading              0x0800c74d   Thumb Code   178  empl_outputs.o(i.inv_get_sensor_type_heading)
    inv_get_sensor_type_linear_acceleration  0x0800c815   Thumb Code   122  hal_outputs.o(i.inv_get_sensor_type_linear_acceleration)
    inv_get_sensor_type_quat                 0x0800c895   Thumb Code    32  empl_outputs.o(i.inv_get_sensor_type_quat)
    inv_get_sensor_type_rot_mat              0x0800c8b9   Thumb Code    36  empl_outputs.o(i.inv_get_sensor_type_rot_mat)
    inv_got_compass_bias                     0x0800c8e1   Thumb Code     6  results_holder.o(i.inv_got_compass_bias)
    inv_gyro_was_turned_off                  0x0800c8ed   Thumb Code     8  data_builder.o(i.inv_gyro_was_turned_off)
    inv_init_data_builder                    0x0800c8f9   Thumb Code    42  data_builder.o(i.inv_init_data_builder)
    inv_init_mpl                             0x0800c949   Thumb Code   106  mpl.o(i.inv_init_mpl)
    inv_init_results_holder                  0x0800c9d1   Thumb Code    50  results_holder.o(i.inv_init_results_holder)
    inv_init_start_manager                   0x0800ca0d   Thumb Code    14  start_manager.o(i.inv_init_start_manager)
    inv_init_storage_manager                 0x0800ca21   Thumb Code    20  storage_manager.o(i.inv_init_storage_manager)
    inv_orientation_matrix_to_scalar         0x0800ca39   Thumb Code    40  ml_math_func.o(i.inv_orientation_matrix_to_scalar)
    inv_q29_mult                             0x0800ca61   Thumb Code    18  ml_math_func.o(i.inv_q29_mult)
    inv_q30_mult                             0x0800ca73   Thumb Code    18  ml_math_func.o(i.inv_q30_mult)
    inv_q_add                                0x0800ca9d   Thumb Code    36  ml_math_func.o(i.inv_q_add)
    inv_q_addf                               0x0800cac1   Thumb Code    66  ml_math_func.o(i.inv_q_addf)
    inv_q_invert                             0x0800cb03   Thumb Code    24  ml_math_func.o(i.inv_q_invert)
    inv_q_invertf                            0x0800cb1b   Thumb Code    46  ml_math_func.o(i.inv_q_invertf)
    inv_q_mult                               0x0800cb49   Thumb Code   178  ml_math_func.o(i.inv_q_mult)
    inv_q_multf                              0x0800cbfb   Thumb Code   210  ml_math_func.o(i.inv_q_multf)
    inv_q_norm4                              0x0800cccd   Thumb Code   162  ml_math_func.o(i.inv_q_norm4)
    inv_q_normalizef                         0x0800cd75   Thumb Code   302  ml_math_func.o(i.inv_q_normalizef)
    inv_q_rotate                             0x0800cea9   Thumb Code    66  ml_math_func.o(i.inv_q_rotate)
    inv_quaternion_sensor_was_turned_off     0x0800ceed   Thumb Code    10  data_builder.o(i.inv_quaternion_sensor_was_turned_off)
    inv_quaternion_to_rotation               0x0800cefd   Thumb Code   218  ml_math_func.o(i.inv_quaternion_to_rotation)
    inv_register_data_cb                     0x0800cfd9   Thumb Code   234  data_builder.o(i.inv_register_data_cb)
    inv_register_load_store                  0x0800d0d1   Thumb Code   138  storage_manager.o(i.inv_register_load_store)
    inv_register_mpl_start_notification      0x0800d161   Thumb Code    38  start_manager.o(i.inv_register_mpl_start_notification)
    inv_reset_compass_soft_iron_matrix       0x0800d18d   Thumb Code    80  data_builder.o(i.inv_reset_compass_soft_iron_matrix)
    inv_set_accel_accuracy                   0x0800d235   Thumb Code    26  data_builder.o(i.inv_set_accel_accuracy)
    inv_set_accel_bias                       0x0800d259   Thumb Code    64  data_builder.o(i.inv_set_accel_bias)
    inv_set_accel_bias_found                 0x0800d2a5   Thumb Code     6  results_holder.o(i.inv_set_accel_bias_found)
    inv_set_accel_bias_mask                  0x0800d2b1   Thumb Code    84  data_builder.o(i.inv_set_accel_bias_mask)
    inv_set_accel_orientation_and_scale      0x0800d311   Thumb Code    18  data_builder.o(i.inv_set_accel_orientation_and_scale)
    inv_set_accel_sample_rate                0x0800d329   Thumb Code    36  data_builder.o(i.inv_set_accel_sample_rate)
    inv_set_compass_bias                     0x0800d355   Thumb Code    66  data_builder.o(i.inv_set_compass_bias)
    inv_set_compass_bias_error               0x0800d3a1   Thumb Code    14  results_holder.o(i.inv_set_compass_bias_error)
    inv_set_compass_bias_found               0x0800d3b5   Thumb Code     6  results_holder.o(i.inv_set_compass_bias_found)
    inv_set_compass_correction               0x0800d3c1   Thumb Code    30  results_holder.o(i.inv_set_compass_correction)
    inv_set_compass_disturbance              0x0800d3e5   Thumb Code     8  data_builder.o(i.inv_set_compass_disturbance)
    inv_set_compass_orientation_and_scale    0x0800d3f1   Thumb Code    18  data_builder.o(i.inv_set_compass_orientation_and_scale)
    inv_set_compass_sample_rate              0x0800d409   Thumb Code    40  data_builder.o(i.inv_set_compass_sample_rate)
    inv_set_compass_soft_iron_input_data     0x0800d439   Thumb Code    74  data_builder.o(i.inv_set_compass_soft_iron_input_data)
    inv_set_compass_state                    0x0800d48d   Thumb Code     6  results_holder.o(i.inv_set_compass_state)
    inv_set_gyro_bias                        0x0800d5b9   Thumb Code   102  data_builder.o(i.inv_set_gyro_bias)
    inv_set_gyro_orientation_and_scale       0x0800d62d   Thumb Code    18  data_builder.o(i.inv_set_gyro_orientation_and_scale)
    inv_set_gyro_sample_rate                 0x0800d645   Thumb Code    32  data_builder.o(i.inv_set_gyro_sample_rate)
    inv_set_message                          0x0800d66d   Thumb Code    24  message_layer.o(i.inv_set_message)
    inv_set_motion_state                     0x0800d689   Thumb Code    74  results_holder.o(i.inv_set_motion_state)
    inv_set_quat_sample_rate                 0x0800d6d9   Thumb Code    22  data_builder.o(i.inv_set_quat_sample_rate)
    inv_start_mpl                            0x0800d709   Thumb Code    38  mpl.o(i.inv_start_mpl)
    inv_start_results_holder                 0x0800d74d   Thumb Code    18  results_holder.o(i.inv_start_results_holder)
    inv_store_gaming_quaternion              0x0800d765   Thumb Code    30  results_holder.o(i.inv_store_gaming_quaternion)
    inv_unregister_data_cb                   0x0800d789   Thumb Code    96  data_builder.o(i.inv_unregister_data_cb)
    inv_unregister_mpl_start_notification    0x0800d7ed   Thumb Code    92  start_manager.o(i.inv_unregister_mpl_start_notification)
    main                                     0x0800d84d   Thumb Code   922  main.o(i.main)
    mdelay                                   0x0800dc71   Thumb Code    16  board-st_discovery.o(i.mdelay)
    mlMatrixVectorMult                       0x0800dc85   Thumb Code    62  ml_math_func.o(i.mlMatrixVectorMult)
    mpu_configure_fifo                       0x0800dcc5   Thumb Code   106  inv_mpu.o(i.mpu_configure_fifo)
    mpu_get_accel_fsr                        0x0800dd35   Thumb Code    72  inv_mpu.o(i.mpu_get_accel_fsr)
    mpu_get_accel_reg                        0x0800dd81   Thumb Code   110  inv_mpu.o(i.mpu_get_accel_reg)
    mpu_get_accel_sens                       0x0800ddf5   Thumb Code    78  inv_mpu.o(i.mpu_get_accel_sens)
    mpu_get_compass_fsr                      0x0800de49   Thumb Code    14  inv_mpu.o(i.mpu_get_compass_fsr)
    mpu_get_compass_reg                      0x0800de5d   Thumb Code   202  inv_mpu.o(i.mpu_get_compass_reg)
    mpu_get_fifo_config                      0x0800df2d   Thumb Code    12  inv_mpu.o(i.mpu_get_fifo_config)
    mpu_get_gyro_fsr                         0x0800df3d   Thumb Code    64  inv_mpu.o(i.mpu_get_gyro_fsr)
    mpu_get_gyro_sens                        0x0800df81   Thumb Code    74  inv_mpu.o(i.mpu_get_gyro_sens)
    mpu_get_lpf                              0x0800dfe1   Thumb Code    74  inv_mpu.o(i.mpu_get_lpf)
    mpu_get_sample_rate                      0x0800e031   Thumb Code    26  inv_mpu.o(i.mpu_get_sample_rate)
    mpu_get_temperature                      0x0800e051   Thumb Code   142  inv_mpu.o(i.mpu_get_temperature)
    mpu_init                                 0x0800e0ed   Thumb Code   294  inv_mpu.o(i.mpu_init)
    mpu_load_firmware                        0x0800e219   Thumb Code   180  inv_mpu.o(i.mpu_load_firmware)
    mpu_lp_accel_mode                        0x0800e2d1   Thumb Code   280  inv_mpu.o(i.mpu_lp_accel_mode)
    mpu_lp_motion_interrupt                  0x0800e3ed   Thumb Code   606  inv_mpu.o(i.mpu_lp_motion_interrupt)
    mpu_read_fifo                            0x0800e651   Thumb Code   500  inv_mpu.o(i.mpu_read_fifo)
    mpu_read_fifo_stream                     0x0800e849   Thumb Code   186  inv_mpu.o(i.mpu_read_fifo_stream)
    mpu_read_mem                             0x0800e909   Thumb Code   122  inv_mpu.o(i.mpu_read_mem)
    mpu_reg_dump                             0x0800e989   Thumb Code    90  inv_mpu.o(i.mpu_reg_dump)
    mpu_reset_fifo                           0x0800e9f9   Thumb Code   450  inv_mpu.o(i.mpu_reset_fifo)
    mpu_run_6500_self_test                   0x0800ebc1   Thumb Code   420  inv_mpu.o(i.mpu_run_6500_self_test)
    mpu_set_accel_fsr                        0x0800ee81   Thumb Code   126  inv_mpu.o(i.mpu_set_accel_fsr)
    mpu_set_bypass                           0x0800ef05   Thumb Code   328  inv_mpu.o(i.mpu_set_bypass)
    mpu_set_compass_sample_rate              0x0800f051   Thumb Code    92  inv_mpu.o(i.mpu_set_compass_sample_rate)
    mpu_set_dmp_state                        0x0800f0b1   Thumb Code   138  inv_mpu.o(i.mpu_set_dmp_state)
    mpu_set_gyro_fsr                         0x0800f141   Thumb Code   132  inv_mpu.o(i.mpu_set_gyro_fsr)
    mpu_set_int_latched                      0x0800f1c9   Thumb Code   102  inv_mpu.o(i.mpu_set_int_latched)
    mpu_set_lpf                              0x0800f235   Thumb Code   126  inv_mpu.o(i.mpu_set_lpf)
    mpu_set_sample_rate                      0x0800f2b9   Thumb Code   174  inv_mpu.o(i.mpu_set_sample_rate)
    mpu_set_sensors                          0x0800f36d   Thumb Code   354  inv_mpu.o(i.mpu_set_sensors)
    mpu_write_mem                            0x0800f4d5   Thumb Code   122  inv_mpu.o(i.mpu_write_mem)
    send_status_compass                      0x0800fa49   Thumb Code   162  main.o(i.send_status_compass)
    set_sensor_orientation_and_scale         0x0800fbad   Thumb Code     6  data_builder.o(i.set_sensor_orientation_and_scale)
    sqrtf                                    0x0800fe81   Thumb Code    62  sqrtf.o(i.sqrtf)
    reg                                      0x0800ff6c   Data          42  inv_mpu.o(.constdata)
    hw                                       0x0800ff96   Data          14  inv_mpu.o(.constdata)
    test                                     0x0800ffa4   Data          48  inv_mpu.o(.constdata)
    ml_ver                                   0x08010dca   Data          20  mpl.o(.constdata)
    __mathlib_zero                           0x08010e68   Data           8  qnan.o(.constdata)
    Region$$Table$$Base                      0x08010fd0   Number         0  anon$$obj.o(Region$$Table)
    Region$$Table$$Limit                     0x08010ff0   Number         0  anon$$obj.o(Region$$Table)
    g_ul_ms_ticks                            0x2000003c   Data           4  board-st_discovery.o(.data)
    idle_time                                0x20000044   Data           4  board-st_discovery.o(.data)
    IC2Value                                 0x20000048   Data           2  stm32f4xx_it.o(.data)
    DutyCycle                                0x2000004a   Data           2  stm32f4xx_it.o(.data)
    Frequency                                0x2000004c   Data           4  stm32f4xx_it.o(.data)
    SystemCoreClock                          0x20000050   Data           4  system_stm32f4xx.o(.data)
    AHBPrescTable                            0x20000054   Data          16  system_stm32f4xx.o(.data)
    hal_timestamp                            0x20000078   Data           4  main.o(.data)
    rx_new                                   0x2000007c   Data           1  main.o(.data)
    mpl_key                                  0x20000080   Data           4  main.o(.data)
    cb                                       0x20000718   Data         232  compass_vec_cal.o(.bss)
    cb_test                                  0x20000800   Data         232  compass_vec_cal.o(.bss)
    cb_sim                                   0x200008e8   Data         232  compass_vec_cal.o(.bss)
    vc                                       0x200009d0   Data         424  compass_vec_cal.o(.bss)
    fnm                                      0x20000b78   Data         608  fast_no_motion.o(.bss)
    s9axis                                   0x20000e18   Data         312  fusion_9axis.o(.bss)
    mag_disturb                              0x20001114   Data         184  mag_disturb.o(.bss)
    __initial_sp                             0x20002cf0   Data           0  startup_stm32f40xx.o(STACK)



==============================================================================

Memory Map of the image

  Image Entry point : 0x08000189

  Load Region LR_IROM1 (Base: 0x08000000, Size: 0x0001109c, Max: 0x00100000, ABSOLUTE)

    Execution Region ER_IROM1 (Base: 0x08000000, Size: 0x00010ff0, Max: 0x00100000, ABSOLUTE)

    Base Addr    Size         Type   Attr      Idx    E Section Name        Object

    0x08000000   0x00000188   Data   RO         2368    RESET               startup_stm32f40xx.o
    0x08000188   0x00000000   Code   RO         7197  * .ARM.Collect$$$$00000000  mc_w.l(entry.o)
    0x08000188   0x00000004   Code   RO         7320    .ARM.Collect$$$$00000001  mc_w.l(entry2.o)
    0x0800018c   0x00000004   Code   RO         7323    .ARM.Collect$$$$00000004  mc_w.l(entry5.o)
    0x08000190   0x00000000   Code   RO         7325    .ARM.Collect$$$$00000008  mc_w.l(entry7b.o)
    0x08000190   0x00000000   Code   RO         7327    .ARM.Collect$$$$0000000A  mc_w.l(entry8b.o)
    0x08000190   0x00000008   Code   RO         7328    .ARM.Collect$$$$0000000B  mc_w.l(entry9a.o)
    0x08000198   0x00000000   Code   RO         7330    .ARM.Collect$$$$0000000D  mc_w.l(entry10a.o)
    0x08000198   0x00000000   Code   RO         7332    .ARM.Collect$$$$0000000F  mc_w.l(entry11a.o)
    0x08000198   0x00000004   Code   RO         7321    .ARM.Collect$$$$00002712  mc_w.l(entry2.o)
    0x0800019c   0x00000024   Code   RO         2369    .text               startup_stm32f40xx.o
    0x080001c0   0x000024f0   Code   RO         6757    .text               libmpllib.lib(compass_vec_cal.o)
    0x080026b0   0x00000a18   Code   RO         6847    .text               libmpllib.lib(fast_no_motion.o)
    0x080030c8   0x000006b0   Code   RO         6880    .text               libmpllib.lib(fusion_9axis.o)
    0x08003778   0x000004c4   Code   RO         6902    .text               libmpllib.lib(gyro_tc.o)
    0x08003c3c   0x000005c0   Code   RO         6920    .text               libmpllib.lib(mag_disturb.o)
    0x080041fc   0x00000994   Code   RO         6942    .text               libmpllib.lib(quaternion_supervisor.o)
    0x08004b90   0x00000c44   Code   RO         6960    .text               libmpllib.lib(accel_auto_cal.o)
    0x080057d4   0x00000062   Code   RO         7200    .text               mc_w.l(ldiv.o)
    0x08005836   0x0000001e   Code   RO         7202    .text               mc_w.l(llshl.o)
    0x08005854   0x00000024   Code   RO         7204    .text               mc_w.l(llsshr.o)
    0x08005878   0x00000040   Code   RO         7208    .text               mc_w.l(memmovea.o)
    0x080058b8   0x00000024   Code   RO         7210    .text               mc_w.l(memseta.o)
    0x080058dc   0x0000001a   Code   RO         7212    .text               mc_w.l(memcmp.o)
    0x080058f6   0x0000014e   Code   RO         7246    .text               mf_w.l(dadd.o)
    0x08005a44   0x000000e4   Code   RO         7248    .text               mf_w.l(dmul.o)
    0x08005b28   0x000000de   Code   RO         7250    .text               mf_w.l(ddiv.o)
    0x08005c06   0x0000002c   Code   RO         7252    .text               mf_w.l(ffltl.o)
    0x08005c32   0x00000022   Code   RO         7254    .text               mf_w.l(dflti.o)
    0x08005c54   0x00000042   Code   RO         7256    .text               mf_w.l(ffixl.o)
    0x08005c96   0x0000003e   Code   RO         7258    .text               mf_w.l(dfixi.o)
    0x08005cd4   0x00000026   Code   RO         7260    .text               mf_w.l(f2d.o)
    0x08005cfa   0x00000002   PAD
    0x08005cfc   0x00000030   Code   RO         7262    .text               mf_w.l(cdcmple.o)
    0x08005d2c   0x00000030   Code   RO         7264    .text               mf_w.l(cdrcmple.o)
    0x08005d5c   0x00000038   Code   RO         7266    .text               mf_w.l(d2f.o)
    0x08005d94   0x0000002c   Code   RO         7335    .text               mc_w.l(uidiv.o)
    0x08005dc0   0x00000062   Code   RO         7337    .text               mc_w.l(uldiv.o)
    0x08005e22   0x00000020   Code   RO         7339    .text               mc_w.l(llushr.o)
    0x08005e42   0x00000000   Code   RO         7348    .text               mc_w.l(iusefp.o)
    0x08005e42   0x0000006e   Code   RO         7349    .text               mf_w.l(fepilogue.o)
    0x08005eb0   0x000000ba   Code   RO         7351    .text               mf_w.l(depilogue.o)
    0x08005f6a   0x000000a2   Code   RO         7357    .text               mf_w.l(dsqrt.o)
    0x0800600c   0x00000030   Code   RO         7359    .text               mf_w.l(dfixul.o)
    0x0800603c   0x00000024   Code   RO         7361    .text               mc_w.l(init.o)
    0x08006060   0x0000001a   Code   RO         7363    .text               mf_w.l(dfltui.o)
    0x0800607a   0x00000004   Code   RO         2256    i.BusFault_Handler  stm32f4xx_it.o
    0x0800607e   0x00000002   Code   RO         2257    i.DebugMon_Handler  stm32f4xx_it.o
    0x08006080   0x0000000e   Code   RO         2258    i.EXTI1_IRQHandler  stm32f4xx_it.o
    0x0800608e   0x00000002   PAD
    0x08006090   0x0000000c   Code   RO         3658    i.EXTI_ClearITPendingBit  stm32f4xx_exti.o
    0x0800609c   0x00000094   Code   RO         3663    i.EXTI_Init         stm32f4xx_exti.o
    0x08006130   0x00000078   Code   RO         2378    i.GPIO_Config       gpio.o
    0x080061a8   0x00000090   Code   RO         4054    i.GPIO_Init         stm32f4xx_gpio.o
    0x08006238   0x00000046   Code   RO         4055    i.GPIO_PinAFConfig  stm32f4xx_gpio.o
    0x0800627e   0x00000002   PAD
    0x08006280   0x0000000c   Code   RO         2421    i.Get_I2C_Retry     i2c.o
    0x0800628c   0x00000018   Code   RO         4336    i.I2C_AcknowledgeConfig  stm32f4xx_i2c.o
    0x080062a4   0x0000000c   Code   RO         4339    i.I2C_ClearFlag     stm32f4xx_i2c.o
    0x080062b0   0x00000018   Code   RO         4341    i.I2C_Cmd           stm32f4xx_i2c.o
    0x080062c8   0x00000060   Code   RO         4344    i.I2C_DeInit        stm32f4xx_i2c.o
    0x08006328   0x00000018   Code   RO         4348    i.I2C_GenerateSTART  stm32f4xx_i2c.o
    0x08006340   0x00000018   Code   RO         4349    i.I2C_GenerateSTOP  stm32f4xx_i2c.o
    0x08006358   0x0000003a   Code   RO         4350    i.I2C_GetFlagStatus  stm32f4xx_i2c.o
    0x08006392   0x00000002   PAD
    0x08006394   0x000000e8   Code   RO         4355    i.I2C_Init          stm32f4xx_i2c.o
    0x0800647c   0x00000016   Code   RO         4359    i.I2C_ReadRegister  stm32f4xx_i2c.o
    0x08006492   0x00000008   Code   RO         4360    i.I2C_ReceiveData   stm32f4xx_i2c.o
    0x0800649a   0x00000010   Code   RO         4362    i.I2C_Send7bitAddress  stm32f4xx_i2c.o
    0x080064aa   0x00000004   Code   RO         4363    i.I2C_SendData      stm32f4xx_i2c.o
    0x080064ae   0x00000016   Code   RO         4364    i.I2C_SoftwareResetCmd  stm32f4xx_i2c.o
    0x080064c4   0x00000068   Code   RO         2422    i.I2Cx_TIMEOUT_UserCallback  i2c.o
    0x0800652c   0x000000a8   Code   RO         2423    i.I2cMaster_Init    i2c.o
    0x080065d4   0x00000004   Code   RO         2259    i.MemManage_Handler  stm32f4xx_it.o
    0x080065d8   0x00000002   Code   RO         2260    i.NMI_Handler       stm32f4xx_it.o
    0x080065da   0x00000002   PAD
    0x080065dc   0x00000078   Code   RO         2518    i.NVIC_Init         misc.o
    0x08006654   0x0000000c   Code   RO         4605    i.PWR_BackupAccessCmd  stm32f4xx_pwr.o
    0x08006660   0x00000020   Code   RO         4695    i.RCC_AHB1PeriphClockCmd  stm32f4xx_rcc.o
    0x08006680   0x00000020   Code   RO         4704    i.RCC_APB1PeriphClockCmd  stm32f4xx_rcc.o
    0x080066a0   0x00000020   Code   RO         4706    i.RCC_APB1PeriphResetCmd  stm32f4xx_rcc.o
    0x080066c0   0x00000020   Code   RO         4707    i.RCC_APB2PeriphClockCmd  stm32f4xx_rcc.o
    0x080066e0   0x0000000c   Code   RO         4711    i.RCC_BackupResetCmd  stm32f4xx_rcc.o
    0x080066ec   0x000000e8   Code   RO         4716    i.RCC_GetClocksFreq  stm32f4xx_rcc.o
    0x080067d4   0x000003c4   Code   RO         2424    i.ST_Sensors_I2C_ReadRegister  i2c.o
    0x08006b98   0x0000014c   Code   RO         2425    i.ST_Sensors_I2C_WriteRegister  i2c.o
    0x08006ce4   0x00000002   Code   RO         2261    i.SVC_Handler       stm32f4xx_it.o
    0x08006ce6   0x00000002   PAD
    0x08006ce8   0x00000040   Code   RO         5772    i.SYSCFG_EXTILineConfig  stm32f4xx_syscfg.o
    0x08006d28   0x0000004c   Code   RO         2426    i.Sensors_I2C_ReadRegister  i2c.o
    0x08006d74   0x0000004c   Code   RO         2427    i.Sensors_I2C_WriteRegister  i2c.o
    0x08006dc0   0x000000ec   Code   RO         2328    i.SetSysClock       system_stm32f4xx.o
    0x08006eac   0x0000000c   Code   RO         2428    i.Set_I2C_Retry     i2c.o
    0x08006eb8   0x0000000c   Code   RO         2131    i.SysTick_Handler   board-st_discovery.o
    0x08006ec4   0x000000c0   Code   RO         2329    i.SystemCoreClockUpdate  system_stm32f4xx.o
    0x08006f84   0x00000068   Code   RO         2330    i.SystemInit        system_stm32f4xx.o
    0x08006fec   0x00000064   Code   RO         2262    i.TIM4_IRQHandler   stm32f4xx_it.o
    0x08007050   0x00000006   Code   RO         5834    i.TIM_ClearITPendingBit  stm32f4xx_tim.o
    0x08007056   0x00000006   Code   RO         5854    i.TIM_GetCapture1   stm32f4xx_tim.o
    0x0800705c   0x00000006   Code   RO         5855    i.TIM_GetCapture2   stm32f4xx_tim.o
    0x08007062   0x00000002   PAD
    0x08007064   0x00000010   Code   RO         2132    i.TimeStamp_Increment  board-st_discovery.o
    0x08007074   0x00000018   Code   RO         2133    i.TimingDelay_Decrement  board-st_discovery.o
    0x0800708c   0x0000001e   Code   RO         6390    i.USART_ClearITPendingBit  stm32f4xx_usart.o
    0x080070aa   0x00000018   Code   RO         6393    i.USART_Cmd         stm32f4xx_usart.o
    0x080070c2   0x00000002   PAD
    0x080070c4   0x00000094   Code   RO         2488    i.USART_Config      uart.o
    0x08007158   0x0000001a   Code   RO         6396    i.USART_GetFlagStatus  stm32f4xx_usart.o
    0x08007172   0x00000054   Code   RO         6397    i.USART_GetITStatus  stm32f4xx_usart.o
    0x080071c6   0x0000004a   Code   RO         6399    i.USART_ITConfig    stm32f4xx_usart.o
    0x08007210   0x000000d4   Code   RO         6400    i.USART_Init        stm32f4xx_usart.o
    0x080072e4   0x0000000a   Code   RO         6407    i.USART_ReceiveData  stm32f4xx_usart.o
    0x080072ee   0x00000008   Code   RO         6410    i.USART_SendData    stm32f4xx_usart.o
    0x080072f6   0x00000004   Code   RO         2263    i.UsageFault_Handler  stm32f4xx_it.o
    0x080072fa   0x000000ca   Code   RO          680    i._MLPrintLog       log_stm32.o
    0x080073c4   0x00000024   Code   RO         7225    i.__0vsprintf       mc_w.l(printfa.o)
    0x080073e8   0x00000030   Code   RO         7285    i.__ARM_fpclassify  m_wm.l(fpclassify.o)
    0x08007418   0x00000026   Code   RO         7287    i.__ARM_fpclassifyf  m_wm.l(fpclassifyf.o)
    0x0800743e   0x00000002   PAD
    0x08007440   0x00000118   Code   RO         7003    i.__hardfp_acosf    m_wm.l(acosf.o)
    0x08007558   0x00000250   Code   RO         7067    i.__hardfp_atan2f   m_wm.l(atan2f.o)
    0x080077a8   0x000000c8   Code   RO         7085    i.__hardfp_cos      m_wm.l(cos.o)
    0x08007870   0x00000150   Code   RO         7097    i.__hardfp_cosf     m_wm.l(cosf.o)
    0x080079c0   0x00000014   Code   RO         7109    i.__hardfp_fabs     m_wm.l(fabs.o)
    0x080079d4   0x00000004   PAD
    0x080079d8   0x000003c4   Code   RO         7121    i.__hardfp_log      m_wm.l(log.o)
    0x08007d9c   0x00000190   Code   RO         7161    i.__hardfp_sinf     m_wm.l(sinf.o)
    0x08007f2c   0x0000007a   Code   RO         7173    i.__hardfp_sqrt     m_wm.l(sqrt.o)
    0x08007fa6   0x0000003a   Code   RO         7185    i.__hardfp_sqrtf    m_wm.l(sqrtf.o)
    0x08007fe0   0x00000438   Code   RO         7306    i.__ieee754_rem_pio2  m_wm.l(rred.o)
    0x08008418   0x00000170   Code   RO         7268    i.__kernel_cos      m_wm.l(cos_i.o)
    0x08008588   0x000000f8   Code   RO         7303    i.__kernel_poly     m_wm.l(poly.o)
    0x08008680   0x00000130   Code   RO         7314    i.__kernel_sin      m_wm.l(sin_i.o)
    0x080087b0   0x00000030   Code   RO         7271    i.__mathlib_dbl_divzero  m_wm.l(dunder.o)
    0x080087e0   0x00000014   Code   RO         7272    i.__mathlib_dbl_infnan  m_wm.l(dunder.o)
    0x080087f4   0x00000004   PAD
    0x080087f8   0x00000020   Code   RO         7274    i.__mathlib_dbl_invalid  m_wm.l(dunder.o)
    0x08008818   0x00000020   Code   RO         7277    i.__mathlib_dbl_underflow  m_wm.l(dunder.o)
    0x08008838   0x00000006   Code   RO         7290    i.__mathlib_flt_infnan  m_wm.l(funder.o)
    0x0800883e   0x00000006   Code   RO         7291    i.__mathlib_flt_infnan2  m_wm.l(funder.o)
    0x08008844   0x00000010   Code   RO         7292    i.__mathlib_flt_invalid  m_wm.l(funder.o)
    0x08008854   0x00000010   Code   RO         7295    i.__mathlib_flt_underflow  m_wm.l(funder.o)
    0x08008864   0x00000154   Code   RO         7311    i.__mathlib_rredf2  m_wm.l(rredf.o)
    0x080089b8   0x00000034   Code   RO         1780    i.__print_result_location  mpl.o
    0x080089ec   0x0000000e   Code   RO         7367    i.__scatterload_copy  mc_w.l(handlers.o)
    0x080089fa   0x00000002   Code   RO         7368    i.__scatterload_null  mc_w.l(handlers.o)
    0x080089fc   0x0000000e   Code   RO         7369    i.__scatterload_zeroinit  mc_w.l(handlers.o)
    0x08008a0a   0x00000002   PAD
    0x08008a0c   0x0000000c   Code   RO         7343    i.__set_errno       mc_w.l(errno.o)
    0x08008a18   0x00000164   Code   RO         7226    i._fp_digits        mc_w.l(printfa.o)
    0x08008b7c   0x000006dc   Code   RO         7227    i._printf_core      mc_w.l(printfa.o)
    0x08009258   0x00000024   Code   RO         7228    i._printf_post_padding  mc_w.l(printfa.o)
    0x0800927c   0x0000002e   Code   RO         7229    i._printf_pre_padding  mc_w.l(printfa.o)
    0x080092aa   0x0000000a   Code   RO         7231    i._sputc            mc_w.l(printfa.o)
    0x080092b4   0x00000654   Code   RO            4    i.accel_6500_self_test  inv_mpu.o
    0x08009908   0x0000008c   Code   RO         6647    i.android_orient_cb  main.o
    0x08009994   0x00000098   Code   RO         2134    i.board_init        board-st_discovery.o
    0x08009a2c   0x0000014c   Code   RO            5    i.compass_self_test  inv_mpu.o
    0x08009b78   0x00000064   Code   RO          479    i.decode_gesture    inv_mpu_dmp_motion_driver.o
    0x08009bdc   0x0000003c   Code   RO          480    i.dmp_enable_6x_lp_quat  inv_mpu_dmp_motion_driver.o
    0x08009c18   0x0000021c   Code   RO          481    i.dmp_enable_feature  inv_mpu_dmp_motion_driver.o
    0x08009e34   0x00000058   Code   RO          482    i.dmp_enable_gyro_cal  inv_mpu_dmp_motion_driver.o
    0x08009e8c   0x0000003c   Code   RO          483    i.dmp_enable_lp_quat  inv_mpu_dmp_motion_driver.o
    0x08009ec8   0x00000010   Code   RO          485    i.dmp_get_fifo_rate  inv_mpu_dmp_motion_driver.o
    0x08009ed8   0x00000042   Code   RO          486    i.dmp_get_pedometer_step_count  inv_mpu_dmp_motion_driver.o
    0x08009f1a   0x00000048   Code   RO          487    i.dmp_get_pedometer_walk_time  inv_mpu_dmp_motion_driver.o
    0x08009f62   0x00000002   PAD
    0x08009f64   0x00000018   Code   RO          488    i.dmp_load_motion_driver_firmware  inv_mpu_dmp_motion_driver.o
    0x08009f7c   0x000001cc   Code   RO          489    i.dmp_read_fifo     inv_mpu_dmp_motion_driver.o
    0x0800a148   0x00000010   Code   RO          490    i.dmp_register_android_orient_cb  inv_mpu_dmp_motion_driver.o
    0x0800a158   0x00000010   Code   RO          491    i.dmp_register_tap_cb  inv_mpu_dmp_motion_driver.o
    0x0800a168   0x00000070   Code   RO          493    i.dmp_set_fifo_rate  inv_mpu_dmp_motion_driver.o
    0x0800a1d8   0x0000005c   Code   RO          495    i.dmp_set_interrupt_mode  inv_mpu_dmp_motion_driver.o
    0x0800a234   0x00000138   Code   RO          496    i.dmp_set_orientation  inv_mpu_dmp_motion_driver.o
    0x0800a36c   0x0000002a   Code   RO          497    i.dmp_set_pedometer_step_count  inv_mpu_dmp_motion_driver.o
    0x0800a396   0x00000030   Code   RO          498    i.dmp_set_pedometer_walk_time  inv_mpu_dmp_motion_driver.o
    0x0800a3c6   0x00000038   Code   RO          499    i.dmp_set_shake_reject_thresh  inv_mpu_dmp_motion_driver.o
    0x0800a3fe   0x00000026   Code   RO          500    i.dmp_set_shake_reject_time  inv_mpu_dmp_motion_driver.o
    0x0800a424   0x00000026   Code   RO          501    i.dmp_set_shake_reject_timeout  inv_mpu_dmp_motion_driver.o
    0x0800a44a   0x00000046   Code   RO          502    i.dmp_set_tap_axes  inv_mpu_dmp_motion_driver.o
    0x0800a490   0x00000026   Code   RO          503    i.dmp_set_tap_count  inv_mpu_dmp_motion_driver.o
    0x0800a4b6   0x00000002   PAD
    0x0800a4b8   0x000001c0   Code   RO          504    i.dmp_set_tap_thresh  inv_mpu_dmp_motion_driver.o
    0x0800a678   0x00000026   Code   RO          505    i.dmp_set_tap_time  inv_mpu_dmp_motion_driver.o
    0x0800a69e   0x00000026   Code   RO          506    i.dmp_set_tap_time_multi  inv_mpu_dmp_motion_driver.o
    0x0800a6c4   0x00000196   Code   RO          681    i.eMPL_send_data    log_stm32.o
    0x0800a85a   0x000000bc   Code   RO          682    i.eMPL_send_quat    log_stm32.o
    0x0800a916   0x00000018   Code   RO         7111    i.fabs              m_wm.l(fabs.o)
    0x0800a92e   0x00000002   PAD
    0x0800a930   0x00000024   Code   RO         2489    i.fputc             uart.o
    0x0800a954   0x0000067c   Code   RO            6    i.get_st_6500_biases  inv_mpu.o
    0x0800afd0   0x00000010   Code   RO         2135    i.get_tick_count    board-st_discovery.o
    0x0800afe0   0x000005f8   Code   RO            8    i.gyro_6500_self_test  inv_mpu.o
    0x0800b5d8   0x0000000c   Code   RO         6648    i.gyro_data_ready_cb  main.o
    0x0800b5e4   0x00000418   Code   RO         6649    i.handle_input      main.o
    0x0800b9fc   0x0000000c   Code   RO          834    i.inv_accel_was_turned_off  data_builder.o
    0x0800ba08   0x0000006a   Code   RO          835    i.inv_apply_calibration  data_builder.o
    0x0800ba72   0x00000002   PAD
    0x0800ba74   0x0000008c   Code   RO          836    i.inv_build_accel   data_builder.o
    0x0800bb00   0x000000b0   Code   RO          837    i.inv_build_compass  data_builder.o
    0x0800bbb0   0x00000038   Code   RO          838    i.inv_build_gyro    data_builder.o
    0x0800bbe8   0x00000040   Code   RO          839    i.inv_build_quat    data_builder.o
    0x0800bc28   0x0000002c   Code   RO          840    i.inv_build_temp    data_builder.o
    0x0800bc54   0x000000b0   Code   RO         1420    i.inv_compass_angle  ml_math_func.o
    0x0800bd04   0x00000010   Code   RO          841    i.inv_compass_was_turned_off  data_builder.o
    0x0800bd14   0x00000072   Code   RO         1422    i.inv_convert_to_body_with_scale  ml_math_func.o
    0x0800bd86   0x00000002   PAD
    0x0800bd88   0x00000050   Code   RO          842    i.inv_db_load_func  data_builder.o
    0x0800bdd8   0x00000018   Code   RO          843    i.inv_db_save_func  data_builder.o
    0x0800bdf0   0x00000010   Code   RO          844    i.inv_disable_compass_soft_iron_matrix  data_builder.o
    0x0800be00   0x0000001c   Code   RO          732    i.inv_enable_eMPL_outputs  empl_outputs.o
    0x0800be1c   0x00000020   Code   RO         1818    i.inv_enable_results_holder  results_holder.o
    0x0800be3c   0x0000002c   Code   RO         2053    i.inv_execute_mpl_start_notification  start_manager.o
    0x0800be68   0x000000a0   Code   RO          846    i.inv_execute_on_data  data_builder.o
    0x0800bf08   0x000000f0   Code   RO          733    i.inv_generate_eMPL_outputs  empl_outputs.o
    0x0800bff8   0x00000010   Code   RO         1819    i.inv_generate_results  results_holder.o
    0x0800c008   0x00000018   Code   RO         1820    i.inv_get_6axis_quaternion  results_holder.o
    0x0800c020   0x0000000c   Code   RO         1821    i.inv_get_acc_state  results_holder.o
    0x0800c02c   0x0000000c   Code   RO          847    i.inv_get_accel_accuracy  data_builder.o
    0x0800c038   0x00000010   Code   RO          849    i.inv_get_accel_on  data_builder.o
    0x0800c048   0x0000002c   Code   RO          853    i.inv_get_accel_set  data_builder.o
    0x0800c074   0x00000018   Code   RO          854    i.inv_get_compass_bias  data_builder.o
    0x0800c08c   0x00000018   Code   RO         1825    i.inv_get_compass_correction  results_holder.o
    0x0800c0a4   0x00000010   Code   RO          856    i.inv_get_compass_on  data_builder.o
    0x0800c0b4   0x00000044   Code   RO          859    i.inv_get_compass_set  data_builder.o
    0x0800c0f8   0x0000001c   Code   RO          863    i.inv_get_compass_soft_iron_output_data  data_builder.o
    0x0800c114   0x0000000c   Code   RO         1826    i.inv_get_compass_state  results_holder.o
    0x0800c120   0x00000060   Code   RO         1827    i.inv_get_gravity   results_holder.o
    0x0800c180   0x00000010   Code   RO          864    i.inv_get_gyro      data_builder.o
    0x0800c190   0x0000000c   Code   RO          865    i.inv_get_gyro_accuracy  data_builder.o
    0x0800c19c   0x00000024   Code   RO          866    i.inv_get_gyro_bias  data_builder.o
    0x0800c1c0   0x00000020   Code   RO          867    i.inv_get_gyro_bias_tc_set  data_builder.o
    0x0800c1e0   0x00000010   Code   RO          868    i.inv_get_gyro_on   data_builder.o
    0x0800c1f0   0x00000028   Code   RO          872    i.inv_get_gyro_set  data_builder.o
    0x0800c218   0x0000001c   Code   RO         1426    i.inv_get_gyro_sum_of_sqr  ml_math_func.o
    0x0800c234   0x0000000c   Code   RO         1830    i.inv_get_large_mag_field  results_holder.o
    0x0800c240   0x00000068   Code   RO          874    i.inv_get_last_timestamp  data_builder.o
    0x0800c2a8   0x0000003c   Code   RO         1831    i.inv_get_linear_accel  results_holder.o
    0x0800c2e4   0x00000044   Code   RO         1832    i.inv_get_linear_accel_float  results_holder.o
    0x0800c328   0x00000010   Code   RO         1833    i.inv_get_local_field  results_holder.o
    0x0800c338   0x0000001c   Code   RO          875    i.inv_get_mag_accuracy  data_builder.o
    0x0800c354   0x00000014   Code   RO         1394    i.inv_get_message_level_0  message_layer.o
    0x0800c368   0x00000014   Code   RO         1835    i.inv_get_motion_state  results_holder.o
    0x0800c37c   0x0000003c   Code   RO         1836    i.inv_get_quaternion  results_holder.o
    0x0800c3b8   0x00000044   Code   RO         1838    i.inv_get_quaternion_set  results_holder.o
    0x0800c3fc   0x00000028   Code   RO          734    i.inv_get_sensor_type_accel  empl_outputs.o
    0x0800c424   0x00000028   Code   RO          735    i.inv_get_sensor_type_compass  empl_outputs.o
    0x0800c44c   0x00000268   Code   RO          736    i.inv_get_sensor_type_euler  empl_outputs.o
    0x0800c6b4   0x00000070   Code   RO         1293    i.inv_get_sensor_type_gravity  hal_outputs.o
    0x0800c724   0x00000028   Code   RO          737    i.inv_get_sensor_type_gyro  empl_outputs.o
    0x0800c74c   0x000000c8   Code   RO          738    i.inv_get_sensor_type_heading  empl_outputs.o
    0x0800c814   0x00000080   Code   RO         1296    i.inv_get_sensor_type_linear_acceleration  hal_outputs.o
    0x0800c894   0x00000024   Code   RO          739    i.inv_get_sensor_type_quat  empl_outputs.o
    0x0800c8b8   0x00000028   Code   RO          740    i.inv_get_sensor_type_rot_mat  empl_outputs.o
    0x0800c8e0   0x0000000c   Code   RO         1840    i.inv_got_compass_bias  results_holder.o
    0x0800c8ec   0x0000000c   Code   RO          877    i.inv_gyro_was_turned_off  data_builder.o
    0x0800c8f8   0x0000003c   Code   RO          878    i.inv_init_data_builder  data_builder.o
    0x0800c934   0x00000014   Code   RO          741    i.inv_init_eMPL_outputs  empl_outputs.o
    0x0800c948   0x00000088   Code   RO         1782    i.inv_init_mpl      mpl.o
    0x0800c9d0   0x0000003c   Code   RO         1841    i.inv_init_results_holder  results_holder.o
    0x0800ca0c   0x00000014   Code   RO         2054    i.inv_init_start_manager  start_manager.o
    0x0800ca20   0x00000018   Code   RO         2087    i.inv_init_storage_manager  storage_manager.o
    0x0800ca38   0x00000028   Code   RO         1435    i.inv_orientation_matrix_to_scalar  ml_math_func.o
    0x0800ca60   0x00000012   Code   RO         1436    i.inv_q29_mult      ml_math_func.o
    0x0800ca72   0x00000012   Code   RO         1438    i.inv_q30_mult      ml_math_func.o
    0x0800ca84   0x00000018   Code   RO         1440    i.inv_q30_to_float  ml_math_func.o
    0x0800ca9c   0x00000024   Code   RO         1441    i.inv_q_add         ml_math_func.o
    0x0800cac0   0x00000042   Code   RO         1442    i.inv_q_addf        ml_math_func.o
    0x0800cb02   0x00000018   Code   RO         1443    i.inv_q_invert      ml_math_func.o
    0x0800cb1a   0x0000002e   Code   RO         1444    i.inv_q_invertf     ml_math_func.o
    0x0800cb48   0x000000b2   Code   RO         1445    i.inv_q_mult        ml_math_func.o
    0x0800cbfa   0x000000d2   Code   RO         1446    i.inv_q_multf       ml_math_func.o
    0x0800cccc   0x000000a8   Code   RO         1447    i.inv_q_norm4       ml_math_func.o
    0x0800cd74   0x00000134   Code   RO         1449    i.inv_q_normalizef  ml_math_func.o
    0x0800cea8   0x00000042   Code   RO         1450    i.inv_q_rotate      ml_math_func.o
    0x0800ceea   0x00000002   PAD
    0x0800ceec   0x00000010   Code   RO          880    i.inv_quaternion_sensor_was_turned_off  data_builder.o
    0x0800cefc   0x000000da   Code   RO         1452    i.inv_quaternion_to_rotation  ml_math_func.o
    0x0800cfd6   0x00000002   PAD
    0x0800cfd8   0x000000f8   Code   RO          881    i.inv_register_data_cb  data_builder.o
    0x0800d0d0   0x00000090   Code   RO         2089    i.inv_register_load_store  storage_manager.o
    0x0800d160   0x0000002c   Code   RO         2055    i.inv_register_mpl_start_notification  start_manager.o
    0x0800d18c   0x00000058   Code   RO          882    i.inv_reset_compass_soft_iron_matrix  data_builder.o
    0x0800d1e4   0x0000004e   Code   RO         1454    i.inv_row_2_scale   ml_math_func.o
    0x0800d232   0x00000002   PAD
    0x0800d234   0x00000024   Code   RO          883    i.inv_set_accel_accuracy  data_builder.o
    0x0800d258   0x0000004c   Code   RO          885    i.inv_set_accel_bias  data_builder.o
    0x0800d2a4   0x0000000c   Code   RO         1844    i.inv_set_accel_bias_found  results_holder.o
    0x0800d2b0   0x00000060   Code   RO          886    i.inv_set_accel_bias_mask  data_builder.o
    0x0800d310   0x00000018   Code   RO          887    i.inv_set_accel_orientation_and_scale  data_builder.o
    0x0800d328   0x0000002c   Code   RO          888    i.inv_set_accel_sample_rate  data_builder.o
    0x0800d354   0x0000004c   Code   RO          890    i.inv_set_compass_bias  data_builder.o
    0x0800d3a0   0x00000014   Code   RO         1845    i.inv_set_compass_bias_error  results_holder.o
    0x0800d3b4   0x0000000c   Code   RO         1846    i.inv_set_compass_bias_found  results_holder.o
    0x0800d3c0   0x00000024   Code   RO         1847    i.inv_set_compass_correction  results_holder.o
    0x0800d3e4   0x0000000c   Code   RO          891    i.inv_set_compass_disturbance  data_builder.o
    0x0800d3f0   0x00000018   Code   RO          892    i.inv_set_compass_orientation_and_scale  data_builder.o
    0x0800d408   0x00000030   Code   RO          893    i.inv_set_compass_sample_rate  data_builder.o
    0x0800d438   0x00000054   Code   RO          894    i.inv_set_compass_soft_iron_input_data  data_builder.o
    0x0800d48c   0x0000000c   Code   RO         1848    i.inv_set_compass_state  results_holder.o
    0x0800d498   0x00000120   Code   RO          897    i.inv_set_contiguous  data_builder.o
    0x0800d5b8   0x00000074   Code   RO          899    i.inv_set_gyro_bias  data_builder.o
    0x0800d62c   0x00000018   Code   RO          900    i.inv_set_gyro_orientation_and_scale  data_builder.o
    0x0800d644   0x00000028   Code   RO          901    i.inv_set_gyro_sample_rate  data_builder.o
    0x0800d66c   0x0000001c   Code   RO         1395    i.inv_set_message   message_layer.o
    0x0800d688   0x00000050   Code   RO         1853    i.inv_set_motion_state  results_holder.o
    0x0800d6d8   0x0000001c   Code   RO          902    i.inv_set_quat_sample_rate  data_builder.o
    0x0800d6f4   0x00000014   Code   RO          742    i.inv_start_eMPL_outputs  empl_outputs.o
    0x0800d708   0x00000044   Code   RO         1783    i.inv_start_mpl     mpl.o
    0x0800d74c   0x00000018   Code   RO         1854    i.inv_start_results_holder  results_holder.o
    0x0800d764   0x00000024   Code   RO         1855    i.inv_store_gaming_quaternion  results_holder.o
    0x0800d788   0x00000064   Code   RO          904    i.inv_unregister_data_cb  data_builder.o
    0x0800d7ec   0x00000060   Code   RO         2056    i.inv_unregister_mpl_start_notification  start_manager.o
    0x0800d84c   0x00000424   Code   RO         6650    i.main              main.o
    0x0800dc70   0x00000014   Code   RO         2136    i.mdelay            board-st_discovery.o
    0x0800dc84   0x0000003e   Code   RO         1459    i.mlMatrixVectorMult  ml_math_func.o
    0x0800dcc2   0x00000002   PAD
    0x0800dcc4   0x00000070   Code   RO            9    i.mpu_configure_fifo  inv_mpu.o
    0x0800dd34   0x0000004c   Code   RO           10    i.mpu_get_accel_fsr  inv_mpu.o
    0x0800dd80   0x00000074   Code   RO           11    i.mpu_get_accel_reg  inv_mpu.o
    0x0800ddf4   0x00000054   Code   RO           12    i.mpu_get_accel_sens  inv_mpu.o
    0x0800de48   0x00000014   Code   RO           13    i.mpu_get_compass_fsr  inv_mpu.o
    0x0800de5c   0x000000d0   Code   RO           14    i.mpu_get_compass_reg  inv_mpu.o
    0x0800df2c   0x00000010   Code   RO           17    i.mpu_get_fifo_config  inv_mpu.o
    0x0800df3c   0x00000044   Code   RO           18    i.mpu_get_gyro_fsr  inv_mpu.o
    0x0800df80   0x00000060   Code   RO           20    i.mpu_get_gyro_sens  inv_mpu.o
    0x0800dfe0   0x00000050   Code   RO           22    i.mpu_get_lpf       inv_mpu.o
    0x0800e030   0x00000020   Code   RO           24    i.mpu_get_sample_rate  inv_mpu.o
    0x0800e050   0x0000009c   Code   RO           25    i.mpu_get_temperature  inv_mpu.o
    0x0800e0ec   0x0000012c   Code   RO           26    i.mpu_init          inv_mpu.o
    0x0800e218   0x000000b8   Code   RO           27    i.mpu_load_firmware  inv_mpu.o
    0x0800e2d0   0x0000011c   Code   RO           28    i.mpu_lp_accel_mode  inv_mpu.o
    0x0800e3ec   0x00000264   Code   RO           29    i.mpu_lp_motion_interrupt  inv_mpu.o
    0x0800e650   0x000001f8   Code   RO           33    i.mpu_read_fifo     inv_mpu.o
    0x0800e848   0x000000c0   Code   RO           34    i.mpu_read_fifo_stream  inv_mpu.o
    0x0800e908   0x00000080   Code   RO           35    i.mpu_read_mem      inv_mpu.o
    0x0800e988   0x00000070   Code   RO           37    i.mpu_reg_dump      inv_mpu.o
    0x0800e9f8   0x000001c8   Code   RO           38    i.mpu_reset_fifo    inv_mpu.o
    0x0800ebc0   0x000002c0   Code   RO           39    i.mpu_run_6500_self_test  inv_mpu.o
    0x0800ee80   0x00000084   Code   RO           43    i.mpu_set_accel_fsr  inv_mpu.o
    0x0800ef04   0x0000014c   Code   RO           44    i.mpu_set_bypass    inv_mpu.o
    0x0800f050   0x00000060   Code   RO           45    i.mpu_set_compass_sample_rate  inv_mpu.o
    0x0800f0b0   0x00000090   Code   RO           46    i.mpu_set_dmp_state  inv_mpu.o
    0x0800f140   0x00000088   Code   RO           48    i.mpu_set_gyro_fsr  inv_mpu.o
    0x0800f1c8   0x0000006c   Code   RO           49    i.mpu_set_int_latched  inv_mpu.o
    0x0800f234   0x00000084   Code   RO           51    i.mpu_set_lpf       inv_mpu.o
    0x0800f2b8   0x000000b4   Code   RO           52    i.mpu_set_sample_rate  inv_mpu.o
    0x0800f36c   0x00000168   Code   RO           53    i.mpu_set_sensors   inv_mpu.o
    0x0800f4d4   0x00000080   Code   RO           54    i.mpu_write_mem     inv_mpu.o
    0x0800f554   0x000002b4   Code   RO         6651    i.read_from_mpl     main.o
    0x0800f808   0x00000240   Code   RO         6652    i.run_self_test     main.o
    0x0800fa48   0x000000d4   Code   RO         6653    i.send_status_compass  main.o
    0x0800fb1c   0x00000090   Code   RO           55    i.set_int_enable    inv_mpu.o
    0x0800fbac   0x00000006   Code   RO          905    i.set_sensor_orientation_and_scale  data_builder.o
    0x0800fbb2   0x00000002   PAD
    0x0800fbb4   0x00000258   Code   RO           56    i.setup_compass     inv_mpu.o
    0x0800fe0c   0x00000074   Code   RO         6654    i.setup_gyro        main.o
    0x0800fe80   0x0000003e   Code   RO         7187    i.sqrtf             m_wm.l(sqrtf.o)
    0x0800febe   0x00000002   PAD
    0x0800fec0   0x000000ac   Code   RO         6655    i.tap_cb            main.o
    0x0800ff6c   0x00000268   Data   RO           57    .constdata          inv_mpu.o
    0x080101d4   0x00000bf6   Data   RO          508    .constdata          inv_mpu_dmp_motion_driver.o
    0x08010dca   0x0000002f   Data   RO         1784    .constdata          mpl.o
    0x08010df9   0x00000007   PAD
    0x08010e00   0x00000038   Data   RO         7124    .constdata          m_wm.l(log.o)
    0x08010e38   0x00000030   Data   RO         7269    .constdata          m_wm.l(cos_i.o)
    0x08010e68   0x00000008   Data   RO         7305    .constdata          m_wm.l(qnan.o)
    0x08010e70   0x000000c8   Data   RO         7308    .constdata          m_wm.l(rred.o)
    0x08010f38   0x00000020   Data   RO         7312    .constdata          m_wm.l(rredf.o)
    0x08010f58   0x00000028   Data   RO         7315    .constdata          m_wm.l(sin_i.o)
    0x08010f80   0x00000044   Data   RO          907    .conststring        data_builder.o
    0x08010fc4   0x00000009   Data   RO         6657    .conststring        main.o
    0x08010fcd   0x00000003   PAD
    0x08010fd0   0x00000020   Data   RO         7365    Region$$Table       anon$$obj.o


    Execution Region RW_IRAM1 (Base: 0x20000000, Size: 0x00002cf0, Max: 0x00020000, ABSOLUTE)

    Base Addr    Size         Type   Attr      Idx    E Section Name        Object

    0x20000000   0x00000038   Data   RW           58    .data               inv_mpu.o
    0x20000038   0x00000004   Data   RW         1396    .data               message_layer.o
    0x2000003c   0x0000000c   Data   RW         2137    .data               board-st_discovery.o
    0x20000048   0x00000008   Data   RW         2264    .data               stm32f4xx_it.o
    0x20000050   0x00000014   Data   RW         2331    .data               system_stm32f4xx.o
    0x20000064   0x00000002   Data   RW         2429    .data               i2c.o
    0x20000066   0x00000010   Data   RW         4739    .data               stm32f4xx_rcc.o
    0x20000076   0x00000002   PAD
    0x20000078   0x0000001e   Data   RW         6658    .data               main.o
    0x20000096   0x00000002   PAD
    0x20000098   0x00000010   Data   RW         6759    .data               libmpllib.lib(compass_vec_cal.o)
    0x200000a8   0x00000004   Data   RW         7344    .data               mc_w.l(errno.o)
    0x200000ac   0x00000010   Zero   RW          507    .bss                inv_mpu_dmp_motion_driver.o
    0x200000bc   0x00000028   Zero   RW          744    .bss                empl_outputs.o
    0x200000e4   0x000002d8   Zero   RW          906    .bss                data_builder.o
    0x200003bc   0x000000c4   Zero   RW         1303    .bss                hal_outputs.o
    0x20000480   0x00000088   Zero   RW         1856    .bss                results_holder.o
    0x20000508   0x00000054   Zero   RW         2057    .bss                start_manager.o
    0x2000055c   0x00000198   Zero   RW         2091    .bss                storage_manager.o
    0x200006f4   0x00000024   Zero   RW         6656    .bss                main.o
    0x20000718   0x00000460   Zero   RW         6758    .bss                libmpllib.lib(compass_vec_cal.o)
    0x20000b78   0x000002a0   Zero   RW         6848    .bss                libmpllib.lib(fast_no_motion.o)
    0x20000e18   0x00000138   Zero   RW         6881    .bss                libmpllib.lib(fusion_9axis.o)
    0x20000f50   0x000001c4   Zero   RW         6903    .bss                libmpllib.lib(gyro_tc.o)
    0x20001114   0x000000b8   Zero   RW         6921    .bss                libmpllib.lib(mag_disturb.o)
    0x200011cc   0x0000006c   Zero   RW         6943    .bss                libmpllib.lib(quaternion_supervisor.o)
    0x20001238   0x000004b8   Zero   RW         6961    .bss                libmpllib.lib(accel_auto_cal.o)
    0x200016f0   0x00001600   Zero   RW         2366    STACK               startup_stm32f40xx.o


==============================================================================

Image component sizes


      Code (inc. data)   RO Data    RW Data    ZI Data      Debug   Object Name

       240         32          0         12          0      30904   board-st_discovery.o
      2932        348         68          0        728      32319   data_builder.o
      1320         90          0          0         40      13090   empl_outputs.o
       120          4          0          0          0        686   gpio.o
       240         14          0          0        196       2936   hal_outputs.o
      1744         58          0          2          0       8477   i2c.o
     12172       1568        616         56          0     337617   inv_mpu.o
      2888        166       3062          0         16      26771   inv_mpu_dmp_motion_driver.o
       796         18          0          0          0       6380   log_stm32.o
      4028        734          9         30         36      10033   main.o
        48          8          0          4          0       1852   message_layer.o
       120         14          0          0          0       1128   misc.o
      1878         24          0          0          0      14413   ml_math_func.o
       256         84         47          0          0       2600   mpl.o
       824        128          0          0        136      16033   results_holder.o
       204         20          0          0         84       3380   start_manager.o
        36          8        392          0       5632        868   startup_stm32f40xx.o
       160         12          0          0          0       1673   stm32f4xx_exti.o
       214          0          0          0          0       1939   stm32f4xx_gpio.o
       566         28          0          0          0       9110   stm32f4xx_i2c.o
       132         16          0          8          0       4919   stm32f4xx_it.o
        12          6          0          0          0        582   stm32f4xx_pwr.o
       372         48          0         16          0       5885   stm32f4xx_rcc.o
        64          4          0          0          0        704   stm32f4xx_syscfg.o
        18          0          0          0          0       2468   stm32f4xx_tim.o
       468          8          0          0          0       6623   stm32f4xx_usart.o
       168         10          0          0        408       2501   storage_manager.o
       532         54          0         20          0       2665   system_stm32f4xx.o
       184         14          0          0          0       1279   uart.o

    ----------------------------------------------------------------------
     32768       3518       4236        152       7276     549835   Object Totals
         0          0         32          0          0          0   (incl. Generated)
        32          0         10          4          0          0   (incl. Padding)

    ----------------------------------------------------------------------

      Code (inc. data)   RO Data    RW Data    ZI Data      Debug   Library Member Name

      3140        190          0          0       1208       9672   accel_auto_cal.o
      9456        298          0         16       1120      19892   compass_vec_cal.o
      2584         42          0          0        672      13744   fast_no_motion.o
      1712         72          0          0        312       5636   fusion_9axis.o
      1220         32          0          0        452       5735   gyro_tc.o
      1472         48          0          0        184       7614   mag_disturb.o
      2452        130          0          0        108       5637   quaternion_supervisor.o
       280         46          0          0          0        176   acosf.o
       592         90          0          0          0        184   atan2f.o
       200         20          0          0          0        164   cos.o
       368         46         48          0          0        200   cos_i.o
       336         56          0          0          0        136   cosf.o
       132         36          0          0          0        496   dunder.o
        44          0          0          0          0        248   fabs.o
        48          0          0          0          0        124   fpclassify.o
        38          0          0          0          0        116   fpclassifyf.o
        44         12          0          0          0        464   funder.o
       964         92         56          0          0        316   log.o
       248          0          0          0          0        152   poly.o
         0          0          8          0          0          0   qnan.o
      1080        142        200          0          0        188   rred.o
       340         24         32          0          0        160   rredf.o
       304         24         40          0          0        208   sin_i.o
       400         56          0          0          0        212   sinf.o
       122          0          0          0          0        148   sqrt.o
       120          0          0          0          0        272   sqrtf.o
         0          0          0          0          0          0   entry.o
         0          0          0          0          0          0   entry10a.o
         0          0          0          0          0          0   entry11a.o
         8          4          0          0          0          0   entry2.o
         4          0          0          0          0          0   entry5.o
         0          0          0          0          0          0   entry7b.o
         0          0          0          0          0          0   entry8b.o
         8          4          0          0          0          0   entry9a.o
        12          6          0          4          0         68   errno.o
        30          0          0          0          0          0   handlers.o
        36          8          0          0          0         68   init.o
         0          0          0          0          0          0   iusefp.o
        98          0          0          0          0         84   ldiv.o
        30          0          0          0          0         68   llshl.o
        36          0          0          0          0         68   llsshr.o
        32          0          0          0          0         68   llushr.o
        26          0          0          0          0         80   memcmp.o
        64          0          0          0          0         76   memmovea.o
        36          0          0          0          0        108   memseta.o
      2240         86          0          0          0        508   printfa.o
        44          0          0          0          0         80   uidiv.o
        98          0          0          0          0         92   uldiv.o
        48          0          0          0          0         68   cdcmple.o
        48          0          0          0          0         68   cdrcmple.o
        56          0          0          0          0         88   d2f.o
       334          0          0          0          0        148   dadd.o
       222          0          0          0          0        100   ddiv.o
       186          0          0          0          0        176   depilogue.o
        62          0          0          0          0         80   dfixi.o
        48          0          0          0          0         68   dfixul.o
        34          0          0          0          0         76   dflti.o
        26          0          0          0          0         76   dfltui.o
       228          0          0          0          0         96   dmul.o
       162          0          0          0          0        100   dsqrt.o
        38          0          0          0          0         68   f2d.o
       110          0          0          0          0        168   fepilogue.o
        66          0          0          0          0         76   ffixl.o
        44          0          0          0          0         92   ffltl.o

    ----------------------------------------------------------------------
     32228       1564        384         20       4056      74810   Library Totals
        18          0          0          0          0          0   (incl. Padding)

    ----------------------------------------------------------------------

      Code (inc. data)   RO Data    RW Data    ZI Data      Debug   Library Name

     22036        812          0         16       4056      67930   libmpllib.lib
      5660        644        384          0          0       3964   m_wm.l
      2802        108          0          4          0       1368   mc_w.l
      1712          0          0          0          0       1548   mf_w.l

    ----------------------------------------------------------------------
     32228       1564        384         20       4056      74810   Library Totals

    ----------------------------------------------------------------------

==============================================================================


      Code (inc. data)   RO Data    RW Data    ZI Data      Debug   

     64996       5082       4620        172      11332     594189   Grand Totals
     64996       5082       4620        172      11332     594189   ELF Image Totals
     64996       5082       4620        172          0          0   ROM Totals

==============================================================================

    Total RO  Size (Code + RO Data)                69616 (  67.98kB)
    Total RW  Size (RW Data + ZI Data)             11504 (  11.23kB)
    Total ROM Size (Code + RO Data + RW Data)      69788 (  68.15kB)

==============================================================================

