Component: ARM Compiler 5.06 update 2 (build 183) Tool: armlink [4d35b7]

==============================================================================

Section Cross References

    main.o(i.inv_orientation_matrix_to_scalar) refers to main.o(i.inv_row_2_scale) for inv_row_2_scale
    main.o(i.main) refers to _printf_percent.o(.ARM.Collect$$_printf_percent$$00000000) for _printf_percent
    main.o(i.main) refers to _printf_f.o(.ARM.Collect$$_printf_percent$$00000003) for _printf_f
    main.o(i.main) refers to printf1.o(x$fpl$printf1) for _printf_fp_dec
    main.o(i.main) refers to delay.o(i.delay_init) for delay_init
    main.o(i.main) refers to usart.o(i.uart_init) for uart_init
    main.o(i.main) refers to led.o(i.LED_Init) for LED_Init
    main.o(i.main) refers to myiic.o(i.IIC_Init) for IIC_Init
    main.o(i.main) refers to delay.o(i.delay_ms) for delay_ms
    main.o(i.main) refers to inv_mpu.o(i.mpu_init) for mpu_init
    main.o(i.main) refers to noretval__2printf.o(.text) for __2printf
    main.o(i.main) refers to inv_mpu.o(i.mpu_set_sensors) for mpu_set_sensors
    main.o(i.main) refers to inv_mpu.o(i.mpu_configure_fifo) for mpu_configure_fifo
    main.o(i.main) refers to inv_mpu.o(i.mpu_set_sample_rate) for mpu_set_sample_rate
    main.o(i.main) refers to inv_mpu_dmp_motion_driver.o(i.dmp_load_motion_driver_firmware) for dmp_load_motion_driver_firmware
    main.o(i.main) refers to main.o(i.inv_orientation_matrix_to_scalar) for inv_orientation_matrix_to_scalar
    main.o(i.main) refers to inv_mpu_dmp_motion_driver.o(i.dmp_set_orientation) for dmp_set_orientation
    main.o(i.main) refers to inv_mpu_dmp_motion_driver.o(i.dmp_enable_feature) for dmp_enable_feature
    main.o(i.main) refers to inv_mpu_dmp_motion_driver.o(i.dmp_set_fifo_rate) for dmp_set_fifo_rate
    main.o(i.main) refers to main.o(i.run_self_test) for run_self_test
    main.o(i.main) refers to inv_mpu.o(i.mpu_set_dmp_state) for mpu_set_dmp_state
    main.o(i.main) refers to inv_mpu_dmp_motion_driver.o(i.dmp_read_fifo) for dmp_read_fifo
    main.o(i.main) refers to fflt_clz.o(x$fpl$fflt) for __aeabi_i2f
    main.o(i.main) refers to fdiv.o(x$fpl$fdiv) for __aeabi_fdiv
    main.o(i.main) refers to fmul.o(x$fpl$fmul) for __aeabi_fmul
    main.o(i.main) refers to faddsub_clz.o(x$fpl$fadd) for __aeabi_fadd
    main.o(i.main) refers to f2d.o(x$fpl$f2d) for __aeabi_f2d
    main.o(i.main) refers to asin.o(i.asin) for asin
    main.o(i.main) refers to dmul.o(x$fpl$dmul) for __aeabi_dmul
    main.o(i.main) refers to daddsub_clz.o(x$fpl$dadd) for __aeabi_dadd
    main.o(i.main) refers to d2f.o(x$fpl$d2f) for __aeabi_d2f
    main.o(i.main) refers to main.o(.data) for gyro_orientation
    main.o(i.main) refers to main.o(.bss) for quat
    main.o(i.main) refers to faddsub_clz.o(x$fpl$fsub) for __aeabi_fsub
    main.o(i.main) refers to atan2.o(i.atan2) for atan2
    main.o(i.main) refers to main.o(i.xdelay_ms) for xdelay_ms
    main.o(i.run_self_test) refers to inv_mpu.o(i.mpu_run_self_test) for mpu_run_self_test
    main.o(i.run_self_test) refers to inv_mpu.o(i.mpu_get_gyro_sens) for mpu_get_gyro_sens
    main.o(i.run_self_test) refers to fflt_clz.o(x$fpl$fflt) for __aeabi_i2f
    main.o(i.run_self_test) refers to fmul.o(x$fpl$fmul) for __aeabi_fmul
    main.o(i.run_self_test) refers to ffix.o(x$fpl$ffix) for __aeabi_f2iz
    main.o(i.run_self_test) refers to inv_mpu_dmp_motion_driver.o(i.dmp_set_gyro_bias) for dmp_set_gyro_bias
    main.o(i.run_self_test) refers to inv_mpu.o(i.mpu_get_accel_sens) for mpu_get_accel_sens
    main.o(i.run_self_test) refers to inv_mpu_dmp_motion_driver.o(i.dmp_set_accel_bias) for dmp_set_accel_bias
    main.o(i.run_self_test) refers to noretval__2printf.o(.text) for __2printf
    main.o(i.xdelay_ms) refers to main.o(i.xdelay_us) for xdelay_us
    stm32f10x_it.o(i.USART1_IRQHandler) refers to stm32f10x_usart.o(i.USART_GetITStatus) for USART_GetITStatus
    stm32f10x_it.o(i.USART1_IRQHandler) refers to stm32f10x_usart.o(i.USART_ReceiveData) for USART_ReceiveData
    stm32f10x_it.o(i.USART1_IRQHandler) refers to usart.o(.data) for USART_RX_STA
    stm32f10x_it.o(i.USART1_IRQHandler) refers to usart.o(.bss) for USART_RX_BUF
    system_stm32f10x.o(i.SetSysClock) refers to system_stm32f10x.o(i.SetSysClockTo72) for SetSysClockTo72
    system_stm32f10x.o(i.SystemCoreClockUpdate) refers to system_stm32f10x.o(.data) for SystemCoreClock
    system_stm32f10x.o(i.SystemInit) refers to system_stm32f10x.o(i.SetSysClock) for SetSysClock
    led.o(i.LED_Init) refers to stm32f10x_rcc.o(i.RCC_APB2PeriphClockCmd) for RCC_APB2PeriphClockCmd
    led.o(i.LED_Init) refers to stm32f10x_gpio.o(i.GPIO_Init) for GPIO_Init
    led.o(i.LED_Init) refers to stm32f10x_gpio.o(i.GPIO_SetBits) for GPIO_SetBits
    lcd.o(i.LCD_Clear) refers to lcd.o(i.LCD_SetCursor) for LCD_SetCursor
    lcd.o(i.LCD_Clear) refers to lcd.o(i.LCD_WriteRAM_Prepare) for LCD_WriteRAM_Prepare
    lcd.o(i.LCD_Clear) refers to lcd.o(.bss) for lcddev
[...]
    .text                                    0x08000c14   Section       74  sys_stackheap_outer.o(.text)
    .text                                    0x08000c5e   Section        0  exit.o(.text)
    .text                                    0x08000c70   Section      128  strcmpv7m.o(.text)
    CL$$btod_d2e                             0x08000cf0   Section       62  btod.o(CL$$btod_d2e)
    CL$$btod_d2e_denorm_low                  0x08000d2e   Section       70  btod.o(CL$$btod_d2e_denorm_low)
    CL$$btod_d2e_norm_op1                    0x08000d74   Section       96  btod.o(CL$$btod_d2e_norm_op1)
    CL$$btod_div_common                      0x08000dd4   Section      824  btod.o(CL$$btod_div_common)
    CL$$btod_e2e                             0x0800110c   Section      198  btod.o(CL$$btod_e2e)
    CL$$btod_ediv                            0x080011d2   Section       40  btod.o(CL$$btod_ediv)
    CL$$btod_emul                            0x080011fa   Section       40  btod.o(CL$$btod_emul)
    CL$$btod_mult_common                     0x08001222   Section      580  btod.o(CL$$btod_mult_common)
    i.BusFault_Handler                       0x08001466   Section        0  stm32f10x_it.o(i.BusFault_Handler)
    i.DebugMon_Handler                       0x0800146a   Section        0  stm32f10x_it.o(i.DebugMon_Handler)
    i.GPIO_Init                              0x0800146c   Section        0  stm32f10x_gpio.o(i.GPIO_Init)
    i.GPIO_SetBits                           0x08001582   Section        0  stm32f10x_gpio.o(i.GPIO_SetBits)
    i.HardFault_Handler                      0x08001586   Section        0  stm32f10x_it.o(i.HardFault_Handler)
    i.IIC_Ack                                0x0800158c   Section        0  myiic.o(i.IIC_Ack)
    i.IIC_Init                               0x080015dc   Section        0  myiic.o(i.IIC_Init)
    i.IIC_NAck                               0x0800161c   Section        0  myiic.o(i.IIC_NAck)
    i.IIC_Read_Byte                          0x0800166c   Section        0  myiic.o(i.IIC_Read_Byte)
    i.IIC_Send_Byte                          0x080016d0   Section        0  myiic.o(i.IIC_Send_Byte)
    i.IIC_Start                              0x08001738   Section        0  myiic.o(i.IIC_Start)
    i.IIC_Stop                               0x08001784   Section        0  myiic.o(i.IIC_Stop)
    i.IIC_Wait_Ack                           0x080017d0   Section        0  myiic.o(i.IIC_Wait_Ack)
    i.LED_Init                               0x08001834   Section        0  led.o(i.LED_Init)
    i.MemManage_Handler                      0x08001884   Section        0  stm32f10x_it.o(i.MemManage_Handler)
    i.NMI_Handler                            0x08001888   Section        0  stm32f10x_it.o(i.NMI_Handler)
    i.NVIC_Config                            0x0800188a   Section        0  nvic.o(i.NVIC_Config)
    i.NVIC_Init                              0x080018a4   Section        0  misc.o(i.NVIC_Init)
    i.NVIC_PriorityGroupConfig               0x08001914   Section        0  misc.o(i.NVIC_PriorityGroupConfig)
    i.PendSV_Handler                         0x08001928   Section        0  stm32f10x_it.o(i.PendSV_Handler)
    i.RCC_APB2PeriphClockCmd                 0x0800192c   Section        0  stm32f10x_rcc.o(i.RCC_APB2PeriphClockCmd)
    i.RCC_GetClocksFreq                      0x0800194c   Section        0  stm32f10x_rcc.o(i.RCC_GetClocksFreq)
    i.SVC_Handler                            0x08001a20   Section        0  stm32f10x_it.o(i.SVC_Handler)
    i.SetSysClock                            0x08001a22   Section        0  system_stm32f10x.o(i.SetSysClock)
    SetSysClock                              0x08001a23   Thumb Code     8  system_stm32f10x.o(i.SetSysClock)
    i.SetSysClockTo72                        0x08001a2c   Section        0  system_stm32f10x.o(i.SetSysClockTo72)
    SetSysClockTo72                          0x08001a2d   Thumb Code   214  system_stm32f10x.o(i.SetSysClockTo72)
    i.SysTick_CLKSourceConfig                0x08001b0c   Section        0  misc.o(i.SysTick_CLKSourceConfig)
    i.SysTick_Handler                        0x08001b34   Section        0  stm32f10x_it.o(i.SysTick_Handler)
    i.SystemInit                             0x08001b38   Section        0  system_stm32f10x.o(i.SystemInit)
    i.USART1_IRQHandler                      0x08001b98   Section        0  stm32f10x_it.o(i.USART1_IRQHandler)
    i.USART1_NVIC_Config                     0x08001c20   Section        0  nvic.o(i.USART1_NVIC_Config)
    i.USART_Cmd                              0x08001c40   Section        0  stm32f10x_usart.o(i.USART_Cmd)
    i.USART_GetITStatus                      0x08001c58   Section        0  stm32f10x_usart.o(i.USART_GetITStatus)
    i.USART_ITConfig                         0x08001cac   Section        0  stm32f10x_usart.o(i.USART_ITConfig)
    i.USART_Init                             0x08001cf8   Section        0  stm32f10x_usart.o(i.USART_Init)
    i.USART_ReceiveData                      0x08001dd0   Section        0  stm32f10x_usart.o(i.USART_ReceiveData)
    i.UsageFault_Handler                     0x08001dda   Section        0  stm32f10x_it.o(i.UsageFault_Handler)
    i.__ARM_fpclassify                       0x08001dde   Section        0  fpclassify.o(i.__ARM_fpclassify)
    i.__kernel_poly                          0x08001e06   Section        0  poly.o(i.__kernel_poly)
    i.__mathlib_dbl_infnan                   0x08001eb0   Section        0  dunder.o(i.__mathlib_dbl_infnan)
    i.__mathlib_dbl_infnan2                  0x08001eb6   Section        0  dunder.o(i.__mathlib_dbl_infnan2)
    i.__mathlib_dbl_invalid                  0x08001eba   Section        0  dunder.o(i.__mathlib_dbl_invalid)
    i.__mathlib_dbl_underflow                0x08001ec8   Section        0  dunder.o(i.__mathlib_dbl_underflow)
    i._is_digit                              0x08001ed8   Section        0  __printf_wp.o(i._is_digit)
    i._sys_exit                              0x08001ee6   Section        0  usart.o(i._sys_exit)
    i.asin                                   0x08001eec   Section        0  asin.o(i.asin)
    i.atan                                   0x0800215c   Section        0  atan.o(i.atan)
    i.atan2                                  0x0800237c   Section        0  atan2.o(i.atan2)
    i.decode_gesture                         0x080024fc   Section        0  inv_mpu_dmp_motion_driver.o(i.decode_gesture)
    decode_gesture                           0x080024fd   Thumb Code    94  inv_mpu_dmp_motion_driver.o(i.decode_gesture)
    i.delay_init                             0x08002560   Section        0  delay.o(i.delay_init)
    i.delay_ms                               0x080025a4   Section        0  delay.o(i.delay_ms)
    i.delay_us                               0x080025f0   Section        0  delay.o(i.delay_us)
    i.dmp_enable_6x_lp_quat                  0x0800263c   Section        0  inv_mpu_dmp_motion_driver.o(i.dmp_enable_6x_lp_quat)
    i.dmp_enable_feature                     0x08002678   Section        0  inv_mpu_dmp_motion_driver.o(i.dmp_enable_feature)
    i.dmp_enable_gyro_cal                    0x08002894   Section        0  inv_mpu_dmp_motion_driver.o(i.dmp_enable_gyro_cal)
    i.dmp_enable_lp_quat                     0x080028ec   Section        0  inv_mpu_dmp_motion_driver.o(i.dmp_enable_lp_quat)
    i.dmp_load_motion_driver_firmware        0x08002928   Section        0  inv_mpu_dmp_motion_driver.o(i.dmp_load_motion_driver_firmware)
    i.dmp_read_fifo                          0x08002940   Section        0  inv_mpu_dmp_motion_driver.o(i.dmp_read_fifo)
    i.dmp_set_accel_bias                     0x08002b0c   Section        0  inv_mpu_dmp_motion_driver.o(i.dmp_set_accel_bias)
    i.dmp_set_fifo_rate                      0x08002c3c   Section        0  inv_mpu_dmp_motion_driver.o(i.dmp_set_fifo_rate)
    i.dmp_set_gyro_bias                      0x08002cac   Section        0  inv_mpu_dmp_motion_driver.o(i.dmp_set_gyro_bias)
    i.dmp_set_orientation                    0x08002ddc   Section        0  inv_mpu_dmp_motion_driver.o(i.dmp_set_orientation)
    i.dmp_set_shake_reject_thresh            0x08002f14   Section        0  inv_mpu_dmp_motion_driver.o(i.dmp_set_shake_reject_thresh)
    i.dmp_set_shake_reject_time              0x08002f4c   Section        0  inv_mpu_dmp_motion_driver.o(i.dmp_set_shake_reject_time)
    i.dmp_set_shake_reject_timeout           0x08002f72   Section        0  inv_mpu_dmp_motion_driver.o(i.dmp_set_shake_reject_timeout)
    i.dmp_set_tap_axes                       0x08002f98   Section        0  inv_mpu_dmp_motion_driver.o(i.dmp_set_tap_axes)
    i.dmp_set_tap_count                      0x08002fde   Section        0  inv_mpu_dmp_motion_driver.o(i.dmp_set_tap_count)
    i.dmp_set_tap_thresh                     0x08003004   Section        0  inv_mpu_dmp_motion_driver.o(i.dmp_set_tap_thresh)
    i.dmp_set_tap_time                       0x080031a4   Section        0  inv_mpu_dmp_motion_driver.o(i.dmp_set_tap_time)
    i.dmp_set_tap_time_multi                 0x080031ca   Section        0  inv_mpu_dmp_motion_driver.o(i.dmp_set_tap_time_multi)
    i.fputc                                  0x080031f0   Section        0  usart.o(i.fputc)
    i.get_st_biases                          0x0800320c   Section        0  inv_mpu.o(i.get_st_biases)
    get_st_biases                            0x0800320d   Thumb Code  1132  inv_mpu.o(i.get_st_biases)
    i.i2cReadBuffer                          0x0800367c   Section        0  myiic.o(i.i2cReadBuffer)
    i.i2cWriteBuffer                         0x080036f4   Section        0  myiic.o(i.i2cWriteBuffer)
    i.i2cread                                0x08003752   Section        0  myiic.o(i.i2cread)
    i.i2cwrite                               0x08003776   Section        0  myiic.o(i.i2cwrite)
    i.inv_orientation_matrix_to_scalar       0x0800379a   Section        0  main.o(i.inv_orientation_matrix_to_scalar)
    inv_orientation_matrix_to_scalar         0x0800379b   Thumb Code    40  main.o(i.inv_orientation_matrix_to_scalar)
    i.inv_row_2_scale                        0x080037c2   Section        0  main.o(i.inv_row_2_scale)
    inv_row_2_scale                          0x080037c3   Thumb Code    78  main.o(i.inv_row_2_scale)
    i.main                                   0x08003810   Section        0  main.o(i.main)
    i.mget_ms                                0x08003f3c   Section        0  delay.o(i.mget_ms)
    i.mpu_configure_fifo                     0x08003f40   Section        0  inv_mpu.o(i.mpu_configure_fifo)
    i.mpu_get_accel_fsr                      0x08003fb0   Section        0  inv_mpu.o(i.mpu_get_accel_fsr)
    i.mpu_get_accel_sens                     0x08003ffc   Section        0  inv_mpu.o(i.mpu_get_accel_sens)
    i.mpu_get_fifo_config                    0x08004050   Section        0  inv_mpu.o(i.mpu_get_fifo_config)
    i.mpu_get_gyro_fsr                       0x08004060   Section        0  inv_mpu.o(i.mpu_get_gyro_fsr)
    i.mpu_get_gyro_sens                      0x080040a4   Section        0  inv_mpu.o(i.mpu_get_gyro_sens)
    i.mpu_get_lpf                            0x080040f4   Section        0  inv_mpu.o(i.mpu_get_lpf)
    i.mpu_get_sample_rate                    0x08004144   Section        0  inv_mpu.o(i.mpu_get_sample_rate)
    i.mpu_init                               0x08004164   Section        0  inv_mpu.o(i.mpu_init)
    i.mpu_load_firmware                      0x08004288   Section        0  inv_mpu.o(i.mpu_load_firmware)
    i.mpu_lp_accel_mode                      0x08004340   Section        0  inv_mpu.o(i.mpu_lp_accel_mode)
    i.mpu_read_fifo_stream                   0x0800445c   Section        0  inv_mpu.o(i.mpu_read_fifo_stream)
    i.mpu_read_mem                           0x0800451c   Section        0  inv_mpu.o(i.mpu_read_mem)
    i.mpu_reset_fifo                         0x0800459c   Section        0  inv_mpu.o(i.mpu_reset_fifo)
    i.mpu_run_self_test                      0x08004764   Section        0  inv_mpu.o(i.mpu_run_self_test)
    i.mpu_set_accel_fsr                      0x08004810   Section        0  inv_mpu.o(i.mpu_set_accel_fsr)
    i.mpu_set_bypass                         0x08004894   Section        0  inv_mpu.o(i.mpu_set_bypass)
    i.mpu_set_compass_sample_rate            0x080049e0   Section        0  inv_mpu.o(i.mpu_set_compass_sample_rate)
    i.mpu_set_dmp_state                      0x08004a40   Section        0  inv_mpu.o(i.mpu_set_dmp_state)
    i.mpu_set_gyro_fsr                       0x08004ad0   Section        0  inv_mpu.o(i.mpu_set_gyro_fsr)
    i.mpu_set_int_latched                    0x08004b58   Section        0  inv_mpu.o(i.mpu_set_int_latched)
    i.mpu_set_lpf                            0x08004bc4   Section        0  inv_mpu.o(i.mpu_set_lpf)
    i.mpu_set_sample_rate                    0x08004c48   Section        0  inv_mpu.o(i.mpu_set_sample_rate)
    i.mpu_set_sensors                        0x08004cfc   Section        0  inv_mpu.o(i.mpu_set_sensors)
    i.mpu_write_mem                          0x08004e64   Section        0  inv_mpu.o(i.mpu_write_mem)
    i.run_self_test                          0x08004ee4   Section        0  main.o(i.run_self_test)
    run_self_test                            0x08004ee5   Thumb Code   156  main.o(i.run_self_test)
    i.set_int_enable                         0x08004fc8   Section        0  inv_mpu.o(i.set_int_enable)
    set_int_enable                           0x08004fc9   Thumb Code   138  inv_mpu.o(i.set_int_enable)
    i.setup_compass                          0x08005058   Section        0  inv_mpu.o(i.setup_compass)
    setup_compass                            0x08005059   Thumb Code   570  inv_mpu.o(i.setup_compass)
    i.sqrt                                   0x080052ac   Section        0  sqrt.o(i.sqrt)
    i.uart_init                              0x080052f8   Section        0  usart.o(i.uart_init)
    i.xdelay_ms                              0x08005384   Section        0  main.o(i.xdelay_ms)
    i.xdelay_us                              0x0800539c   Section        0  main.o(i.xdelay_us)
    locale$$code                             0x080053b8   Section       44  lc_numeric_c.o(locale$$code)
    x$fpl$d2f                                0x080053e4   Section       98  d2f.o(x$fpl$d2f)
    x$fpl$dadd                               0x08005448   Section      336  daddsub_clz.o(x$fpl$dadd)
    _dadd1                                   0x08005459   Thumb Code     0  daddsub_clz.o(x$fpl$dadd)
    x$fpl$dcheck1                            0x08005598   Section       16  dcheck1.o(x$fpl$dcheck1)
    x$fpl$ddiv                               0x080055a8   Section      688  ddiv.o(x$fpl$ddiv)
    ddiv_entry                               0x080055af   Thumb Code     0  ddiv.o(x$fpl$ddiv)
    x$fpl$dmul                               0x08005858   Section      340  dmul.o(x$fpl$dmul)
    x$fpl$dnaninf                            0x080059ac   Section      156  dnaninf.o(x$fpl$dnaninf)
    x$fpl$dretinf                            0x08005a48   Section       12  dretinf.o(x$fpl$dretinf)
    x$fpl$drsb                               0x08005a54   Section       22  daddsub_clz.o(x$fpl$drsb)
    x$fpl$dsqrt                              0x08005a6c   Section      460  dsqrt_noumaal.o(x$fpl$dsqrt)
    x$fpl$dsub                               0x08005c38   Section      468  daddsub_clz.o(x$fpl$dsub)
    _dsub1                                   0x08005c49   Thumb Code     0  daddsub_clz.o(x$fpl$dsub)
    x$fpl$f2d                                0x08005e0c   Section       86  f2d.o(x$fpl$f2d)
    x$fpl$fadd                               0x08005e64   Section      196  faddsub_clz.o(x$fpl$fadd)
    _fadd1                                   0x08005e73   Thumb Code     0  faddsub_clz.o(x$fpl$fadd)
    x$fpl$fdiv                               0x08005f28   Section      388  fdiv.o(x$fpl$fdiv)
    _fdiv1                                   0x08005f29   Thumb Code     0  fdiv.o(x$fpl$fdiv)
    x$fpl$ffix                               0x080060ac   Section       54  ffix.o(x$fpl$ffix)
    x$fpl$ffixu                              0x080060e4   Section       62  ffixu.o(x$fpl$ffixu)
    x$fpl$fflt                               0x08006124   Section       48  fflt_clz.o(x$fpl$fflt)
    x$fpl$ffltu                              0x08006154   Section       38  fflt_clz.o(x$fpl$ffltu)
    x$fpl$fmul                               0x0800617c   Section      258  fmul.o(x$fpl$fmul)
    x$fpl$fnaninf                            0x0800627e   Section      140  fnaninf.o(x$fpl$fnaninf)
    x$fpl$fretinf                            0x0800630a   Section       10  fretinf.o(x$fpl$fretinf)
    x$fpl$fsub                               0x08006314   Section      234  faddsub_clz.o(x$fpl$fsub)
    _fsub1                                   0x08006323   Thumb Code     0  faddsub_clz.o(x$fpl$fsub)
    x$fpl$printf1                            0x080063fe   Section        4  printf1.o(x$fpl$printf1)
    x$fpl$retnan                             0x08006402   Section      100  retnan.o(x$fpl$retnan)
    x$fpl$scalbn                             0x08006466   Section       92  scalbn.o(x$fpl$scalbn)
    x$fpl$trapveneer                         0x080064c2   Section       48  trapv.o(x$fpl$trapveneer)
    x$fpl$usenofp                            0x080064f2   Section        0  usenofp.o(x$fpl$usenofp)
    .constdata                               0x080064f4   Section       96  inv_mpu.o(.constdata)
    .constdata                               0x08006554   Section     3062  inv_mpu_dmp_motion_driver.o(.constdata)
    dmp_memory                               0x08006554   Data        3062  inv_mpu_dmp_motion_driver.o(.constdata)
    .constdata                               0x08007150   Section       80  asin.o(.constdata)
    pS                                       0x08007150   Data          48  asin.o(.constdata)
    qS                                       0x08007180   Data          32  asin.o(.constdata)
    .constdata                               0x080071a0   Section      152  atan.o(.constdata)
    atanhi                                   0x080071a0   Data          32  atan.o(.constdata)
    atanlo                                   0x080071c0   Data          32  atan.o(.constdata)
    aTodd                                    0x080071e0   Data          40  atan.o(.constdata)
    aTeven                                   0x08007208   Data          48  atan.o(.constdata)
    .constdata                               0x08007238   Section        8  qnan.o(.constdata)
    .constdata                               0x08007240   Section      148  bigflt0.o(.constdata)
    tenpwrs_x                                0x08007240   Data          60  bigflt0.o(.constdata)
    tenpwrs_i                                0x0800727c   Data          64  bigflt0.o(.constdata)
    locale$$data                             0x080072f4   Section       28  lc_numeric_c.o(locale$$data)
    __lcnum_c_name                           0x080072f8   Data           2  lc_numeric_c.o(locale$$data)
    __lcnum_c_start                          0x08007300   Data           0  lc_numeric_c.o(locale$$data)
    __lcnum_c_point                          0x0800730c   Data           0  lc_numeric_c.o(locale$$data)
    __lcnum_c_thousands                      0x0800730e   Data           0  lc_numeric_c.o(locale$$data)
    __lcnum_c_grouping                       0x0800730f   Data           0  lc_numeric_c.o(locale$$data)
    __lcnum_c_end                            0x08007310   Data           0  lc_numeric_c.o(locale$$data)
    .data                                    0x20000000   Section       75  main.o(.data)
    gyro_orientation                         0x2000002d   Data           9  main.o(.data)
    .data                                    0x2000004c   Section       20  system_stm32f10x.o(.data)
    .data                                    0x20000060   Section       56  inv_mpu.o(.data)
    st                                       0x20000060   Data          56  inv_mpu.o(.data)
    .data                                    0x20000098   Section        4  delay.o(.data)
    fac_us                                   0x20000098   Data           1  delay.o(.data)
    fac_ms                                   0x2000009a   Data           2  delay.o(.data)
    .data                                    0x2000009c   Section        6  usart.o(.data)
    .data                                    0x200000a2   Section       20  stm32f10x_rcc.o(.data)
    APBAHBPrescTable                         0x200000a2   Data          16  stm32f10x_rcc.o(.data)
    ADCPrescTable                            0x200000b2   Data           4  stm32f10x_rcc.o(.data)
    .bss                                     0x200000b8   Section       32  main.o(.bss)
    hal                                      0x200000b8   Data          14  main.o(.bss)
    .bss                                     0x200000d8   Section       16  inv_mpu_dmp_motion_driver.o(.bss)
    dmp                                      0x200000d8   Data          16  inv_mpu_dmp_motion_driver.o(.bss)
    .bss                                     0x200000e8   Section      200  usart.o(.bss)
    .bss                                     0x200001b0   Section       96  libspace.o(.bss)
    HEAP                                     0x20000210   Section      512  startup_stm32f10x_hd.o(HEAP)
    Heap_Mem                                 0x20000210   Data         512  startup_stm32f10x_hd.o(HEAP)
    STACK                                    0x20000410   Section     1024  startup_stm32f10x_hd.o(STACK)
    Stack_Mem                                0x20000410   Data        1024  startup_stm32f10x_hd.o(STACK)
    __initial_sp                             0x20000810   Data           0  startup_stm32f10x_hd.o(STACK)

    Global Symbols

    Symbol Name                              Value     Ov Type        Size  Object(Section)

    BuildAttributes$$THM_ISAv4$P$D$K$B$S$PE$A:L22UL41UL21$X:L11$S22US41US21$IEEE1$IW$USESV6$~STKCKD$USESV7$~SHL$OTIME$ROPI$IEEEX$EBA8$UX$STANDARDLIB$REQ8$PRES8$EABIv2 0x00000000   Number         0  anon$$obj.o ABSOLUTE
    __ARM_use_no_argv                        0x00000000   Number         0  main.o ABSOLUTE
    _printf_flags                            0x00000000   Number         0  printf_stubs.o ABSOLUTE
    _printf_return_value                     0x00000000   Number         0  printf_stubs.o ABSOLUTE
    _printf_sizespec                         0x00000000   Number         0  printf_stubs.o ABSOLUTE
    _printf_widthprec                        0x00000000   Number         0  printf_stubs.o ABSOLUTE
    __ARM_exceptions_init                     - Undefined Weak Reference
    __alloca_initialize                       - Undefined Weak Reference
    __arm_preinit_                            - Undefined Weak Reference
    __cpp_initialize__aeabi_                  - Undefined Weak Reference
    __cxa_finalize                            - Undefined Weak Reference
    __sigvec_lookup                           - Undefined Weak Reference
    _atexit_init                              - Undefined Weak Reference
    _call_atexit_fns                          - Undefined Weak Reference
    _clock_init                               - Undefined Weak Reference
    _fp_trap_init                             - Undefined Weak Reference
    _fp_trap_shutdown                         - Undefined Weak Reference
    _get_lc_collate                           - Undefined Weak Reference
    _get_lc_ctype                             - Undefined Weak Reference
    _get_lc_monetary                          - Undefined Weak Reference
    _get_lc_time                              - Undefined Weak Reference
    _getenv_init                              - Undefined Weak Reference
    _handle_redirection                       - Undefined Weak Reference
    _init_alloc                               - Undefined Weak Reference
    _init_user_alloc                          - Undefined Weak Reference
    _initio                                   - Undefined Weak Reference
    _mutex_acquire                            - Undefined Weak Reference
    _mutex_release                            - Undefined Weak Reference
    _printf_post_padding                      - Undefined Weak Reference
    _printf_pre_padding                       - Undefined Weak Reference
    _printf_truncate_unsigned                 - Undefined Weak Reference
    _rand_init                                - Undefined Weak Reference
    _signal_finish                            - Undefined Weak Reference
    _signal_init                              - Undefined Weak Reference
    _terminate_alloc                          - Undefined Weak Reference
    _terminate_user_alloc                     - Undefined Weak Reference
    _terminateio                              - Undefined Weak Reference
    __Vectors_Size                           0x00000130   Number         0  startup_stm32f10x_hd.o ABSOLUTE
    __Vectors                                0x08000000   Data           4  startup_stm32f10x_hd.o(RESET)
    __Vectors_End                            0x08000130   Data           0  startup_stm32f10x_hd.o(RESET)
    __main                                   0x08000131   Thumb Code     8  __main.o(!!!main)
    __scatterload                            0x08000139   Thumb Code     0  __scatter.o(!!!scatter)
    __scatterload_rt2                        0x08000139   Thumb Code    44  __scatter.o(!!!scatter)
    __scatterload_rt2_thumb_only             0x08000139   Thumb Code     0  __scatter.o(!!!scatter)
    __scatterload_null                       0x08000147   Thumb Code     0  __scatter.o(!!!scatter)
    __scatterload_copy                       0x0800016d   Thumb Code    26  __scatter_copy.o(!!handler_copy)
    __scatterload_zeroinit                   0x08000189   Thumb Code    28  __scatter_zi.o(!!handler_zi)
    _printf_f                                0x080001a5   Thumb Code     0  _printf_f.o(.ARM.Collect$$_printf_percent$$00000003)
    _printf_percent                          0x080001a5   Thumb Code     0  _printf_percent.o(.ARM.Collect$$_printf_percent$$00000000)
    _printf_percent_end                      0x080001ab   Thumb Code     0  _printf_percent_end.o(.ARM.Collect$$_printf_percent$$00000017)
    __rt_lib_init                            0x080001af   Thumb Code     0  libinit.o(.ARM.Collect$$libinit$$00000000)
    __rt_lib_init_fp_1                       0x080001b1   Thumb Code     0  libinit2.o(.ARM.Collect$$libinit$$00000002)
    __rt_lib_init_heap_1                     0x080001b1   Thumb Code     0  libinit2.o(.ARM.Collect$$libinit$$0000000A)
    __rt_lib_init_lc_common                  0x080001b1   Thumb Code     0  libinit2.o(.ARM.Collect$$libinit$$0000000F)
    __rt_lib_init_preinit_1                  0x080001b1   Thumb Code     0  libinit2.o(.ARM.Collect$$libinit$$00000004)
    __rt_lib_init_rand_1                     0x080001b1   Thumb Code     0  libinit2.o(.ARM.Collect$$libinit$$0000000E)
    __rt_lib_init_user_alloc_1               0x080001b1   Thumb Code     0  libinit2.o(.ARM.Collect$$libinit$$0000000C)
    __rt_lib_init_lc_collate_1               0x080001b7   Thumb Code     0  libinit2.o(.ARM.Collect$$libinit$$00000011)
    __rt_lib_init_lc_ctype_1                 0x080001b7   Thumb Code     0  libinit2.o(.ARM.Collect$$libinit$$00000013)
    __rt_lib_init_lc_monetary_1              0x080001b7   Thumb Code     0  libinit2.o(.ARM.Collect$$libinit$$00000015)
    __rt_lib_init_lc_numeric_2               0x080001b7   Thumb Code     0  libinit2.o(.ARM.Collect$$libinit$$00000016)
    __rt_lib_init_alloca_1                   0x080001c1   Thumb Code     0  libinit2.o(.ARM.Collect$$libinit$$0000002E)
    __rt_lib_init_argv_1                     0x080001c1   Thumb Code     0  libinit2.o(.ARM.Collect$$libinit$$0000002C)
    __rt_lib_init_atexit_1                   0x080001c1   Thumb Code     0  libinit2.o(.ARM.Collect$$libinit$$0000001B)
    __rt_lib_init_clock_1                    0x080001c1   Thumb Code     0  libinit2.o(.ARM.Collect$$libinit$$00000021)
    __rt_lib_init_cpp_1                      0x080001c1   Thumb Code     0  libinit2.o(.ARM.Collect$$libinit$$00000032)
    __rt_lib_init_exceptions_1               0x080001c1   Thumb Code     0  libinit2.o(.ARM.Collect$$libinit$$00000030)
    __rt_lib_init_fp_trap_1                  0x080001c1   Thumb Code     0  libinit2.o(.ARM.Collect$$libinit$$0000001F)
    __rt_lib_init_getenv_1                   0x080001c1   Thumb Code     0  libinit2.o(.ARM.Collect$$libinit$$00000023)
    __rt_lib_init_lc_numeric_1               0x080001c1   Thumb Code     0  libinit2.o(.ARM.Collect$$libinit$$00000017)
    __rt_lib_init_lc_time_1                  0x080001c1   Thumb Code     0  libinit2.o(.ARM.Collect$$libinit$$00000019)
    __rt_lib_init_return                     0x080001c1   Thumb Code     0  libinit2.o(.ARM.Collect$$libinit$$00000033)
    __rt_lib_init_signal_1                   0x080001c1   Thumb Code     0  libinit2.o(.ARM.Collect$$libinit$$0000001D)
    __rt_lib_init_stdio_1                    0x080001c1   Thumb Code     0  libinit2.o(.ARM.Collect$$libinit$$00000025)
    __rt_lib_shutdown                        0x080001c3   Thumb Code     0  libshutdown.o(.ARM.Collect$$libshutdown$$00000000)
    __rt_lib_shutdown_cpp_1                  0x080001c5   Thumb Code     0  libshutdown2.o(.ARM.Collect$$libshutdown$$00000002)
    __rt_lib_shutdown_fp_trap_1              0x080001c5   Thumb Code     0  libshutdown2.o(.ARM.Collect$$libshutdown$$00000007)
    __rt_lib_shutdown_heap_1                 0x080001c5   Thumb Code     0  libshutdown2.o(.ARM.Collect$$libshutdown$$0000000F)
    __rt_lib_shutdown_return                 0x080001c5   Thumb Code     0  libshutdown2.o(.ARM.Collect$$libshutdown$$00000010)
    __rt_lib_shutdown_signal_1               0x080001c5   Thumb Code     0  libshutdown2.o(.ARM.Collect$$libshutdown$$0000000A)
    __rt_lib_shutdown_stdio_1                0x080001c5   Thumb Code     0  libshutdown2.o(.ARM.Collect$$libshutdown$$00000004)
    __rt_lib_shutdown_user_alloc_1           0x080001c5   Thumb Code     0  libshutdown2.o(.ARM.Collect$$libshutdown$$0000000C)
    __rt_entry                               0x080001c7   Thumb Code     0  __rtentry.o(.ARM.Collect$$rtentry$$00000000)
    __rt_entry_presh_1                       0x080001c7   Thumb Code     0  __rtentry2.o(.ARM.Collect$$rtentry$$00000002)
    __rt_entry_sh                            0x080001c7   Thumb Code     0  __rtentry4.o(.ARM.Collect$$rtentry$$00000004)
    __rt_entry_li                            0x080001cd   Thumb Code     0  __rtentry2.o(.ARM.Collect$$rtentry$$0000000A)
    __rt_entry_postsh_1                      0x080001cd   Thumb Code     0  __rtentry2.o(.ARM.Collect$$rtentry$$00000009)
    __rt_entry_main                          0x080001d1   Thumb Code     0  __rtentry2.o(.ARM.Collect$$rtentry$$0000000D)
    __rt_entry_postli_1                      0x080001d1   Thumb Code     0  __rtentry2.o(.ARM.Collect$$rtentry$$0000000C)
    __rt_exit                                0x080001d9   Thumb Code     0  rtexit.o(.ARM.Collect$$rtexit$$00000000)
    __rt_exit_ls                             0x080001db   Thumb Code     0  rtexit2.o(.ARM.Collect$$rtexit$$00000003)
    __rt_exit_prels_1                        0x080001db   Thumb Code     0  rtexit2.o(.ARM.Collect$$rtexit$$00000002)
    __rt_exit_exit                           0x080001df   Thumb Code     0  rtexit2.o(.ARM.Collect$$rtexit$$00000004)
    Reset_Handler                            0x080001e5   Thumb Code     8  startup_stm32f10x_hd.o(.text)
    ADC1_2_IRQHandler                        0x080001ff   Thumb Code     0  startup_stm32f10x_hd.o(.text)
    ADC3_IRQHandler                          0x080001ff   Thumb Code     0  startup_stm32f10x_hd.o(.text)
    CAN1_RX1_IRQHandler                      0x080001ff   Thumb Code     0  startup_stm32f10x_hd.o(.text)
    CAN1_SCE_IRQHandler                      0x080001ff   Thumb Code     0  startup_stm32f10x_hd.o(.text)
    DMA1_Channel1_IRQHandler                 0x080001ff   Thumb Code     0  startup_stm32f10x_hd.o(.text)
    DMA1_Channel2_IRQHandler                 0x080001ff   Thumb Code     0  startup_stm32f10x_hd.o(.text)
    DMA1_Channel3_IRQHandler                 0x080001ff   Thumb Code     0  startup_stm32f10x_hd.o(.text)
    DMA1_Channel4_IRQHandler                 0x080001ff   Thumb Code     0  startup_stm32f10x_hd.o(.text)
    DMA1_Channel5_IRQHandler                 0x080001ff   Thumb Code     0  startup_stm32f10x_hd.o(.text)
    DMA1_Channel6_IRQHandler                 0x080001ff   Thumb Code     0  startup_stm32f10x_hd.o(.text)
    DMA1_Channel7_IRQHandler                 0x080001ff   Thumb Code     0  startup_stm32f10x_hd.o(.text)
    DMA2_Channel1_IRQHandler                 0x080001ff   Thumb Code     0  startup_stm32f10x_hd.o(.text)
    DMA2_Channel2_IRQHandler                 0x080001ff   Thumb Code     0  startup_stm32f10x_hd.o(.text)
    DMA2_Channel3_IRQHandler                 0x080001ff   Thumb Code     0  startup_stm32f10x_hd.o(.text)
    DMA2_Channel4_5_IRQHandler               0x080001ff   Thumb Code     0  startup_stm32f10x_hd.o(.text)
    EXTI0_IRQHandler                         0x080001ff   Thumb Code     0  startup_stm32f10x_hd.o(.text)
    EXTI15_10_IRQHandler                     0x080001ff   Thumb Code     0  startup_stm32f10x_hd.o(.text)
    EXTI1_IRQHandler                         0x080001ff   Thumb Code     0  startup_stm32f10x_hd.o(.text)
    EXTI2_IRQHandler                         0x080001ff   Thumb Code     0  startup_stm32f10x_hd.o(.text)
    EXTI3_IRQHandler                         0x080001ff   Thumb Code     0  startup_stm32f10x_hd.o(.text)
    EXTI4_IRQHandler                         0x080001ff   Thumb Code     0  startup_stm32f10x_hd.o(.text)
    EXTI9_5_IRQHandler                       0x080001ff   Thumb Code     0  startup_stm32f10x_hd.o(.text)
    FLASH_IRQHandler                         0x080001ff   Thumb Code     0  startup_stm32f10x_hd.o(.text)
    FSMC_IRQHandler                          0x080001ff   Thumb Code     0  startup_stm32f10x_hd.o(.text)
    I2C1_ER_IRQHandler                       0x080001ff   Thumb Code     0  startup_stm32f10x_hd.o(.text)
    I2C1_EV_IRQHandler                       0x080001ff   Thumb Code     0  startup_stm32f10x_hd.o(.text)
    I2C2_ER_IRQHandler                       0x080001ff   Thumb Code     0  startup_stm32f10x_hd.o(.text)
    I2C2_EV_IRQHandler                       0x080001ff   Thumb Code     0  startup_stm32f10x_hd.o(.text)
    PVD_IRQHandler                           0x080001ff   Thumb Code     0  startup_stm32f10x_hd.o(.text)
    RCC_IRQHandler                           0x080001ff   Thumb Code     0  startup_stm32f10x_hd.o(.text)
    RTCAlarm_IRQHandler                      0x080001ff   Thumb Code     0  startup_stm32f10x_hd.o(.text)
    RTC_IRQHandler                           0x080001ff   Thumb Code     0  startup_stm32f10x_hd.o(.text)
    SDIO_IRQHandler                          0x080001ff   Thumb Code     0  startup_stm32f10x_hd.o(.text)
    SPI1_IRQHandler                          0x080001ff   Thumb Code     0  startup_stm32f10x_hd.o(.text)
    SPI2_IRQHandler                          0x080001ff   Thumb Code     0  startup_stm32f10x_hd.o(.text)
    SPI3_IRQHandler                          0x080001ff   Thumb Code     0  startup_stm32f10x_hd.o(.text)
    TAMPER_IRQHandler                        0x080001ff   Thumb Code     0  startup_stm32f10x_hd.o(.text)
    TIM1_BRK_IRQHandler                      0x080001ff   Thumb Code     0  startup_stm32f10x_hd.o(.text)
    TIM1_CC_IRQHandler                       0x080001ff   Thumb Code     0  startup_stm32f10x_hd.o(.text)
    TIM1_TRG_COM_IRQHandler                  0x080001ff   Thumb Code     0  startup_stm32f10x_hd.o(.text)
    TIM1_UP_IRQHandler                       0x080001ff   Thumb Code     0  startup_stm32f10x_hd.o(.text)
    TIM2_IRQHandler                          0x080001ff   Thumb Code     0  startup_stm32f10x_hd.o(.text)
    TIM3_IRQHandler                          0x080001ff   Thumb Code     0  startup_stm32f10x_hd.o(.text)
    TIM4_IRQHandler                          0x080001ff   Thumb Code     0  startup_stm32f10x_hd.o(.text)
    TIM5_IRQHandler                          0x080001ff   Thumb Code     0  startup_stm32f10x_hd.o(.text)
    TIM6_IRQHandler                          0x080001ff   Thumb Code     0  startup_stm32f10x_hd.o(.text)
    TIM7_IRQHandler                          0x080001ff   Thumb Code     0  startup_stm32f10x_hd.o(.text)
    TIM8_BRK_IRQHandler                      0x080001ff   Thumb Code     0  startup_stm32f10x_hd.o(.text)
    TIM8_CC_IRQHandler                       0x080001ff   Thumb Code     0  startup_stm32f10x_hd.o(.text)
    TIM8_TRG_COM_IRQHandler                  0x080001ff   Thumb Code     0  startup_stm32f10x_hd.o(.text)
    TIM8_UP_IRQHandler                       0x080001ff   Thumb Code     0  startup_stm32f10x_hd.o(.text)
    UART4_IRQHandler                         0x080001ff   Thumb Code     0  startup_stm32f10x_hd.o(.text)
    UART5_IRQHandler                         0x080001ff   Thumb Code     0  startup_stm32f10x_hd.o(.text)
    USART2_IRQHandler                        0x080001ff   Thumb Code     0  startup_stm32f10x_hd.o(.text)
    USART3_IRQHandler                        0x080001ff   Thumb Code     0  startup_stm32f10x_hd.o(.text)
    USBWakeUp_IRQHandler                     0x080001ff   Thumb Code     0  startup_stm32f10x_hd.o(.text)
    USB_HP_CAN1_TX_IRQHandler                0x080001ff   Thumb Code     0  startup_stm32f10x_hd.o(.text)
    USB_LP_CAN1_RX0_IRQHandler               0x080001ff   Thumb Code     0  startup_stm32f10x_hd.o(.text)
    WWDG_IRQHandler                          0x080001ff   Thumb Code     0  startup_stm32f10x_hd.o(.text)
    __user_initial_stackheap                 0x08000201   Thumb Code     0  startup_stm32f10x_hd.o(.text)
    __use_no_semihosting                     0x08000225   Thumb Code     2  use_no_semi_2.o(.text)
    __aeabi_ldivmod                          0x08000227   Thumb Code     0  llsdiv.o(.text)
    _ll_sdiv                                 0x08000227   Thumb Code    72  llsdiv.o(.text)
    __2printf                                0x08000271   Thumb Code    20  noretval__2printf.o(.text)
    __printf                                 0x08000289   Thumb Code   270  __printf_wp.o(.text)
    memcmp                                   0x08000397   Thumb Code    88  memcmp.o(.text)
    __aeabi_memset                           0x080003ef   Thumb Code    16  aeabi_memset.o(.text)
    __use_two_region_memory                  0x080003ff   Thumb Code     2  heapauxi.o(.text)
    __rt_heap_escrow$2region                 0x08000401   Thumb Code     2  heapauxi.o(.text)
    __rt_heap_expand$2region                 0x08000403   Thumb Code     2  heapauxi.o(.text)
    __I$use$semihosting                      0x08000405   Thumb Code     0  use_no_semi.o(.text)
    __use_no_semihosting_swi                 0x08000405   Thumb Code     2  use_no_semi.o(.text)
    __aeabi_uldivmod                         0x08000407   Thumb Code     0  lludivv7m.o(.text)
    _ll_udiv                                 0x08000407   Thumb Code   238  lludivv7m.o(.text)
    __read_errno                             0x080004f5   Thumb Code    10  _rserrno.o(.text)
    __set_errno                              0x080004ff   Thumb Code    12  _rserrno.o(.text)
    __lib_sel_fp_printf                      0x0800050b   Thumb Code     2  _printf_fp_dec.o(.text)
    _printf_fp_dec_real                      0x080006b9   Thumb Code   620  _printf_fp_dec.o(.text)
    _printf_char_file                        0x08000925   Thumb Code    32  _printf_char_file.o(.text)
    __aeabi_memclr                           0x08000949   Thumb Code     0  rt_memclr.o(.text)
    __rt_memclr                              0x08000949   Thumb Code    68  rt_memclr.o(.text)
    _memset                                  0x0800094d   Thumb Code     0  rt_memclr.o(.text)
    __rt_locale                              0x0800098d   Thumb Code     8  rt_locale_intlibspace.o(.text)
    __aeabi_errno_addr                       0x08000995   Thumb Code     8  rt_errno_addr_intlibspace.o(.text)
    __errno$intlibspace                      0x08000995   Thumb Code     0  rt_errno_addr_intlibspace.o(.text)
    __rt_errno_addr$intlibspace              0x08000995   Thumb Code     0  rt_errno_addr_intlibspace.o(.text)
    _ll_udiv10                               0x0800099d   Thumb Code   138  lludiv10.o(.text)
    _printf_char_common                      0x08000a33   Thumb Code    32  _printf_char_common.o(.text)
    _printf_fp_infnan                        0x08000a59   Thumb Code   112  _printf_fp_infnan.o(.text)
    _btod_etento                             0x08000ad9   Thumb Code   216  bigflt0.o(.text)
    ferror                                   0x08000bb5   Thumb Code     8  ferror.o(.text)
    __aeabi_memclr4                          0x08000bbd   Thumb Code     0  rt_memclr_w.o(.text)
    __aeabi_memclr8                          0x08000bbd   Thumb Code     0  rt_memclr_w.o(.text)
    __rt_memclr_w                            0x08000bbd   Thumb Code    78  rt_memclr_w.o(.text)
    _memset_w                                0x08000bc1   Thumb Code     0  rt_memclr_w.o(.text)
    __user_libspace                          0x08000c0d   Thumb Code     8  libspace.o(.text)
    __user_perproc_libspace                  0x08000c0d   Thumb Code     0  libspace.o(.text)
    __user_perthread_libspace                0x08000c0d   Thumb Code     0  libspace.o(.text)
    __user_setup_stackheap                   0x08000c15   Thumb Code    74  sys_stackheap_outer.o(.text)
    exit                                     0x08000c5f   Thumb Code    18  exit.o(.text)
    strcmp                                   0x08000c71   Thumb Code   128  strcmpv7m.o(.text)
    _btod_d2e                                0x08000cf1   Thumb Code    62  btod.o(CL$$btod_d2e)
    _d2e_denorm_low                          0x08000d2f   Thumb Code    70  btod.o(CL$$btod_d2e_denorm_low)
    _d2e_norm_op1                            0x08000d75   Thumb Code    96  btod.o(CL$$btod_d2e_norm_op1)
    __btod_div_common                        0x08000dd5   Thumb Code   696  btod.o(CL$$btod_div_common)
    _e2e                                     0x0800110d   Thumb Code   198  btod.o(CL$$btod_e2e)
    _btod_ediv                               0x080011d3   Thumb Code    40  btod.o(CL$$btod_ediv)
    _btod_emul                               0x080011fb   Thumb Code    40  btod.o(CL$$btod_emul)
    __btod_mult_common                       0x08001223   Thumb Code   580  btod.o(CL$$btod_mult_common)
    BusFault_Handler                         0x08001467   Thumb Code     4  stm32f10x_it.o(i.BusFault_Handler)
    DebugMon_Handler                         0x0800146b   Thumb Code     2  stm32f10x_it.o(i.DebugMon_Handler)
    GPIO_Init                                0x0800146d   Thumb Code   278  stm32f10x_gpio.o(i.GPIO_Init)
    GPIO_SetBits                             0x08001583   Thumb Code     4  stm32f10x_gpio.o(i.GPIO_SetBits)
    HardFault_Handler                        0x08001587   Thumb Code     4  stm32f10x_it.o(i.HardFault_Handler)
    IIC_Ack                                  0x0800158d   Thumb Code    66  myiic.o(i.IIC_Ack)
    IIC_Init                                 0x080015dd   Thumb Code    52  myiic.o(i.IIC_Init)
    IIC_NAck                                 0x0800161d   Thumb Code    66  myiic.o(i.IIC_NAck)
    IIC_Read_Byte                            0x0800166d   Thumb Code    86  myiic.o(i.IIC_Read_Byte)
    IIC_Send_Byte                            0x080016d1   Thumb Code    90  myiic.o(i.IIC_Send_Byte)
    IIC_Start                                0x08001739   Thumb Code    64  myiic.o(i.IIC_Start)
    IIC_Stop                                 0x08001785   Thumb Code    62  myiic.o(i.IIC_Stop)
    IIC_Wait_Ack                             0x080017d1   Thumb Code    86  myiic.o(i.IIC_Wait_Ack)
    LED_Init                                 0x08001835   Thumb Code    72  led.o(i.LED_Init)
    MemManage_Handler                        0x08001885   Thumb Code     4  stm32f10x_it.o(i.MemManage_Handler)
    NMI_Handler                              0x08001889   Thumb Code     2  stm32f10x_it.o(i.NMI_Handler)
    NVIC_Config                              0x0800188b   Thumb Code    24  nvic.o(i.NVIC_Config)
    NVIC_Init                                0x080018a5   Thumb Code   100  misc.o(i.NVIC_Init)
    NVIC_PriorityGroupConfig                 0x08001915   Thumb Code    10  misc.o(i.NVIC_PriorityGroupConfig)
    PendSV_Handler                           0x08001929   Thumb Code     2  stm32f10x_it.o(i.PendSV_Handler)
    RCC_APB2PeriphClockCmd                   0x0800192d   Thumb Code    26  stm32f10x_rcc.o(i.RCC_APB2PeriphClockCmd)
    RCC_GetClocksFreq                        0x0800194d   Thumb Code   192  stm32f10x_rcc.o(i.RCC_GetClocksFreq)
    SVC_Handler                              0x08001a21   Thumb Code     2  stm32f10x_it.o(i.SVC_Handler)
    SysTick_CLKSourceConfig                  0x08001b0d   Thumb Code    40  misc.o(i.SysTick_CLKSourceConfig)
    SysTick_Handler                          0x08001b35   Thumb Code     2  stm32f10x_it.o(i.SysTick_Handler)
    SystemInit                               0x08001b39   Thumb Code    78  system_stm32f10x.o(i.SystemInit)
    USART1_IRQHandler                        0x08001b99   Thumb Code   122  stm32f10x_it.o(i.USART1_IRQHandler)
    USART1_NVIC_Config                       0x08001c21   Thumb Code    32  nvic.o(i.USART1_NVIC_Config)
    USART_Cmd                                0x08001c41   Thumb Code    24  stm32f10x_usart.o(i.USART_Cmd)
    USART_GetITStatus                        0x08001c59   Thumb Code    84  stm32f10x_usart.o(i.USART_GetITStatus)
    USART_ITConfig                           0x08001cad   Thumb Code    74  stm32f10x_usart.o(i.USART_ITConfig)
    USART_Init                               0x08001cf9   Thumb Code   210  stm32f10x_usart.o(i.USART_Init)
    USART_ReceiveData                        0x08001dd1   Thumb Code    10  stm32f10x_usart.o(i.USART_ReceiveData)
    UsageFault_Handler                       0x08001ddb   Thumb Code     4  stm32f10x_it.o(i.UsageFault_Handler)
    __ARM_fpclassify                         0x08001ddf   Thumb Code    40  fpclassify.o(i.__ARM_fpclassify)
    __kernel_poly                            0x08001e07   Thumb Code   170  poly.o(i.__kernel_poly)
    __mathlib_dbl_infnan                     0x08001eb1   Thumb Code     6  dunder.o(i.__mathlib_dbl_infnan)
    __mathlib_dbl_infnan2                    0x08001eb7   Thumb Code     4  dunder.o(i.__mathlib_dbl_infnan2)
    __mathlib_dbl_invalid                    0x08001ebb   Thumb Code    12  dunder.o(i.__mathlib_dbl_invalid)
    __mathlib_dbl_underflow                  0x08001ec9   Thumb Code    10  dunder.o(i.__mathlib_dbl_underflow)
    _is_digit                                0x08001ed9   Thumb Code    14  __printf_wp.o(i._is_digit)
    _sys_exit                                0x08001ee7   Thumb Code     6  usart.o(i._sys_exit)
    asin                                     0x08001eed   Thumb Code   572  asin.o(i.asin)
    atan                                     0x0800215d   Thumb Code   474  atan.o(i.atan)
    atan2                                    0x0800237d   Thumb Code   346  atan2.o(i.atan2)
    delay_init                               0x08002561   Thumb Code    50  delay.o(i.delay_init)
    delay_ms                                 0x080025a5   Thumb Code    72  delay.o(i.delay_ms)
    delay_us                                 0x080025f1   Thumb Code    72  delay.o(i.delay_us)
    dmp_enable_6x_lp_quat                    0x0800263d   Thumb Code    60  inv_mpu_dmp_motion_driver.o(i.dmp_enable_6x_lp_quat)
    dmp_enable_feature                       0x08002679   Thumb Code   530  inv_mpu_dmp_motion_driver.o(i.dmp_enable_feature)
    dmp_enable_gyro_cal                      0x08002895   Thumb Code    62  inv_mpu_dmp_motion_driver.o(i.dmp_enable_gyro_cal)
    dmp_enable_lp_quat                       0x080028ed   Thumb Code    60  inv_mpu_dmp_motion_driver.o(i.dmp_enable_lp_quat)
    dmp_load_motion_driver_firmware          0x08002929   Thumb Code    20  inv_mpu_dmp_motion_driver.o(i.dmp_load_motion_driver_firmware)
    dmp_read_fifo                            0x08002941   Thumb Code   456  inv_mpu_dmp_motion_driver.o(i.dmp_read_fifo)
    dmp_set_accel_bias                       0x08002b0d   Thumb Code   300  inv_mpu_dmp_motion_driver.o(i.dmp_set_accel_bias)
    dmp_set_fifo_rate                        0x08002c3d   Thumb Code    96  inv_mpu_dmp_motion_driver.o(i.dmp_set_fifo_rate)
    dmp_set_gyro_bias                        0x08002cad   Thumb Code   294  inv_mpu_dmp_motion_driver.o(i.dmp_set_gyro_bias)
    dmp_set_orientation                      0x08002ddd   Thumb Code   290  inv_mpu_dmp_motion_driver.o(i.dmp_set_orientation)
    dmp_set_shake_reject_thresh              0x08002f15   Thumb Code    56  inv_mpu_dmp_motion_driver.o(i.dmp_set_shake_reject_thresh)
    dmp_set_shake_reject_time                0x08002f4d   Thumb Code    38  inv_mpu_dmp_motion_driver.o(i.dmp_set_shake_reject_time)
    dmp_set_shake_reject_timeout             0x08002f73   Thumb Code    38  inv_mpu_dmp_motion_driver.o(i.dmp_set_shake_reject_timeout)
    dmp_set_tap_axes                         0x08002f99   Thumb Code    70  inv_mpu_dmp_motion_driver.o(i.dmp_set_tap_axes)
    dmp_set_tap_count                        0x08002fdf   Thumb Code    38  inv_mpu_dmp_motion_driver.o(i.dmp_set_tap_count)
    dmp_set_tap_thresh                       0x08003005   Thumb Code   396  inv_mpu_dmp_motion_driver.o(i.dmp_set_tap_thresh)
    dmp_set_tap_time                         0x080031a5   Thumb Code    38  inv_mpu_dmp_motion_driver.o(i.dmp_set_tap_time)
    dmp_set_tap_time_multi                   0x080031cb   Thumb Code    38  inv_mpu_dmp_motion_driver.o(i.dmp_set_tap_time_multi)
    fputc                                    0x080031f1   Thumb Code    24  usart.o(i.fputc)
    i2cReadBuffer                            0x0800367d   Thumb Code   120  myiic.o(i.i2cReadBuffer)
    i2cWriteBuffer                           0x080036f5   Thumb Code    94  myiic.o(i.i2cWriteBuffer)
    i2cread                                  0x08003753   Thumb Code    36  myiic.o(i.i2cread)
    i2cwrite                                 0x08003777   Thumb Code    36  myiic.o(i.i2cwrite)
    main                                     0x08003811   Thumb Code  1764  main.o(i.main)
    mget_ms                                  0x08003f3d   Thumb Code     2  delay.o(i.mget_ms)
    mpu_configure_fifo                       0x08003f41   Thumb Code   106  inv_mpu.o(i.mpu_configure_fifo)
    mpu_get_accel_fsr                        0x08003fb1   Thumb Code    72  inv_mpu.o(i.mpu_get_accel_fsr)
    mpu_get_accel_sens                       0x08003ffd   Thumb Code    78  inv_mpu.o(i.mpu_get_accel_sens)
    mpu_get_fifo_config                      0x08004051   Thumb Code    12  inv_mpu.o(i.mpu_get_fifo_config)
    mpu_get_gyro_fsr                         0x08004061   Thumb Code    64  inv_mpu.o(i.mpu_get_gyro_fsr)
    mpu_get_gyro_sens                        0x080040a5   Thumb Code    58  inv_mpu.o(i.mpu_get_gyro_sens)
    mpu_get_lpf                              0x080040f5   Thumb Code    74  inv_mpu.o(i.mpu_get_lpf)
    mpu_get_sample_rate                      0x08004145   Thumb Code    26  inv_mpu.o(i.mpu_get_sample_rate)
    mpu_init                                 0x08004165   Thumb Code   286  inv_mpu.o(i.mpu_init)
    mpu_load_firmware                        0x08004289   Thumb Code   180  inv_mpu.o(i.mpu_load_firmware)
    mpu_lp_accel_mode                        0x08004341   Thumb Code   280  inv_mpu.o(i.mpu_lp_accel_mode)
    mpu_read_fifo_stream                     0x0800445d   Thumb Code   186  inv_mpu.o(i.mpu_read_fifo_stream)
    mpu_read_mem                             0x0800451d   Thumb Code   122  inv_mpu.o(i.mpu_read_mem)
    mpu_reset_fifo                           0x0800459d   Thumb Code   450  inv_mpu.o(i.mpu_reset_fifo)
    mpu_run_self_test                        0x08004765   Thumb Code   168  inv_mpu.o(i.mpu_run_self_test)
    mpu_set_accel_fsr                        0x08004811   Thumb Code   126  inv_mpu.o(i.mpu_set_accel_fsr)
    mpu_set_bypass                           0x08004895   Thumb Code   328  inv_mpu.o(i.mpu_set_bypass)
    mpu_set_compass_sample_rate              0x080049e1   Thumb Code    92  inv_mpu.o(i.mpu_set_compass_sample_rate)
    mpu_set_dmp_state                        0x08004a41   Thumb Code   138  inv_mpu.o(i.mpu_set_dmp_state)
    mpu_set_gyro_fsr                         0x08004ad1   Thumb Code   132  inv_mpu.o(i.mpu_set_gyro_fsr)
    mpu_set_int_latched                      0x08004b59   Thumb Code   102  inv_mpu.o(i.mpu_set_int_latched)
    mpu_set_lpf                              0x08004bc5   Thumb Code   126  inv_mpu.o(i.mpu_set_lpf)
    mpu_set_sample_rate                      0x08004c49   Thumb Code   174  inv_mpu.o(i.mpu_set_sample_rate)
    mpu_set_sensors                          0x08004cfd   Thumb Code   354  inv_mpu.o(i.mpu_set_sensors)
    mpu_write_mem                            0x08004e65   Thumb Code   122  inv_mpu.o(i.mpu_write_mem)
    sqrt                                     0x080052ad   Thumb Code    76  sqrt.o(i.sqrt)
    uart_init                                0x080052f9   Thumb Code   130  usart.o(i.uart_init)
    xdelay_ms                                0x08005385   Thumb Code    24  main.o(i.xdelay_ms)
    xdelay_us                                0x0800539d   Thumb Code    26  main.o(i.xdelay_us)
    _get_lc_numeric                          0x080053b9   Thumb Code    44  lc_numeric_c.o(locale$$code)
    __aeabi_d2f                              0x080053e5   Thumb Code     0  d2f.o(x$fpl$d2f)
    _d2f                                     0x080053e5   Thumb Code    98  d2f.o(x$fpl$d2f)
    __aeabi_dadd                             0x08005449   Thumb Code     0  daddsub_clz.o(x$fpl$dadd)
    _dadd                                    0x08005449   Thumb Code   332  daddsub_clz.o(x$fpl$dadd)
    __fpl_dcheck_NaN1                        0x08005599   Thumb Code    10  dcheck1.o(x$fpl$dcheck1)
    __aeabi_ddiv                             0x080055a9   Thumb Code     0  ddiv.o(x$fpl$ddiv)
    _ddiv                                    0x080055a9   Thumb Code   552  ddiv.o(x$fpl$ddiv)
    __aeabi_dmul                             0x08005859   Thumb Code     0  dmul.o(x$fpl$dmul)
    _dmul                                    0x08005859   Thumb Code   332  dmul.o(x$fpl$dmul)
    __fpl_dnaninf                            0x080059ad   Thumb Code   156  dnaninf.o(x$fpl$dnaninf)
    __fpl_dretinf                            0x08005a49   Thumb Code    12  dretinf.o(x$fpl$dretinf)
    __aeabi_drsub                            0x08005a55   Thumb Code     0  daddsub_clz.o(x$fpl$drsb)
    _drsb                                    0x08005a55   Thumb Code    22  daddsub_clz.o(x$fpl$drsb)
    _dsqrt                                   0x08005a6d   Thumb Code   456  dsqrt_noumaal.o(x$fpl$dsqrt)
    __aeabi_dsub                             0x08005c39   Thumb Code     0  daddsub_clz.o(x$fpl$dsub)
    _dsub                                    0x08005c39   Thumb Code   464  daddsub_clz.o(x$fpl$dsub)
    __aeabi_f2d                              0x08005e0d   Thumb Code     0  f2d.o(x$fpl$f2d)
    _f2d                                     0x08005e0d   Thumb Code    86  f2d.o(x$fpl$f2d)
    __aeabi_fadd                             0x08005e65   Thumb Code     0  faddsub_clz.o(x$fpl$fadd)
    _fadd                                    0x08005e65   Thumb Code   196  faddsub_clz.o(x$fpl$fadd)
    __aeabi_fdiv                             0x08005f29   Thumb Code     0  fdiv.o(x$fpl$fdiv)
    _fdiv                                    0x08005f29   Thumb Code   384  fdiv.o(x$fpl$fdiv)
    __aeabi_f2iz                             0x080060ad   Thumb Code     0  ffix.o(x$fpl$ffix)
    _ffix                                    0x080060ad   Thumb Code    54  ffix.o(x$fpl$ffix)
    __aeabi_f2uiz                            0x080060e5   Thumb Code     0  ffixu.o(x$fpl$ffixu)
    _ffixu                                   0x080060e5   Thumb Code    62  ffixu.o(x$fpl$ffixu)
    __aeabi_i2f                              0x08006125   Thumb Code     0  fflt_clz.o(x$fpl$fflt)
    _fflt                                    0x08006125   Thumb Code    48  fflt_clz.o(x$fpl$fflt)
    __aeabi_ui2f                             0x08006155   Thumb Code     0  fflt_clz.o(x$fpl$ffltu)
    _ffltu                                   0x08006155   Thumb Code    38  fflt_clz.o(x$fpl$ffltu)
    __aeabi_fmul                             0x0800617d   Thumb Code     0  fmul.o(x$fpl$fmul)
    _fmul                                    0x0800617d   Thumb Code   258  fmul.o(x$fpl$fmul)
    __fpl_fnaninf                            0x0800627f   Thumb Code   140  fnaninf.o(x$fpl$fnaninf)
    __fpl_fretinf                            0x0800630b   Thumb Code    10  fretinf.o(x$fpl$fretinf)
    __aeabi_fsub                             0x08006315   Thumb Code     0  faddsub_clz.o(x$fpl$fsub)
    _fsub                                    0x08006315   Thumb Code   234  faddsub_clz.o(x$fpl$fsub)
    _printf_fp_dec                           0x080063ff   Thumb Code     4  printf1.o(x$fpl$printf1)
    __fpl_return_NaN                         0x08006403   Thumb Code   100  retnan.o(x$fpl$retnan)
    __ARM_scalbn                             0x08006467   Thumb Code    92  scalbn.o(x$fpl$scalbn)
    __fpl_cmpreturn                          0x080064c3   Thumb Code    48  trapv.o(x$fpl$trapveneer)
    __I$use$fp                               0x080064f2   Number         0  usenofp.o(x$fpl$usenofp)
    reg                                      0x080064f4   Data          42  inv_mpu.o(.constdata)
    hw                                       0x0800651e   Data          14  inv_mpu.o(.constdata)
    test                                     0x0800652c   Data          40  inv_mpu.o(.constdata)
    __mathlib_zero                           0x08007238   Data           8  qnan.o(.constdata)
    Region$$Table$$Base                      0x080072d4   Number         0  anon$$obj.o(Region$$Table)
    Region$$Table$$Limit                     0x080072f4   Number         0  anon$$obj.o(Region$$Table)
    q0                                       0x20000000   Data           4  main.o(.data)
    q1                                       0x20000004   Data           4  main.o(.data)
    q2                                       0x20000008   Data           4  main.o(.data)
    q3                                       0x2000000c   Data           4  main.o(.data)
    show_tab                                 0x20000010   Data          11  main.o(.data)
    Pitch                                    0x2000001c   Data           4  main.o(.data)
    Roll                                     0x20000020   Data           4  main.o(.data)
    Yaw                                      0x20000024   Data           4  main.o(.data)
    temp                                     0x20000028   Data           4  main.o(.data)
    rx_new                                   0x2000002c   Data           1  main.o(.data)
    sensor_timestamp                         0x20000038   Data           4  main.o(.data)
    gyro                                     0x2000003c   Data           6  main.o(.data)
    accel                                    0x20000042   Data           6  main.o(.data)
    sensors                                  0x20000048   Data           2  main.o(.data)
    more                                     0x2000004a   Data           1  main.o(.data)
    SystemCoreClock                          0x2000004c   Data           4  system_stm32f10x.o(.data)
    AHBPrescTable                            0x20000050   Data          16  system_stm32f10x.o(.data)
    __stdout                                 0x2000009c   Data           4  usart.o(.data)
    USART_RX_STA                             0x200000a0   Data           2  usart.o(.data)
    quat                                     0x200000c8   Data          16  main.o(.bss)
    USART_RX_BUF                             0x200000e8   Data         200  usart.o(.bss)
    __libspace_start                         0x200001b0   Data          96  libspace.o(.bss)
    __temporary_stack_top$libspace           0x20000210   Data           0  libspace.o(.bss)



==============================================================================

Memory Map of the image

  Image Entry point : 0x08000131

  Load Region LR_IROM1 (Base: 0x08000000, Size: 0x000073c8, Max: 0x00040000, ABSOLUTE)

    Execution Region ER_IROM1 (Base: 0x08000000, Size: 0x00007310, Max: 0x00040000, ABSOLUTE)

    Base Addr    Size         Type   Attr      Idx    E Section Name        Object

    0x08000000   0x00000130   Data   RO         1323    RESET               startup_stm32f10x_hd.o
    0x08000130   0x00000008   Code   RO         1920  * !!!main             c_w.l(__main.o)
    0x08000138   0x00000034   Code   RO         2286    !!!scatter          c_w.l(__scatter.o)
    0x0800016c   0x0000001a   Code   RO         2288    !!handler_copy      c_w.l(__scatter_copy.o)
    0x08000186   0x00000002   PAD
    0x08000188   0x0000001c   Code   RO         2290    !!handler_zi        c_w.l(__scatter_zi.o)
    0x080001a4   0x00000000   Code   RO         1913    .ARM.Collect$$_printf_percent$$00000000  c_w.l(_printf_percent.o)
    0x080001a4   0x00000006   Code   RO         1912    .ARM.Collect$$_printf_percent$$00000003  c_w.l(_printf_f.o)
    0x080001aa   0x00000004   Code   RO         2007    .ARM.Collect$$_printf_percent$$00000017  c_w.l(_printf_percent_end.o)
    0x080001ae   0x00000002   Code   RO         2153    .ARM.Collect$$libinit$$00000000  c_w.l(libinit.o)
    0x080001b0   0x00000000   Code   RO         2155    .ARM.Collect$$libinit$$00000002  c_w.l(libinit2.o)
    0x080001b0   0x00000000   Code   RO         2157    .ARM.Collect$$libinit$$00000004  c_w.l(libinit2.o)
    0x080001b0   0x00000000   Code   RO         2160    .ARM.Collect$$libinit$$0000000A  c_w.l(libinit2.o)
    0x080001b0   0x00000000   Code   RO         2162    .ARM.Collect$$libinit$$0000000C  c_w.l(libinit2.o)
    0x080001b0   0x00000000   Code   RO         2164    .ARM.Collect$$libinit$$0000000E  c_w.l(libinit2.o)
    0x080001b0   0x00000006   Code   RO         2165    .ARM.Collect$$libinit$$0000000F  c_w.l(libinit2.o)
    0x080001b6   0x00000000   Code   RO         2167    .ARM.Collect$$libinit$$00000011  c_w.l(libinit2.o)
    0x080001b6   0x00000000   Code   RO         2169    .ARM.Collect$$libinit$$00000013  c_w.l(libinit2.o)
    0x080001b6   0x00000000   Code   RO         2171    .ARM.Collect$$libinit$$00000015  c_w.l(libinit2.o)
    0x080001b6   0x0000000a   Code   RO         2172    .ARM.Collect$$libinit$$00000016  c_w.l(libinit2.o)
    0x080001c0   0x00000000   Code   RO         2173    .ARM.Collect$$libinit$$00000017  c_w.l(libinit2.o)
    0x080001c0   0x00000000   Code   RO         2175    .ARM.Collect$$libinit$$00000019  c_w.l(libinit2.o)
    0x080001c0   0x00000000   Code   RO         2177    .ARM.Collect$$libinit$$0000001B  c_w.l(libinit2.o)
    0x080001c0   0x00000000   Code   RO         2179    .ARM.Collect$$libinit$$0000001D  c_w.l(libinit2.o)
    0x080001c0   0x00000000   Code   RO         2181    .ARM.Collect$$libinit$$0000001F  c_w.l(libinit2.o)
    0x080001c0   0x00000000   Code   RO         2183    .ARM.Collect$$libinit$$00000021  c_w.l(libinit2.o)
    0x080001c0   0x00000000   Code   RO         2185    .ARM.Collect$$libinit$$00000023  c_w.l(libinit2.o)
    0x080001c0   0x00000000   Code   RO         2187    .ARM.Collect$$libinit$$00000025  c_w.l(libinit2.o)
    0x080001c0   0x00000000   Code   RO         2191    .ARM.Collect$$libinit$$0000002C  c_w.l(libinit2.o)
    0x080001c0   0x00000000   Code   RO         2193    .ARM.Collect$$libinit$$0000002E  c_w.l(libinit2.o)
    0x080001c0   0x00000000   Code   RO         2195    .ARM.Collect$$libinit$$00000030  c_w.l(libinit2.o)
    0x080001c0   0x00000000   Code   RO         2197    .ARM.Collect$$libinit$$00000032  c_w.l(libinit2.o)
    0x080001c0   0x00000002   Code   RO         2198    .ARM.Collect$$libinit$$00000033  c_w.l(libinit2.o)
    0x080001c2   0x00000002   Code   RO         2246    .ARM.Collect$$libshutdown$$00000000  c_w.l(libshutdown.o)
    0x080001c4   0x00000000   Code   RO         2255    .ARM.Collect$$libshutdown$$00000002  c_w.l(libshutdown2.o)
    0x080001c4   0x00000000   Code   RO         2257    .ARM.Collect$$libshutdown$$00000004  c_w.l(libshutdown2.o)
    0x080001c4   0x00000000   Code   RO         2260    .ARM.Collect$$libshutdown$$00000007  c_w.l(libshutdown2.o)
    0x080001c4   0x00000000   Code   RO         2263    .ARM.Collect$$libshutdown$$0000000A  c_w.l(libshutdown2.o)
    0x080001c4   0x00000000   Code   RO         2265    .ARM.Collect$$libshutdown$$0000000C  c_w.l(libshutdown2.o)
    0x080001c4   0x00000000   Code   RO         2268    .ARM.Collect$$libshutdown$$0000000F  c_w.l(libshutdown2.o)
    0x080001c4   0x00000002   Code   RO         2269    .ARM.Collect$$libshutdown$$00000010  c_w.l(libshutdown2.o)
    0x080001c6   0x00000000   Code   RO         1996    .ARM.Collect$$rtentry$$00000000  c_w.l(__rtentry.o)
    0x080001c6   0x00000000   Code   RO         2059    .ARM.Collect$$rtentry$$00000002  c_w.l(__rtentry2.o)
    0x080001c6   0x00000006   Code   RO         2071    .ARM.Collect$$rtentry$$00000004  c_w.l(__rtentry4.o)
    0x080001cc   0x00000000   Code   RO         2061    .ARM.Collect$$rtentry$$00000009  c_w.l(__rtentry2.o)
    0x080001cc   0x00000004   Code   RO         2062    .ARM.Collect$$rtentry$$0000000A  c_w.l(__rtentry2.o)
    0x080001d0   0x00000000   Code   RO         2064    .ARM.Collect$$rtentry$$0000000C  c_w.l(__rtentry2.o)
    0x080001d0   0x00000008   Code   RO         2065    .ARM.Collect$$rtentry$$0000000D  c_w.l(__rtentry2.o)
    0x080001d8   0x00000002   Code   RO         2203    .ARM.Collect$$rtexit$$00000000  c_w.l(rtexit.o)
    0x080001da   0x00000000   Code   RO         2216    .ARM.Collect$$rtexit$$00000002  c_w.l(rtexit2.o)
    0x080001da   0x00000004   Code   RO         2217    .ARM.Collect$$rtexit$$00000003  c_w.l(rtexit2.o)
    0x080001de   0x00000006   Code   RO         2218    .ARM.Collect$$rtexit$$00000004  c_w.l(rtexit2.o)
    0x080001e4   0x00000040   Code   RO         1324    .text               startup_stm32f10x_hd.o
    0x08000224   0x00000002   Code   RO         1860    .text               c_w.l(use_no_semi_2.o)
    0x08000226   0x00000048   Code   RO         1862    .text               c_w.l(llsdiv.o)
    0x0800026e   0x00000002   PAD
    0x08000270   0x00000018   Code   RO         1866    .text               c_w.l(noretval__2printf.o)
    0x08000288   0x0000010e   Code   RO         1899    .text               c_w.l(__printf_wp.o)
    0x08000396   0x00000058   Code   RO         1914    .text               c_w.l(memcmp.o)
    0x080003ee   0x00000010   Code   RO         1916    .text               c_w.l(aeabi_memset.o)
    0x080003fe   0x00000006   Code   RO         1918    .text               c_w.l(heapauxi.o)
    0x08000404   0x00000002   Code   RO         1994    .text               c_w.l(use_no_semi.o)
    0x08000406   0x000000ee   Code   RO         1997    .text               c_w.l(lludivv7m.o)
    0x080004f4   0x00000016   Code   RO         1999    .text               c_w.l(_rserrno.o)
    0x0800050a   0x0000041a   Code   RO         2003    .text               c_w.l(_printf_fp_dec.o)
    0x08000924   0x00000024   Code   RO         2005    .text               c_w.l(_printf_char_file.o)
    0x08000948   0x00000044   Code   RO         2008    .text               c_w.l(rt_memclr.o)
    0x0800098c   0x00000008   Code   RO         2080    .text               c_w.l(rt_locale_intlibspace.o)
    0x08000994   0x00000008   Code   RO         2085    .text               c_w.l(rt_errno_addr_intlibspace.o)
    0x0800099c   0x0000008a   Code   RO         2087    .text               c_w.l(lludiv10.o)
    0x08000a26   0x00000002   PAD
    0x08000a28   0x00000030   Code   RO         2089    .text               c_w.l(_printf_char_common.o)
    0x08000a58   0x00000080   Code   RO         2091    .text               c_w.l(_printf_fp_infnan.o)
    0x08000ad8   0x000000dc   Code   RO         2093    .text               c_w.l(bigflt0.o)
    0x08000bb4   0x00000008   Code   RO         2118    .text               c_w.l(ferror.o)
    0x08000bbc   0x0000004e   Code   RO         2125    .text               c_w.l(rt_memclr_w.o)
    0x08000c0a   0x00000002   PAD
    0x08000c0c   0x00000008   Code   RO         2135    .text               c_w.l(libspace.o)
    0x08000c14   0x0000004a   Code   RO         2138    .text               c_w.l(sys_stackheap_outer.o)
    0x08000c5e   0x00000012   Code   RO         2144    .text               c_w.l(exit.o)
    0x08000c70   0x00000080   Code   RO         2146    .text               c_w.l(strcmpv7m.o)
    0x08000cf0   0x0000003e   Code   RO         2096    CL$$btod_d2e        c_w.l(btod.o)
    0x08000d2e   0x00000046   Code   RO         2098    CL$$btod_d2e_denorm_low  c_w.l(btod.o)
    0x08000d74   0x00000060   Code   RO         2097    CL$$btod_d2e_norm_op1  c_w.l(btod.o)
    0x08000dd4   0x00000338   Code   RO         2106    CL$$btod_div_common  c_w.l(btod.o)
    0x0800110c   0x000000c6   Code   RO         2103    CL$$btod_e2e        c_w.l(btod.o)
    0x080011d2   0x00000028   Code   RO         2100    CL$$btod_ediv       c_w.l(btod.o)
    0x080011fa   0x00000028   Code   RO         2099    CL$$btod_emul       c_w.l(btod.o)
    0x08001222   0x00000244   Code   RO         2105    CL$$btod_mult_common  c_w.l(btod.o)
    0x08001466   0x00000004   Code   RO          175    i.BusFault_Handler  stm32f10x_it.o
    0x0800146a   0x00000002   Code   RO          176    i.DebugMon_Handler  stm32f10x_it.o
    0x0800146c   0x00000116   Code   RO         1334    i.GPIO_Init         stm32f10x_gpio.o
    0x08001582   0x00000004   Code   RO         1342    i.GPIO_SetBits      stm32f10x_gpio.o
    0x08001586   0x00000004   Code   RO          177    i.HardFault_Handler  stm32f10x_it.o
    0x0800158a   0x00000002   PAD
    0x0800158c   0x00000050   Code   RO          549    i.IIC_Ack           myiic.o
    0x080015dc   0x00000040   Code   RO          550    i.IIC_Init          myiic.o
    0x0800161c   0x00000050   Code   RO          551    i.IIC_NAck          myiic.o
    0x0800166c   0x00000064   Code   RO          552    i.IIC_Read_Byte     myiic.o
    0x080016d0   0x00000068   Code   RO          553    i.IIC_Send_Byte     myiic.o
    0x08001738   0x0000004c   Code   RO          554    i.IIC_Start         myiic.o
    0x08001784   0x0000004c   Code   RO          555    i.IIC_Stop          myiic.o
    0x080017d0   0x00000064   Code   RO          556    i.IIC_Wait_Ack      myiic.o
    0x08001834   0x00000050   Code   RO          308    i.LED_Init          led.o
    0x08001884   0x00000004   Code   RO          178    i.MemManage_Handler  stm32f10x_it.o
    0x08001888   0x00000002   Code   RO          179    i.NMI_Handler       stm32f10x_it.o
    0x0800188a   0x00000018   Code   RO          627    i.NVIC_Config       nvic.o
    0x080018a2   0x00000002   PAD
    0x080018a4   0x00000070   Code   RO         1822    i.NVIC_Init         misc.o
    0x08001914   0x00000014   Code   RO         1823    i.NVIC_PriorityGroupConfig  misc.o
    0x08001928   0x00000002   Code   RO          180    i.PendSV_Handler    stm32f10x_it.o
    0x0800192a   0x00000002   PAD
    0x0800192c   0x00000020   Code   RO         1446    i.RCC_APB2PeriphClockCmd  stm32f10x_rcc.o
    0x0800194c   0x000000d4   Code   RO         1454    i.RCC_GetClocksFreq  stm32f10x_rcc.o
    0x08001a20   0x00000002   Code   RO          181    i.SVC_Handler       stm32f10x_it.o
    0x08001a22   0x00000008   Code   RO          274    i.SetSysClock       system_stm32f10x.o
    0x08001a2a   0x00000002   PAD
    0x08001a2c   0x000000e0   Code   RO          275    i.SetSysClockTo72   system_stm32f10x.o
    0x08001b0c   0x00000028   Code   RO         1826    i.SysTick_CLKSourceConfig  misc.o
    0x08001b34   0x00000002   Code   RO          182    i.SysTick_Handler   stm32f10x_it.o
    0x08001b36   0x00000002   PAD
    0x08001b38   0x00000060   Code   RO          277    i.SystemInit        system_stm32f10x.o
    0x08001b98   0x00000088   Code   RO          183    i.USART1_IRQHandler  stm32f10x_it.o
    0x08001c20   0x00000020   Code   RO          628    i.USART1_NVIC_Config  nvic.o
    0x08001c40   0x00000018   Code   RO         1646    i.USART_Cmd         stm32f10x_usart.o
    0x08001c58   0x00000054   Code   RO         1650    i.USART_GetITStatus  stm32f10x_usart.o
    0x08001cac   0x0000004a   Code   RO         1652    i.USART_ITConfig    stm32f10x_usart.o
    0x08001cf6   0x00000002   PAD
    0x08001cf8   0x000000d8   Code   RO         1653    i.USART_Init        stm32f10x_usart.o
    0x08001dd0   0x0000000a   Code   RO         1660    i.USART_ReceiveData  stm32f10x_usart.o
    0x08001dda   0x00000004   Code   RO          184    i.UsageFault_Handler  stm32f10x_it.o
    0x08001dde   0x00000028   Code   RO         2045    i.__ARM_fpclassify  m_ws.l(fpclassify.o)
    0x08001e06   0x000000aa   Code   RO         2047    i.__kernel_poly     m_ws.l(poly.o)
    0x08001eb0   0x00000006   Code   RO         2032    i.__mathlib_dbl_infnan  m_ws.l(dunder.o)
    0x08001eb6   0x00000004   Code   RO         2033    i.__mathlib_dbl_infnan2  m_ws.l(dunder.o)
    0x08001eba   0x0000000c   Code   RO         2034    i.__mathlib_dbl_invalid  m_ws.l(dunder.o)
    0x08001ec6   0x00000002   PAD
    0x08001ec8   0x00000010   Code   RO         2037    i.__mathlib_dbl_underflow  m_ws.l(dunder.o)
    0x08001ed8   0x0000000e   Code   RO         1901    i._is_digit         c_w.l(__printf_wp.o)
    0x08001ee6   0x00000006   Code   RO         1253    i._sys_exit         usart.o
    0x08001eec   0x00000270   Code   RO         1977    i.asin              m_ws.l(asin.o)
    0x0800215c   0x00000220   Code   RO         2022    i.atan              m_ws.l(atan.o)
    0x0800237c   0x00000180   Code   RO         1987    i.atan2             m_ws.l(atan2.o)
    0x080024fc   0x00000064   Code   RO         1009    i.decode_gesture    inv_mpu_dmp_motion_driver.o
    0x08002560   0x00000044   Code   RO         1191    i.delay_init        delay.o
    0x080025a4   0x0000004c   Code   RO         1192    i.delay_ms          delay.o
    0x080025f0   0x0000004c   Code   RO         1193    i.delay_us          delay.o
    0x0800263c   0x0000003c   Code   RO         1010    i.dmp_enable_6x_lp_quat  inv_mpu_dmp_motion_driver.o
    0x08002678   0x0000021c   Code   RO         1011    i.dmp_enable_feature  inv_mpu_dmp_motion_driver.o
    0x08002894   0x00000058   Code   RO         1012    i.dmp_enable_gyro_cal  inv_mpu_dmp_motion_driver.o
    0x080028ec   0x0000003c   Code   RO         1013    i.dmp_enable_lp_quat  inv_mpu_dmp_motion_driver.o
    0x08002928   0x00000018   Code   RO         1018    i.dmp_load_motion_driver_firmware  inv_mpu_dmp_motion_driver.o
    0x08002940   0x000001cc   Code   RO         1019    i.dmp_read_fifo     inv_mpu_dmp_motion_driver.o
    0x08002b0c   0x00000130   Code   RO         1022    i.dmp_set_accel_bias  inv_mpu_dmp_motion_driver.o
    0x08002c3c   0x00000070   Code   RO         1023    i.dmp_set_fifo_rate  inv_mpu_dmp_motion_driver.o
    0x08002cac   0x00000130   Code   RO         1024    i.dmp_set_gyro_bias  inv_mpu_dmp_motion_driver.o
    0x08002ddc   0x00000138   Code   RO         1026    i.dmp_set_orientation  inv_mpu_dmp_motion_driver.o
    0x08002f14   0x00000038   Code   RO         1029    i.dmp_set_shake_reject_thresh  inv_mpu_dmp_motion_driver.o
    0x08002f4c   0x00000026   Code   RO         1030    i.dmp_set_shake_reject_time  inv_mpu_dmp_motion_driver.o
    0x08002f72   0x00000026   Code   RO         1031    i.dmp_set_shake_reject_timeout  inv_mpu_dmp_motion_driver.o
    0x08002f98   0x00000046   Code   RO         1032    i.dmp_set_tap_axes  inv_mpu_dmp_motion_driver.o
    0x08002fde   0x00000026   Code   RO         1033    i.dmp_set_tap_count  inv_mpu_dmp_motion_driver.o
    0x08003004   0x000001a0   Code   RO         1034    i.dmp_set_tap_thresh  inv_mpu_dmp_motion_driver.o
    0x080031a4   0x00000026   Code   RO         1035    i.dmp_set_tap_time  inv_mpu_dmp_motion_driver.o
    0x080031ca   0x00000026   Code   RO         1036    i.dmp_set_tap_time_multi  inv_mpu_dmp_motion_driver.o
    0x080031f0   0x0000001c   Code   RO         1254    i.fputc             usart.o
    0x0800320c   0x00000470   Code   RO          738    i.get_st_biases     inv_mpu.o
    0x0800367c   0x00000078   Code   RO          557    i.i2cReadBuffer     myiic.o
    0x080036f4   0x0000005e   Code   RO          558    i.i2cWriteBuffer    myiic.o
    0x08003752   0x00000024   Code   RO          559    i.i2cread           myiic.o
    0x08003776   0x00000024   Code   RO          560    i.i2cwrite          myiic.o
    0x0800379a   0x00000028   Code   RO            1    i.inv_orientation_matrix_to_scalar  main.o
    0x080037c2   0x0000004e   Code   RO            2    i.inv_row_2_scale   main.o
    0x08003810   0x0000072c   Code   RO            3    i.main              main.o
    0x08003f3c   0x00000002   Code   RO         1194    i.mget_ms           delay.o
    0x08003f3e   0x00000002   PAD
    0x08003f40   0x00000070   Code   RO          739    i.mpu_configure_fifo  inv_mpu.o
    0x08003fb0   0x0000004c   Code   RO          740    i.mpu_get_accel_fsr  inv_mpu.o
    0x08003ffc   0x00000054   Code   RO          742    i.mpu_get_accel_sens  inv_mpu.o
    0x08004050   0x00000010   Code   RO          747    i.mpu_get_fifo_config  inv_mpu.o
    0x08004060   0x00000044   Code   RO          748    i.mpu_get_gyro_fsr  inv_mpu.o
    0x080040a4   0x00000050   Code   RO          750    i.mpu_get_gyro_sens  inv_mpu.o
    0x080040f4   0x00000050   Code   RO          752    i.mpu_get_lpf       inv_mpu.o
    0x08004144   0x00000020   Code   RO          754    i.mpu_get_sample_rate  inv_mpu.o
    0x08004164   0x00000124   Code   RO          756    i.mpu_init          inv_mpu.o
    0x08004288   0x000000b8   Code   RO          757    i.mpu_load_firmware  inv_mpu.o
    0x08004340   0x0000011c   Code   RO          758    i.mpu_lp_accel_mode  inv_mpu.o
    0x0800445c   0x000000c0   Code   RO          761    i.mpu_read_fifo_stream  inv_mpu.o
    0x0800451c   0x00000080   Code   RO          762    i.mpu_read_mem      inv_mpu.o
    0x0800459c   0x000001c8   Code   RO          765    i.mpu_reset_fifo    inv_mpu.o
    0x08004764   0x000000ac   Code   RO          766    i.mpu_run_self_test  inv_mpu.o
    0x08004810   0x00000084   Code   RO          768    i.mpu_set_accel_fsr  inv_mpu.o
    0x08004894   0x0000014c   Code   RO          769    i.mpu_set_bypass    inv_mpu.o
    0x080049e0   0x00000060   Code   RO          770    i.mpu_set_compass_sample_rate  inv_mpu.o
    0x08004a40   0x00000090   Code   RO          771    i.mpu_set_dmp_state  inv_mpu.o
    0x08004ad0   0x00000088   Code   RO          772    i.mpu_set_gyro_fsr  inv_mpu.o
    0x08004b58   0x0000006c   Code   RO          773    i.mpu_set_int_latched  inv_mpu.o
    0x08004bc4   0x00000084   Code   RO          775    i.mpu_set_lpf       inv_mpu.o
    0x08004c48   0x000000b4   Code   RO          776    i.mpu_set_sample_rate  inv_mpu.o
    0x08004cfc   0x00000168   Code   RO          777    i.mpu_set_sensors   inv_mpu.o
    0x08004e64   0x00000080   Code   RO          778    i.mpu_write_mem     inv_mpu.o
    0x08004ee4   0x000000e4   Code   RO            4    i.run_self_test     main.o
    0x08004fc8   0x00000090   Code   RO          779    i.set_int_enable    inv_mpu.o
    0x08005058   0x00000254   Code   RO          780    i.setup_compass     inv_mpu.o
    0x080052ac   0x0000004c   Code   RO         2051    i.sqrt              m_ws.l(sqrt.o)
    0x080052f8   0x0000008c   Code   RO         1258    i.uart_init         usart.o
    0x08005384   0x00000018   Code   RO            5    i.xdelay_ms         main.o
    0x0800539c   0x0000001a   Code   RO            6    i.xdelay_us         main.o
    0x080053b6   0x00000002   PAD
    0x080053b8   0x0000002c   Code   RO         2123    locale$$code        c_w.l(lc_numeric_c.o)
    0x080053e4   0x00000062   Code   RO         1922    x$fpl$d2f           fz_ws.l(d2f.o)
    0x08005446   0x00000002   PAD
    0x08005448   0x00000150   Code   RO         1924    x$fpl$dadd          fz_ws.l(daddsub_clz.o)
    0x08005598   0x00000010   Code   RO         2127    x$fpl$dcheck1       fz_ws.l(dcheck1.o)
    0x080055a8   0x000002b0   Code   RO         1931    x$fpl$ddiv          fz_ws.l(ddiv.o)
    0x08005858   0x00000154   Code   RO         1944    x$fpl$dmul          fz_ws.l(dmul.o)
    0x080059ac   0x0000009c   Code   RO         2010    x$fpl$dnaninf       fz_ws.l(dnaninf.o)
    0x08005a48   0x0000000c   Code   RO         2012    x$fpl$dretinf       fz_ws.l(dretinf.o)
    0x08005a54   0x00000016   Code   RO         1925    x$fpl$drsb          fz_ws.l(daddsub_clz.o)
    0x08005a6a   0x00000002   PAD
    0x08005a6c   0x000001cc   Code   RO         2131    x$fpl$dsqrt         fz_ws.l(dsqrt_noumaal.o)
    0x08005c38   0x000001d4   Code   RO         1926    x$fpl$dsub          fz_ws.l(daddsub_clz.o)
    0x08005e0c   0x00000056   Code   RO         1946    x$fpl$f2d           fz_ws.l(f2d.o)
    0x08005e62   0x00000002   PAD
    0x08005e64   0x000000c4   Code   RO         1948    x$fpl$fadd          fz_ws.l(faddsub_clz.o)
    0x08005f28   0x00000184   Code   RO         1955    x$fpl$fdiv          fz_ws.l(fdiv.o)
    0x080060ac   0x00000036   Code   RO         1958    x$fpl$ffix          fz_ws.l(ffix.o)
    0x080060e2   0x00000002   PAD
    0x080060e4   0x0000003e   Code   RO         1962    x$fpl$ffixu         fz_ws.l(ffixu.o)
    0x08006122   0x00000002   PAD
    0x08006124   0x00000030   Code   RO         1967    x$fpl$fflt          fz_ws.l(fflt_clz.o)
    0x08006154   0x00000026   Code   RO         1966    x$fpl$ffltu         fz_ws.l(fflt_clz.o)
    0x0800617a   0x00000002   PAD
    0x0800617c   0x00000102   Code   RO         1972    x$fpl$fmul          fz_ws.l(fmul.o)
    0x0800627e   0x0000008c   Code   RO         2014    x$fpl$fnaninf       fz_ws.l(fnaninf.o)
    0x0800630a   0x0000000a   Code   RO         2016    x$fpl$fretinf       fz_ws.l(fretinf.o)
    0x08006314   0x000000ea   Code   RO         1950    x$fpl$fsub          fz_ws.l(faddsub_clz.o)
    0x080063fe   0x00000004   Code   RO         1974    x$fpl$printf1       fz_ws.l(printf1.o)
    0x08006402   0x00000064   Code   RO         2201    x$fpl$retnan        fz_ws.l(retnan.o)
    0x08006466   0x0000005c   Code   RO         2018    x$fpl$scalbn        fz_ws.l(scalbn.o)
    0x080064c2   0x00000030   Code   RO         2213    x$fpl$trapveneer    fz_ws.l(trapv.o)
    0x080064f2   0x00000000   Code   RO         2020    x$fpl$usenofp       fz_ws.l(usenofp.o)
    0x080064f2   0x00000002   PAD
    0x080064f4   0x00000060   Data   RO          781    .constdata          inv_mpu.o
    0x08006554   0x00000bf6   Data   RO         1038    .constdata          inv_mpu_dmp_motion_driver.o
    0x0800714a   0x00000006   PAD
    0x08007150   0x00000050   Data   RO         1978    .constdata          m_ws.l(asin.o)
    0x080071a0   0x00000098   Data   RO         2023    .constdata          m_ws.l(atan.o)
    0x08007238   0x00000008   Data   RO         2049    .constdata          m_ws.l(qnan.o)
    0x08007240   0x00000094   Data   RO         2094    .constdata          c_w.l(bigflt0.o)
    0x080072d4   0x00000020   Data   RO         2284    Region$$Table       anon$$obj.o
    0x080072f4   0x0000001c   Data   RO         2122    locale$$data        c_w.l(lc_numeric_c.o)


    Execution Region RW_IRAM1 (Base: 0x20000000, Size: 0x00000810, Max: 0x0000c000, ABSOLUTE)

    Base Addr    Size         Type   Attr      Idx    E Section Name        Object

    0x20000000   0x0000004b   Data   RW            8    .data               main.o
    0x2000004b   0x00000001   PAD
    0x2000004c   0x00000014   Data   RW          278    .data               system_stm32f10x.o
    0x20000060   0x00000038   Data   RW          782    .data               inv_mpu.o
    0x20000098   0x00000004   Data   RW         1195    .data               delay.o
    0x2000009c   0x00000006   Data   RW         1260    .data               usart.o
    0x200000a2   0x00000014   Data   RW         1474    .data               stm32f10x_rcc.o
    0x200000b6   0x00000002   PAD
    0x200000b8   0x00000020   Zero   RW            7    .bss                main.o
    0x200000d8   0x00000010   Zero   RW         1037    .bss                inv_mpu_dmp_motion_driver.o
    0x200000e8   0x000000c8   Zero   RW         1259    .bss                usart.o
    0x200001b0   0x00000060   Zero   RW         2136    .bss                c_w.l(libspace.o)
    0x20000210   0x00000200   Zero   RW         1322    HEAP                startup_stm32f10x_hd.o
    0x20000410   0x00000400   Zero   RW         1321    STACK               startup_stm32f10x_hd.o


==============================================================================

Image component sizes


      Code (inc. data)   RO Data    RW Data    ZI Data      Debug   Object Name

       222         26          0          4          0       2185   delay.o
      5880        202         96         56          0      26913   inv_mpu.o
      3096        122       3062          0         16      20882   inv_mpu_dmp_motion_driver.o
        80          8          0          0          0        499   led.o
      2232        940          0         75         32     238031   main.o
       172         22          0          0          0       2057   misc.o
       966        108          0          0          0       7568   myiic.o
        56          0          0          0          0       1059   nvic.o
        64         26        304          0       1536        804   startup_stm32f10x_hd.o
       282          0          0          0          0       2499   stm32f10x_gpio.o
       162         14          0          0          0     207318   stm32f10x_it.o
       244         26          0         20          0       3861   stm32f10x_rcc.o
       408          6          0          0          0       5002   stm32f10x_usart.o
         0          0          0          0          0         32   sys.o
       328         28          0         20          0       2085   system_stm32f10x.o
       174         14          0          6        200       3572   usart.o

    ----------------------------------------------------------------------
     14382       1542       3500        184       1784     524367   Object Totals
         0          0         32          0          0          0   (incl. Generated)
        16          0          6          3          0          0   (incl. Padding)

    ----------------------------------------------------------------------

      Code (inc. data)   RO Data    RW Data    ZI Data      Debug   Library Member Name

         8          0          0          0          0         68   __main.o
       284          0          0          0          0        156   __printf_wp.o
         0          0          0          0          0          0   __rtentry.o
        12          0          0          0          0          0   __rtentry2.o
         6          0          0          0          0          0   __rtentry4.o
        52          8          0          0          0          0   __scatter.o
        26          0          0          0          0          0   __scatter_copy.o
        28          0          0          0          0          0   __scatter_zi.o
        48          6          0          0          0         96   _printf_char_common.o
        36          4          0          0          0         80   _printf_char_file.o
         6          0          0          0          0          0   _printf_f.o
      1050          0          0          0          0        216   _printf_fp_dec.o
       128         16          0          0          0         84   _printf_fp_infnan.o
         0          0          0          0          0          0   _printf_percent.o
         4          0          0          0          0          0   _printf_percent_end.o
        22          0          0          0          0        100   _rserrno.o
        16          0          0          0          0         68   aeabi_memset.o
       220          4        148          0          0         96   bigflt0.o
      1910        128          0          0          0        672   btod.o
        18          0          0          0          0         80   exit.o
         8          0          0          0          0         68   ferror.o
         6          0          0          0          0        152   heapauxi.o
        44         10         28          0          0         76   lc_numeric_c.o
         2          0          0          0          0          0   libinit.o
        18          0          0          0          0          0   libinit2.o
         2          0          0          0          0          0   libshutdown.o
         2          0          0          0          0          0   libshutdown2.o
         8          4          0          0         96         68   libspace.o
        72          0          0          0          0         76   llsdiv.o
       138          0          0          0          0         80   lludiv10.o
       238          0          0          0          0        100   lludivv7m.o
        88          0          0          0          0         76   memcmp.o
        24          4          0          0          0         84   noretval__2printf.o
         8          4          0          0          0         68   rt_errno_addr_intlibspace.o
         8          4          0          0          0         68   rt_locale_intlibspace.o
        68          0          0          0          0         68   rt_memclr.o
        78          0          0          0          0         80   rt_memclr_w.o
         2          0          0          0          0          0   rtexit.o
        10          0          0          0          0          0   rtexit2.o
       128          0          0          0          0         68   strcmpv7m.o
        74          0          0          0          0         80   sys_stackheap_outer.o
         2          0          0          0          0         68   use_no_semi.o
         2          0          0          0          0         68   use_no_semi_2.o
        98          4          0          0          0         92   d2f.o
       826         16          0          0          0        348   daddsub_clz.o
        16          4          0          0          0         68   dcheck1.o
       688        140          0          0          0        208   ddiv.o
       340         12          0          0          0        104   dmul.o
       156          4          0          0          0         92   dnaninf.o
        12          0          0          0          0         68   dretinf.o
       460         56          0          0          0        120   dsqrt_noumaal.o
        86          4          0          0          0         84   f2d.o
       430          8          0          0          0        168   faddsub_clz.o
       388         76          0          0          0         96   fdiv.o
        54          4          0          0          0         84   ffix.o
        62          4          0          0          0         84   ffixu.o
        86          0          0          0          0        136   fflt_clz.o
       258          4          0          0          0         84   fmul.o
       140          4          0          0          0         84   fnaninf.o
        10          0          0          0          0         68   fretinf.o
         4          0          0          0          0         68   printf1.o
       100          0          0          0          0         68   retnan.o
        92          0          0          0          0         68   scalbn.o
        48          0          0          0          0         68   trapv.o
         0          0          0          0          0          0   usenofp.o
       624         52         80          0          0        168   asin.o
       544         70        152          0          0        124   atan.o
       384         38          0          0          0        144   atan2.o
        38          6          0          0          0        272   dunder.o
        40          0          0          0          0         68   fpclassify.o
       170          0          0          0          0         96   poly.o
         0          0          8          0          0          0   qnan.o
        76          0          0          0          0         84   sqrt.o

    ----------------------------------------------------------------------
     11158        698        416          0         96       6280   Library Totals
        24          0          0          0          0          0   (incl. Padding)

    ----------------------------------------------------------------------

      Code (inc. data)   RO Data    RW Data    ZI Data      Debug   Library Name

      4904        192        176          0         96       3064   c_w.l
      4354        340          0          0          0       2260   fz_ws.l
      1876        166        240          0          0        956   m_ws.l

    ----------------------------------------------------------------------
     11158        698        416          0         96       6280   Library Totals

    ----------------------------------------------------------------------

==============================================================================


      Code (inc. data)   RO Data    RW Data    ZI Data      Debug   

     25540       2240       3916        184       1880     522167   Grand Totals
     25540       2240       3916        184       1880     522167   ELF Image Totals
     25540       2240       3916        184          0          0   ROM Totals

==============================================================================

    Total RO  Size (Code + RO Data)                29456 (  28.77kB)
    Total RW  Size (RW Data + ZI Data)              2064 (   2.02kB)
    Total ROM Size (Code + RO Data + RW Data)      29640 (  28.95kB)

==============================================================================

