Product: MDK-ARM Standard 5.10
Component: ARM Compiler 5.04 update 1 (build 49)
Tool: armlink [5040049]

==============================================================================

Section Cross References

    main.o(i.main) refers to _printf_percent.o(.ARM.Collect$$_printf_percent$$00000000) for _printf_percent
    main.o(i.main) refers to _printf_f.o(.ARM.Collect$$_printf_percent$$00000003) for _printf_f
    main.o(i.main) refers to printf1.o(x$fpl$printf1) for _printf_fp_dec
    main.o(i.main) refers to delay.o(i.delay_init) for delay_init
    main.o(i.main) refers to usart.o(i.uart_init) for uart_init
    main.o(i.main) refers to led.o(i.LED_Init) for LED_Init
    main.o(i.main) refers to myiic.o(i.IIC_Init) for IIC_Init
    main.o(i.main) refers to mpu9250.o(i.Init_MPU9250) for Init_MPU9250
    main.o(i.main) refers to imu.o(i.Gyro_Correct) for Gyro_Correct
    main.o(i.main) refers to imu.o(i.Acc_Correct) for Acc_Correct
    main.o(i.main) refers to noretval__2printf.o(.text) for __2printf
    main.o(i.main) refers to imu.o(i.AHRS_Dataprepare) for AHRS_Dataprepare
    main.o(i.main) refers to imu.o(i.AHRSupdate) for AHRSupdate
    main.o(i.main) refers to f2d.o(x$fpl$f2d) for __aeabi_f2d
    main.o(i.main) refers to delay.o(i.delay_ms) for delay_ms
    main.o(i.main) refers to main.o(.bss) for MagFinal
    main.o(i.main) refers to main.o(.data) for Pitch
    stm32f10x_it.o(i.USART1_IRQHandler) refers to stm32f10x_usart.o(i.USART_GetITStatus) for USART_GetITStatus
    stm32f10x_it.o(i.USART1_IRQHandler) refers to stm32f10x_usart.o(i.USART_ReceiveData) for USART_ReceiveData
    stm32f10x_it.o(i.USART1_IRQHandler) refers to usart.o(.data) for USART_RX_STA
    stm32f10x_it.o(i.USART1_IRQHandler) refers to usart.o(.bss) for USART_RX_BUF
    system_stm32f10x.o(i.SetSysClock) refers to system_stm32f10x.o(i.SetSysClockTo72) for SetSysClockTo72
    system_stm32f10x.o(i.SystemCoreClockUpdate) refers to system_stm32f10x.o(.data) for SystemCoreClock
    system_stm32f10x.o(i.SystemInit) refers to system_stm32f10x.o(i.SetSysClock) for SetSysClock
    led.o(i.LED_Init) refers to stm32f10x_rcc.o(i.RCC_APB2PeriphClockCmd) for RCC_APB2PeriphClockCmd
    led.o(i.LED_Init) refers to stm32f10x_gpio.o(i.GPIO_Init) for GPIO_Init
    led.o(i.LED_Init) refers to stm32f10x_gpio.o(i.GPIO_SetBits) for GPIO_SetBits
    lcd.o(i.LCD_Clear) refers to lcd.o(i.LCD_SetCursor) for LCD_SetCursor
    lcd.o(i.LCD_Clear) refers to lcd.o(i.LCD_WriteRAM_Prepare) for LCD_WriteRAM_Prepare
    lcd.o(i.LCD_Clear) refers to lcd.o(.bss) for lcddev
    lcd.o(i.LCD_Color_Fill) refers to lcd.o(i.LCD_SetCursor) for LCD_SetCursor
    lcd.o(i.LCD_Color_Fill) refers to lcd.o(i.LCD_WriteRAM_Prepare) for LCD_WriteRAM_Prepare
    lcd.o(i.LCD_DisplayOff) refers to lcd.o(i.LCD_WR_REG) for LCD_WR_REG
    lcd.o(i.LCD_DisplayOff) refers to lcd.o(i.LCD_WriteReg) for LCD_WriteReg
    lcd.o(i.LCD_DisplayOff) refers to lcd.o(.bss) for lcddev
    lcd.o(i.LCD_DisplayOn) refers to lcd.o(i.LCD_WR_REG) for LCD_WR_REG
    lcd.o(i.LCD_DisplayOn) refers to lcd.o(i.LCD_WriteReg) for LCD_WriteReg
    lcd.o(i.LCD_DisplayOn) refers to lcd.o(.bss) for lcddev
    lcd.o(i.LCD_Display_Dir) refers to lcd.o(i.LCD_Scan_Dir) for LCD_Scan_Dir
    lcd.o(i.LCD_Display_Dir) refers to lcd.o(.bss) for lcddev
    lcd.o(i.LCD_DrawLine) refers to lcd.o(i.LCD_DrawPoint) for LCD_DrawPoint
    lcd.o(i.LCD_DrawPoint) refers to lcd.o(i.LCD_SetCursor) for LCD_SetCursor
    lcd.o(i.LCD_DrawPoint) refers to lcd.o(i.LCD_WriteRAM_Prepare) for LCD_WriteRAM_Prepare
    lcd.o(i.LCD_DrawPoint) refers to lcd.o(.data) for POINT_COLOR
    lcd.o(i.LCD_DrawRectangle) refers to lcd.o(i.LCD_DrawLine) for LCD_DrawLine
    lcd.o(i.LCD_Draw_Circle) refers to lcd.o(i.LCD_DrawPoint) for LCD_DrawPoint
    lcd.o(i.LCD_Fast_DrawPoint) refers to lcd.o(i.LCD_WR_REG) for LCD_WR_REG
    lcd.o(i.LCD_Fast_DrawPoint) refers to lcd.o(i.LCD_WriteReg) for LCD_WriteReg
    lcd.o(i.LCD_Fast_DrawPoint) refers to lcd.o(.bss) for lcddev
    lcd.o(i.LCD_Fill) refers to lcd.o(i.LCD_SetCursor) for LCD_SetCursor
    lcd.o(i.LCD_Fill) refers to lcd.o(i.LCD_WriteRAM_Prepare) for LCD_WriteRAM_Prepare
    lcd.o(i.LCD_Fill) refers to lcd.o(.bss) for lcddev
    lcd.o(i.LCD_Init) refers to _printf_percent.o(.ARM.Collect$$_printf_percent$$00000000) for _printf_percent
    lcd.o(i.LCD_Init) refers to _printf_x.o(.ARM.Collect$$_printf_percent$$0000000C) for _printf_x
    lcd.o(i.LCD_Init) refers to _printf_hex_int.o(.text) for _printf_longlong_hex
    lcd.o(i.LCD_Init) refers to stm32f10x_rcc.o(i.RCC_APB2PeriphClockCmd) for RCC_APB2PeriphClockCmd
    lcd.o(i.LCD_Init) refers to stm32f10x_gpio.o(i.GPIO_PinRemapConfig) for GPIO_PinRemapConfig
    lcd.o(i.LCD_Init) refers to stm32f10x_gpio.o(i.GPIO_Init) for GPIO_Init
    lcd.o(i.LCD_Init) refers to stm32f10x_gpio.o(i.GPIO_SetBits) for GPIO_SetBits
    lcd.o(i.LCD_Init) refers to delay.o(i.delay_ms) for delay_ms
    lcd.o(i.LCD_Init) refers to lcd.o(i.LCD_WriteReg) for LCD_WriteReg
[...]
    ../clib/printf.c                         0x00000000   Number         0  _printf_hex_ll_ptr.o ABSOLUTE
    ../clib/printf.c                         0x00000000   Number         0  _printf_hex_int_ptr.o ABSOLUTE
    ../clib/printf.c                         0x00000000   Number         0  _printf_hex_ptr.o ABSOLUTE
    ../clib/printf.c                         0x00000000   Number         0  __printf_nopercent.o ABSOLUTE
    ../clib/printf.c                         0x00000000   Number         0  _printf_hex_int_ll.o ABSOLUTE
    ../clib/printf.c                         0x00000000   Number         0  _printf_hex_int.o ABSOLUTE
    ../clib/printf.c                         0x00000000   Number         0  _printf_hex_ll.o ABSOLUTE
    ../clib/printf.c                         0x00000000   Number         0  __printf.o ABSOLUTE
    ../clib/printf.c                         0x00000000   Number         0  _printf_fp_infnan.o ABSOLUTE
    ../clib/printf.c                         0x00000000   Number         0  noretval__2printf.o ABSOLUTE
    ../clib/printf.c                         0x00000000   Number         0  __2printf.o ABSOLUTE
    ../clib/printf.c                         0x00000000   Number         0  __printf_wp.o ABSOLUTE
    ../clib/printf.c                         0x00000000   Number         0  __printf_ss.o ABSOLUTE
    ../clib/printf.c                         0x00000000   Number         0  __printf_flags_ss_wp.o ABSOLUTE
    ../clib/printf.c                         0x00000000   Number         0  __printf_ss_wp.o ABSOLUTE
    ../clib/printf.c                         0x00000000   Number         0  __printf_flags_wp.o ABSOLUTE
    ../clib/printf.c                         0x00000000   Number         0  __printf_flags_ss.o ABSOLUTE
    ../clib/printf.c                         0x00000000   Number         0  _printf_char_common.o ABSOLUTE
    ../clib/printf.c                         0x00000000   Number         0  __printf_flags.o ABSOLUTE
    ../clib/printf_percent.s                 0x00000000   Number         0  _printf_percent_end.o ABSOLUTE
    ../clib/printf_percent.s                 0x00000000   Number         0  _printf_percent.o ABSOLUTE
    ../clib/printf_percent.s                 0x00000000   Number         0  _printf_f.o ABSOLUTE
    ../clib/printf_percent.s                 0x00000000   Number         0  _printf_x.o ABSOLUTE
    ../clib/signal.c                         0x00000000   Number         0  defsig_other.o ABSOLUTE
    ../clib/signal.c                         0x00000000   Number         0  defsig_cppl_inner.o ABSOLUTE
    ../clib/signal.c                         0x00000000   Number         0  defsig_stak_inner.o ABSOLUTE
    ../clib/signal.c                         0x00000000   Number         0  defsig_rtred_inner.o ABSOLUTE
    ../clib/signal.c                         0x00000000   Number         0  defsig_exit.o ABSOLUTE
    ../clib/signal.c                         0x00000000   Number         0  __raise.o ABSOLUTE
    ../clib/signal.c                         0x00000000   Number         0  defsig_rtmem_formal.o ABSOLUTE
    ../clib/signal.c                         0x00000000   Number         0  defsig_segv_inner.o ABSOLUTE
    ../clib/signal.c                         0x00000000   Number         0  defsig_rtmem_outer.o ABSOLUTE
    ../clib/signal.c                         0x00000000   Number         0  defsig_pvfn_inner.o ABSOLUTE
    ../clib/signal.c                         0x00000000   Number         0  defsig_rtmem_inner.o ABSOLUTE
    ../clib/signal.c                         0x00000000   Number         0  defsig_general.o ABSOLUTE
    ../clib/signal.c                         0x00000000   Number         0  defsig_abrt_inner.o ABSOLUTE
    ../clib/signal.c                         0x00000000   Number         0  defsig_fpe_inner.o ABSOLUTE
    ../clib/signal.s                         0x00000000   Number         0  defsig.o ABSOLUTE
    ../clib/stdio.c                          0x00000000   Number         0  ferror.o ABSOLUTE
    ../clib/stdio.c                          0x00000000   Number         0  ferror_locked.o ABSOLUTE
    ../clib/stdlib.c                         0x00000000   Number         0  exit.o ABSOLUTE
    ../fplib/d2f.s                           0x00000000   Number         0  d2f.o ABSOLUTE
    ../fplib/daddsub.s                       0x00000000   Number         0  daddsub_clz.o ABSOLUTE
    ../fplib/dcheck1.s                       0x00000000   Number         0  dcheck1.o ABSOLUTE
    ../fplib/dcmpi.s                         0x00000000   Number         0  dcmpi.o ABSOLUTE
    ../fplib/ddiv.s                          0x00000000   Number         0  ddiv.o ABSOLUTE
    ../fplib/dfixu.s                         0x00000000   Number         0  dfixu.o ABSOLUTE
    ../fplib/dflt.s                          0x00000000   Number         0  dflt_clz.o ABSOLUTE
    ../fplib/dleqf.s                         0x00000000   Number         0  dleqf.o ABSOLUTE
    ../fplib/dmul.s                          0x00000000   Number         0  dmul.o ABSOLUTE
    ../fplib/dnaninf.s                       0x00000000   Number         0  dnaninf.o ABSOLUTE
    ../fplib/dretinf.s                       0x00000000   Number         0  dretinf.o ABSOLUTE
    ../fplib/dsqrt.s                         0x00000000   Number         0  dsqrt_noumaal.o ABSOLUTE
    ../fplib/f2d.s                           0x00000000   Number         0  f2d.o ABSOLUTE
    ../fplib/faddsub.s                       0x00000000   Number         0  faddsub_clz.o ABSOLUTE
    ../fplib/fcmpi.s                         0x00000000   Number         0  fcmpi.o ABSOLUTE
    ../fplib/feqf.s                          0x00000000   Number         0  feqf.o ABSOLUTE
    ../fplib/fflt.s                          0x00000000   Number         0  fflt_clz.o ABSOLUTE
    ../fplib/fmul.s                          0x00000000   Number         0  fmul.o ABSOLUTE
    ../fplib/fnaninf.s                       0x00000000   Number         0  fnaninf.o ABSOLUTE
    ../fplib/fpinit.s                        0x00000000   Number         0  fpinit.o ABSOLUTE
    ../fplib/fretinf.s                       0x00000000   Number         0  fretinf.o ABSOLUTE
    ../fplib/istatus.s                       0x00000000   Number         0  istatus.o ABSOLUTE
    ../fplib/printf1.s                       0x00000000   Number         0  printf1.o ABSOLUTE
    ../fplib/retnan.s                        0x00000000   Number         0  retnan.o ABSOLUTE
    ../fplib/scalbn.s                        0x00000000   Number         0  scalbn.o ABSOLUTE
    ../fplib/trapv.s                         0x00000000   Number         0  trapv.o ABSOLUTE
    ../fplib/usenofp.s                       0x00000000   Number         0  usenofp.o ABSOLUTE
    ../mathlib/asin.c                        0x00000000   Number         0  asin_x.o ABSOLUTE
    ../mathlib/asin.c                        0x00000000   Number         0  asin.o ABSOLUTE
    ../mathlib/atan.c                        0x00000000   Number         0  atan.o ABSOLUTE
    ../mathlib/atan.c                        0x00000000   Number         0  atan_x.o ABSOLUTE
    ../mathlib/atan2.c                       0x00000000   Number         0  atan2_x.o ABSOLUTE
    ../mathlib/atan2.c                       0x00000000   Number         0  atan2.o ABSOLUTE
    ../mathlib/dunder.c                      0x00000000   Number         0  dunder.o ABSOLUTE
    ../mathlib/fpclassify.c                  0x00000000   Number         0  fpclassify.o ABSOLUTE
    ../mathlib/poly.c                        0x00000000   Number         0  poly.o ABSOLUTE
    ../mathlib/qnan.c                        0x00000000   Number         0  qnan.o ABSOLUTE
    ../mathlib/sqrt.c                        0x00000000   Number         0  sqrt_x.o ABSOLUTE
    ../mathlib/sqrt.c                        0x00000000   Number         0  sqrt.o ABSOLUTE
    ..\CORE\core_cm3.c                       0x00000000   Number         0  core_cm3.o ABSOLUTE
    ..\CORE\startup_stm32f10x_hd.s           0x00000000   Number         0  startup_stm32f10x_hd.o ABSOLUTE
    ..\HARDWARE\24CXX\24cxx.c                0x00000000   Number         0  24cxx.o ABSOLUTE
    ..\HARDWARE\IIC\myiic.c                  0x00000000   Number         0  myiic.o ABSOLUTE
    ..\HARDWARE\IMU\imu.c                    0x00000000   Number         0  imu.o ABSOLUTE
    ..\HARDWARE\KEY\key.c                    0x00000000   Number         0  key.o ABSOLUTE
    ..\HARDWARE\LCD\lcd.c                    0x00000000   Number         0  lcd.o ABSOLUTE
    ..\HARDWARE\LED\led.c                    0x00000000   Number         0  led.o ABSOLUTE
    ..\HARDWARE\MPU9250\mpu9250.c            0x00000000   Number         0  mpu9250.o ABSOLUTE
    ..\HARDWARE\NVIC\nvic.c                  0x00000000   Number         0  nvic.o ABSOLUTE
    ..\STM32F10x_FWLib\src\misc.c            0x00000000   Number         0  misc.o ABSOLUTE
    ..\STM32F10x_FWLib\src\stm32f10x_gpio.c  0x00000000   Number         0  stm32f10x_gpio.o ABSOLUTE
    ..\STM32F10x_FWLib\src\stm32f10x_rcc.c   0x00000000   Number         0  stm32f10x_rcc.o ABSOLUTE
    ..\STM32F10x_FWLib\src\stm32f10x_usart.c 0x00000000   Number         0  stm32f10x_usart.o ABSOLUTE
    ..\SYSTEM\delay\delay.c                  0x00000000   Number         0  delay.o ABSOLUTE
    ..\SYSTEM\sys\sys.c                      0x00000000   Number         0  sys.o ABSOLUTE
    ..\SYSTEM\usart\usart.c                  0x00000000   Number         0  usart.o ABSOLUTE
    ..\\CORE\\core_cm3.c                     0x00000000   Number         0  core_cm3.o ABSOLUTE
    ..\\SYSTEM\\sys\\sys.c                   0x00000000   Number         0  sys.o ABSOLUTE
    dc.s                                     0x00000000   Number         0  dc.o ABSOLUTE
    main.c                                   0x00000000   Number         0  main.o ABSOLUTE
    stm32f10x_it.c                           0x00000000   Number         0  stm32f10x_it.o ABSOLUTE
    system_stm32f10x.c                       0x00000000   Number         0  system_stm32f10x.o ABSOLUTE
    RESET                                    0x08000000   Section      304  startup_stm32f10x_hd.o(RESET)
    !!!main                                  0x08000130   Section        8  __main.o(!!!main)
    !!!scatter                               0x08000138   Section       52  __scatter.o(!!!scatter)
    !!handler_copy                           0x0800016c   Section       26  __scatter_copy.o(!!handler_copy)
    !!handler_zi                             0x08000188   Section       28  __scatter_zi.o(!!handler_zi)
    .ARM.Collect$$_printf_percent$$00000000  0x080001a4   Section        0  _printf_percent.o(.ARM.Collect$$_printf_percent$$00000000)
    .ARM.Collect$$_printf_percent$$00000003  0x080001a4   Section        6  _printf_f.o(.ARM.Collect$$_printf_percent$$00000003)
    .ARM.Collect$$_printf_percent$$00000017  0x080001aa   Section        4  _printf_percent_end.o(.ARM.Collect$$_printf_percent$$00000017)
    .ARM.Collect$$libinit$$00000000          0x080001ae   Section        2  libinit.o(.ARM.Collect$$libinit$$00000000)
    .ARM.Collect$$libinit$$00000002          0x080001b0   Section        0  libinit2.o(.ARM.Collect$$libinit$$00000002)
    .ARM.Collect$$libinit$$00000008          0x080001b0   Section        0  libinit2.o(.ARM.Collect$$libinit$$00000008)
    .ARM.Collect$$libinit$$0000000A          0x080001b0   Section        0  libinit2.o(.ARM.Collect$$libinit$$0000000A)
    .ARM.Collect$$libinit$$0000000C          0x080001b0   Section        0  libinit2.o(.ARM.Collect$$libinit$$0000000C)
    .ARM.Collect$$libinit$$0000000D          0x080001b0   Section        6  libinit2.o(.ARM.Collect$$libinit$$0000000D)
    .ARM.Collect$$libinit$$0000000F          0x080001b6   Section        0  libinit2.o(.ARM.Collect$$libinit$$0000000F)
    .ARM.Collect$$libinit$$00000011          0x080001b6   Section        0  libinit2.o(.ARM.Collect$$libinit$$00000011)
    .ARM.Collect$$libinit$$00000013          0x080001b6   Section        0  libinit2.o(.ARM.Collect$$libinit$$00000013)
    .ARM.Collect$$libinit$$00000014          0x080001b6   Section       10  libinit2.o(.ARM.Collect$$libinit$$00000014)
    .ARM.Collect$$libinit$$00000015          0x080001c0   Section        0  libinit2.o(.ARM.Collect$$libinit$$00000015)
    .ARM.Collect$$libinit$$00000017          0x080001c0   Section        0  libinit2.o(.ARM.Collect$$libinit$$00000017)
    .ARM.Collect$$libinit$$00000019          0x080001c0   Section        0  libinit2.o(.ARM.Collect$$libinit$$00000019)
    .ARM.Collect$$libinit$$0000001B          0x080001c0   Section        0  libinit2.o(.ARM.Collect$$libinit$$0000001B)
    .ARM.Collect$$libinit$$0000001D          0x080001c0   Section        0  libinit2.o(.ARM.Collect$$libinit$$0000001D)
    .ARM.Collect$$libinit$$0000001F          0x080001c0   Section        0  libinit2.o(.ARM.Collect$$libinit$$0000001F)
    .ARM.Collect$$libinit$$00000021          0x080001c0   Section        0  libinit2.o(.ARM.Collect$$libinit$$00000021)
    .ARM.Collect$$libinit$$00000023          0x080001c0   Section        0  libinit2.o(.ARM.Collect$$libinit$$00000023)
    .ARM.Collect$$libinit$$0000002A          0x080001c0   Section        0  libinit2.o(.ARM.Collect$$libinit$$0000002A)
    .ARM.Collect$$libinit$$0000002C          0x080001c0   Section        0  libinit2.o(.ARM.Collect$$libinit$$0000002C)
    .ARM.Collect$$libinit$$0000002E          0x080001c0   Section        0  libinit2.o(.ARM.Collect$$libinit$$0000002E)
    .ARM.Collect$$libinit$$00000030          0x080001c0   Section        0  libinit2.o(.ARM.Collect$$libinit$$00000030)
    .ARM.Collect$$libinit$$00000031          0x080001c0   Section        2  libinit2.o(.ARM.Collect$$libinit$$00000031)
    .ARM.Collect$$libshutdown$$00000000      0x080001c2   Section        2  libshutdown.o(.ARM.Collect$$libshutdown$$00000000)
    .ARM.Collect$$libshutdown$$00000003      0x080001c4   Section        0  libshutdown2.o(.ARM.Collect$$libshutdown$$00000003)
    .ARM.Collect$$libshutdown$$00000006      0x080001c4   Section        0  libshutdown2.o(.ARM.Collect$$libshutdown$$00000006)
    .ARM.Collect$$libshutdown$$00000009      0x080001c4   Section        0  libshutdown2.o(.ARM.Collect$$libshutdown$$00000009)
    .ARM.Collect$$libshutdown$$0000000B      0x080001c4   Section        0  libshutdown2.o(.ARM.Collect$$libshutdown$$0000000B)
    .ARM.Collect$$libshutdown$$0000000E      0x080001c4   Section        0  libshutdown2.o(.ARM.Collect$$libshutdown$$0000000E)
    .ARM.Collect$$libshutdown$$0000000F      0x080001c4   Section        2  libshutdown2.o(.ARM.Collect$$libshutdown$$0000000F)
    .ARM.Collect$$rtentry$$00000000          0x080001c6   Section        0  rtentry.o(.ARM.Collect$$rtentry$$00000000)
    .ARM.Collect$$rtentry$$00000002          0x080001c6   Section        0  rtentry2.o(.ARM.Collect$$rtentry$$00000002)
    .ARM.Collect$$rtentry$$00000004          0x080001c6   Section        6  rtentry4.o(.ARM.Collect$$rtentry$$00000004)
    .ARM.Collect$$rtentry$$00000009          0x080001cc   Section        0  rtentry2.o(.ARM.Collect$$rtentry$$00000009)
    .ARM.Collect$$rtentry$$0000000A          0x080001cc   Section        4  rtentry2.o(.ARM.Collect$$rtentry$$0000000A)
    .ARM.Collect$$rtentry$$0000000C          0x080001d0   Section        0  rtentry2.o(.ARM.Collect$$rtentry$$0000000C)
    .ARM.Collect$$rtentry$$0000000D          0x080001d0   Section        8  rtentry2.o(.ARM.Collect$$rtentry$$0000000D)
    .ARM.Collect$$rtexit$$00000000           0x080001d8   Section        2  rtexit.o(.ARM.Collect$$rtexit$$00000000)
    .ARM.Collect$$rtexit$$00000002           0x080001da   Section        0  rtexit2.o(.ARM.Collect$$rtexit$$00000002)
    .ARM.Collect$$rtexit$$00000003           0x080001da   Section        4  rtexit2.o(.ARM.Collect$$rtexit$$00000003)
    .ARM.Collect$$rtexit$$00000004           0x080001de   Section        6  rtexit2.o(.ARM.Collect$$rtexit$$00000004)
    .text                                    0x080001e4   Section       64  startup_stm32f10x_hd.o(.text)
    .text                                    0x08000224   Section        2  use_no_semi_2.o(.text)
    .text                                    0x08000228   Section        0  noretval__2printf.o(.text)
    .text                                    0x08000240   Section        0  __printf_wp.o(.text)
    .text                                    0x0800034e   Section        0  heapauxi.o(.text)
    .text                                    0x08000354   Section        2  use_no_semi.o(.text)
    .text                                    0x08000356   Section        0  _rserrno.o(.text)
    .text                                    0x0800036c   Section        0  _printf_fp_dec.o(.text)
    _fp_digits                               0x0800036f   Thumb Code   428  _printf_fp_dec.o(.text)
    .text                                    0x08000784   Section        0  _printf_char_file.o(.text)
    .text                                    0x080007a8   Section        8  rt_locale_intlibspace.o(.text)
    .text                                    0x080007b0   Section        8  rt_errno_addr_intlibspace.o(.text)
    .text                                    0x080007b8   Section      138  lludiv10.o(.text)
    .text                                    0x08000844   Section        0  _printf_char_common.o(.text)
    _printf_input_char                       0x08000845   Thumb Code    10  _printf_char_common.o(.text)
    .text                                    0x08000874   Section        0  _printf_fp_infnan.o(.text)
    .text                                    0x080008f4   Section        0  bigflt0.o(.text)
    .text                                    0x080009cc   Section        0  ferror.o(.text)
    .text                                    0x080009d4   Section        8  libspace.o(.text)
    .text                                    0x080009dc   Section       74  sys_stackheap_outer.o(.text)
    .text                                    0x08000a26   Section        0  exit.o(.text)
    .text                                    0x08000a34   Section      128  strcmpv7m.o(.text)
    CL$$btod_d2e                             0x08000ab4   Section       62  btod.o(CL$$btod_d2e)
    CL$$btod_d2e_denorm_low                  0x08000af2   Section       70  btod.o(CL$$btod_d2e_denorm_low)
    CL$$btod_d2e_norm_op1                    0x08000b38   Section       96  btod.o(CL$$btod_d2e_norm_op1)
    CL$$btod_div_common                      0x08000b98   Section      824  btod.o(CL$$btod_div_common)
    CL$$btod_e2e                             0x08000ed0   Section      198  btod.o(CL$$btod_e2e)
    CL$$btod_ediv                            0x08000f96   Section       40  btod.o(CL$$btod_ediv)
    CL$$btod_emul                            0x08000fbe   Section       40  btod.o(CL$$btod_emul)
    CL$$btod_mult_common                     0x08000fe6   Section      580  btod.o(CL$$btod_mult_common)
    i.AHRS_Dataprepare                       0x0800122c   Section        0  imu.o(i.AHRS_Dataprepare)
    i.AHRSupdate                             0x0800144c   Section        0  imu.o(i.AHRSupdate)
    i.Acc_Correct                            0x08002430   Section        0  imu.o(i.Acc_Correct)
    i.BusFault_Handler                       0x08002494   Section        0  stm32f10x_it.o(i.BusFault_Handler)
    i.DebugMon_Handler                       0x08002498   Section        0  stm32f10x_it.o(i.DebugMon_Handler)
    i.GPIO_Init                              0x0800249a   Section        0  stm32f10x_gpio.o(i.GPIO_Init)
    i.GPIO_SetBits                           0x080025b0   Section        0  stm32f10x_gpio.o(i.GPIO_SetBits)
    i.Get_MPU9250_DATA                       0x080025b4   Section        0  imu.o(i.Get_MPU9250_DATA)
    i.Gyro_Correct                           0x080025ec   Section        0  imu.o(i.Gyro_Correct)
    i.HardFault_Handler                      0x08002654   Section        0  stm32f10x_it.o(i.HardFault_Handler)
    i.IIC_Ack                                0x08002658   Section        0  myiic.o(i.IIC_Ack)
    i.IIC_Init                               0x080026a8   Section        0  myiic.o(i.IIC_Init)
    i.IIC_NAck                               0x080026e8   Section        0  myiic.o(i.IIC_NAck)
    i.IIC_Read_Byte                          0x08002738   Section        0  myiic.o(i.IIC_Read_Byte)
    i.IIC_Send_Byte                          0x080027a8   Section        0  myiic.o(i.IIC_Send_Byte)
    i.IIC_Start                              0x08002810   Section        0  myiic.o(i.IIC_Start)
    i.IIC_Stop                               0x0800285c   Section        0  myiic.o(i.IIC_Stop)
    i.IIC_Wait_Ack                           0x080028a8   Section        0  myiic.o(i.IIC_Wait_Ack)
    i.Init_MPU9250                           0x0800290c   Section        0  mpu9250.o(i.Init_MPU9250)
    i.LED_Init                               0x080029d4   Section        0  led.o(i.LED_Init)
    i.MPU9250_Set_Accel_Fsr                  0x08002a24   Section        0  mpu9250.o(i.MPU9250_Set_Accel_Fsr)
    i.MPU9250_Set_Gyro_Fsr                   0x08002a36   Section        0  mpu9250.o(i.MPU9250_Set_Gyro_Fsr)
    i.MPU9250_Set_LPF                        0x08002a48   Section        0  mpu9250.o(i.MPU9250_Set_LPF)
    i.MPU9250_Set_Rate                       0x08002a84   Section        0  mpu9250.o(i.MPU9250_Set_Rate)
    i.MadgwickAHRSupdateIMU                  0x08002ac0   Section        0  imu.o(i.MadgwickAHRSupdateIMU)
    i.MemManage_Handler                      0x0800327c   Section        0  stm32f10x_it.o(i.MemManage_Handler)
    i.Multi_Read                             0x08003280   Section        0  mpu9250.o(i.Multi_Read)
    i.NMI_Handler                            0x080032ea   Section        0  stm32f10x_it.o(i.NMI_Handler)
    i.NVIC_Config                            0x080032ec   Section        0  nvic.o(i.NVIC_Config)
    i.NVIC_Init                              0x08003304   Section        0  misc.o(i.NVIC_Init)
    i.NVIC_PriorityGroupConfig               0x08003374   Section        0  misc.o(i.NVIC_PriorityGroupConfig)
    i.PendSV_Handler                         0x08003388   Section        0  stm32f10x_it.o(i.PendSV_Handler)
    i.RCC_APB2PeriphClockCmd                 0x0800338c   Section        0  stm32f10x_rcc.o(i.RCC_APB2PeriphClockCmd)
    i.RCC_GetClocksFreq                      0x080033ac   Section        0  stm32f10x_rcc.o(i.RCC_GetClocksFreq)
    i.READ_MPU9250_ACCEL                     0x08003480   Section        0  mpu9250.o(i.READ_MPU9250_ACCEL)
    i.READ_MPU9250_GYRO                      0x080034ce   Section        0  mpu9250.o(i.READ_MPU9250_GYRO)
    i.READ_MPU9250_MAG                       0x0800351c   Section        0  mpu9250.o(i.READ_MPU9250_MAG)
    i.READ_MPU9250_TEMP                      0x0800358c   Section        0  mpu9250.o(i.READ_MPU9250_TEMP)
    i.SVC_Handler                            0x080035e4   Section        0  stm32f10x_it.o(i.SVC_Handler)
    i.SetSysClock                            0x080035e6   Section        0  system_stm32f10x.o(i.SetSysClock)
    SetSysClock                              0x080035e7   Thumb Code     8  system_stm32f10x.o(i.SetSysClock)
    i.SetSysClockTo72                        0x080035f0   Section        0  system_stm32f10x.o(i.SetSysClockTo72)
    SetSysClockTo72                          0x080035f1   Thumb Code   214  system_stm32f10x.o(i.SetSysClockTo72)
    i.Single_Read                            0x080036d0   Section        0  mpu9250.o(i.Single_Read)
    i.Single_Write                           0x0800370e   Section        0  mpu9250.o(i.Single_Write)
    i.SysTick_CLKSourceConfig                0x0800374a   Section        0  misc.o(i.SysTick_CLKSourceConfig)
    i.SysTick_Handler                        0x08003772   Section        0  stm32f10x_it.o(i.SysTick_Handler)
    i.SystemInit                             0x08003774   Section        0  system_stm32f10x.o(i.SystemInit)
    i.USART1_IRQHandler                      0x080037d4   Section        0  stm32f10x_it.o(i.USART1_IRQHandler)
    i.USART1_NVIC_Config                     0x0800385c   Section        0  nvic.o(i.USART1_NVIC_Config)
    i.USART_Cmd                              0x0800387c   Section        0  stm32f10x_usart.o(i.USART_Cmd)
    i.USART_GetITStatus                      0x08003894   Section        0  stm32f10x_usart.o(i.USART_GetITStatus)
    i.USART_ITConfig                         0x080038e8   Section        0  stm32f10x_usart.o(i.USART_ITConfig)
    i.USART_Init                             0x08003934   Section        0  stm32f10x_usart.o(i.USART_Init)
    i.USART_ReceiveData                      0x08003a0c   Section        0  stm32f10x_usart.o(i.USART_ReceiveData)
    i.UsageFault_Handler                     0x08003a16   Section        0  stm32f10x_it.o(i.UsageFault_Handler)
    i.__ARM_fpclassify                       0x08003a1a   Section        0  fpclassify.o(i.__ARM_fpclassify)
    i.__kernel_poly                          0x08003a42   Section        0  poly.o(i.__kernel_poly)
    i.__mathlib_dbl_underflow                0x08003aec   Section        0  dunder.o(i.__mathlib_dbl_underflow)
    i._is_digit                              0x08003afc   Section        0  __printf_wp.o(i._is_digit)
    i._sys_exit                              0x08003b0a   Section        0  usart.o(i._sys_exit)
    i.asin                                   0x08003b10   Section        0  asin.o(i.asin)
    i.atan                                   0x08003d8c   Section        0  atan.o(i.atan)
    i.atan2                                  0x08003fb0   Section        0  atan2.o(i.atan2)
    i.delay_init                             0x08004130   Section        0  delay.o(i.delay_init)
    i.delay_ms                               0x08004174   Section        0  delay.o(i.delay_ms)
    i.delay_us                               0x080041c0   Section        0  delay.o(i.delay_us)
    i.fputc                                  0x0800420c   Section        0  usart.o(i.fputc)
    i.invSqrt                                0x08004228   Section        0  imu.o(i.invSqrt)
    i.main                                   0x08004274   Section        0  main.o(i.main)
    i.sqrt                                   0x0800439c   Section        0  sqrt.o(i.sqrt)
    i.uart_init                              0x080043e8   Section        0  usart.o(i.uart_init)
    locale$$code                             0x08004474   Section       44  lc_numeric_c.o(locale$$code)
    x$fpl$d2f                                0x080044a0   Section       98  d2f.o(x$fpl$d2f)
    x$fpl$dadd                               0x08004504   Section      336  daddsub_clz.o(x$fpl$dadd)
    _dadd1                                   0x08004515   Thumb Code     0  daddsub_clz.o(x$fpl$dadd)
    x$fpl$dcheck1                            0x08004654   Section       16  dcheck1.o(x$fpl$dcheck1)
    x$fpl$ddiv                               0x08004664   Section      688  ddiv.o(x$fpl$ddiv)
    ddiv_entry                               0x0800466b   Thumb Code     0  ddiv.o(x$fpl$ddiv)
    x$fpl$dflt                               0x08004914   Section       46  dflt_clz.o(x$fpl$dflt)
    x$fpl$dmul                               0x08004944   Section      340  dmul.o(x$fpl$dmul)
    x$fpl$dnaninf                            0x08004a98   Section      156  dnaninf.o(x$fpl$dnaninf)
    x$fpl$dretinf                            0x08004b34   Section       12  dretinf.o(x$fpl$dretinf)
    x$fpl$drsb                               0x08004b40   Section       22  daddsub_clz.o(x$fpl$drsb)
    x$fpl$dsqrt                              0x08004b58   Section      460  dsqrt_noumaal.o(x$fpl$dsqrt)
    x$fpl$dsub                               0x08004d24   Section      468  daddsub_clz.o(x$fpl$dsub)
    _dsub1                                   0x08004d35   Thumb Code     0  daddsub_clz.o(x$fpl$dsub)
    x$fpl$f2d                                0x08004ef8   Section       86  f2d.o(x$fpl$f2d)
    x$fpl$fadd                               0x08004f50   Section      196  faddsub_clz.o(x$fpl$fadd)
    _fadd1                                   0x08004f5f   Thumb Code     0  faddsub_clz.o(x$fpl$fadd)
    x$fpl$fcmpinf                            0x08005014   Section       24  fcmpi.o(x$fpl$fcmpinf)
    x$fpl$feqf                               0x0800502c   Section      104  feqf.o(x$fpl$feqf)
    x$fpl$fflt                               0x08005094   Section       48  fflt_clz.o(x$fpl$fflt)
    x$fpl$fmul                               0x080050c4   Section      258  fmul.o(x$fpl$fmul)
    x$fpl$fnaninf                            0x080051c6   Section      140  fnaninf.o(x$fpl$fnaninf)
    x$fpl$fretinf                            0x08005252   Section       10  fretinf.o(x$fpl$fretinf)
    x$fpl$frsb                               0x0800525c   Section       20  faddsub_clz.o(x$fpl$frsb)
    x$fpl$fsub                               0x08005270   Section      234  faddsub_clz.o(x$fpl$fsub)
    _fsub1                                   0x0800527f   Thumb Code     0  faddsub_clz.o(x$fpl$fsub)
    x$fpl$printf1                            0x0800535a   Section        4  printf1.o(x$fpl$printf1)
    x$fpl$retnan                             0x0800535e   Section      100  retnan.o(x$fpl$retnan)
    x$fpl$scalbn                             0x080053c2   Section       92  scalbn.o(x$fpl$scalbn)
    x$fpl$trapveneer                         0x0800541e   Section       48  trapv.o(x$fpl$trapveneer)
    x$fpl$usenofp                            0x0800544e   Section        0  usenofp.o(x$fpl$usenofp)
    .constdata                               0x08005450   Section       80  asin.o(.constdata)
    pS                                       0x08005450   Data          48  asin.o(.constdata)
    qS                                       0x08005480   Data          32  asin.o(.constdata)
    .constdata                               0x080054a0   Section      152  atan.o(.constdata)
    atanhi                                   0x080054a0   Data          32  atan.o(.constdata)
    atanlo                                   0x080054c0   Data          32  atan.o(.constdata)
    aTodd                                    0x080054e0   Data          40  atan.o(.constdata)
    aTeven                                   0x08005508   Data          48  atan.o(.constdata)
    .constdata                               0x08005538   Section        8  qnan.o(.constdata)
    .constdata                               0x08005540   Section      148  bigflt0.o(.constdata)
    tenpwrs_x                                0x08005540   Data          60  bigflt0.o(.constdata)
    tenpwrs_i                                0x0800557c   Data          64  bigflt0.o(.constdata)
    locale$$data                             0x080055f4   Section       28  lc_numeric_c.o(locale$$data)
    __lcnum_c_name                           0x080055f8   Data           2  lc_numeric_c.o(locale$$data)
    __lcnum_c_start                          0x08005600   Data           0  lc_numeric_c.o(locale$$data)
    __lcnum_c_point                          0x0800560c   Data           0  lc_numeric_c.o(locale$$data)
    __lcnum_c_thousands                      0x0800560e   Data           0  lc_numeric_c.o(locale$$data)
    __lcnum_c_grouping                       0x0800560f   Data           0  lc_numeric_c.o(locale$$data)
    __lcnum_c_end                            0x08005610   Data           0  lc_numeric_c.o(locale$$data)
    .data                                    0x20000000   Section       32  main.o(.data)
    .data                                    0x20000020   Section       20  system_stm32f10x.o(.data)
    .data                                    0x20000034   Section       56  imu.o(.data)
    .data                                    0x2000006c   Section        4  delay.o(.data)
    fac_us                                   0x2000006c   Data           1  delay.o(.data)
    fac_ms                                   0x2000006e   Data           2  delay.o(.data)
    .data                                    0x20000070   Section        6  usart.o(.data)
    .data                                    0x20000076   Section       20  stm32f10x_rcc.o(.data)
    APBAHBPrescTable                         0x20000076   Data          16  stm32f10x_rcc.o(.data)
    ADCPrescTable                            0x20000086   Data           4  stm32f10x_rcc.o(.data)
    .bss                                     0x2000008c   Section       36  main.o(.bss)
    .bss                                     0x200000b0   Section      200  usart.o(.bss)
    .bss                                     0x20000178   Section       96  libspace.o(.bss)
    HEAP                                     0x200001d8   Section      512  startup_stm32f10x_hd.o(HEAP)
    Heap_Mem                                 0x200001d8   Data         512  startup_stm32f10x_hd.o(HEAP)
    STACK                                    0x200003d8   Section     1024  startup_stm32f10x_hd.o(STACK)
    Stack_Mem                                0x200003d8   Data        1024  startup_stm32f10x_hd.o(STACK)
    __initial_sp                             0x200007d8   Data           0  startup_stm32f10x_hd.o(STACK)

    Global Symbols

    Symbol Name                              Value     Ov Type        Size  Object(Section)

    BuildAttributes$$THM_ISAv4$P$D$K$B$S$PE$A:L22UL41UL21$X:L11$S22US41US21$IEEE1$IW$USESV6$~STKCKD$USESV7$~SHL$OTIME$ROPI$IEEEX$EBA8$UX$STANDARDLIB$REQ8$PRES8$EABIv2 0x00000000   Number         0  anon$$obj.o ABSOLUTE
    __ARM_use_no_argv                        0x00000000   Number         0  main.o ABSOLUTE
    _printf_flags                            0x00000000   Number         0  printf_stubs.o ABSOLUTE
    _printf_return_value                     0x00000000   Number         0  printf_stubs.o ABSOLUTE
    _printf_sizespec                         0x00000000   Number         0  printf_stubs.o ABSOLUTE
    _printf_widthprec                        0x00000000   Number         0  printf_stubs.o ABSOLUTE
    __ARM_exceptions_init                     - Undefined Weak Reference
    __alloca_initialize                       - Undefined Weak Reference
    __cpp_initialize__aeabi_                  - Undefined Weak Reference
    __cxa_finalize                            - Undefined Weak Reference
    __sigvec_lookup                           - Undefined Weak Reference
    _atexit_init                              - Undefined Weak Reference
    _call_atexit_fns                          - Undefined Weak Reference
    _clock_init                               - Undefined Weak Reference
    _fp_trap_init                             - Undefined Weak Reference
    _fp_trap_shutdown                         - Undefined Weak Reference
    _get_lc_collate                           - Undefined Weak Reference
    _get_lc_ctype                             - Undefined Weak Reference
    _get_lc_monetary                          - Undefined Weak Reference
    _get_lc_time                              - Undefined Weak Reference
    _getenv_init                              - Undefined Weak Reference
    _handle_redirection                       - Undefined Weak Reference
    _init_alloc                               - Undefined Weak Reference
    _init_user_alloc                          - Undefined Weak Reference
    _initio                                   - Undefined Weak Reference
    _mutex_acquire                            - Undefined Weak Reference
    _mutex_release                            - Undefined Weak Reference
    _printf_post_padding                      - Undefined Weak Reference
    _printf_pre_padding                       - Undefined Weak Reference
    _printf_truncate_unsigned                 - Undefined Weak Reference
    _rand_init                                - Undefined Weak Reference
    _signal_finish                            - Undefined Weak Reference
    _signal_init                              - Undefined Weak Reference
    _terminate_alloc                          - Undefined Weak Reference
    _terminate_user_alloc                     - Undefined Weak Reference
    _terminateio                              - Undefined Weak Reference
    __Vectors_Size                           0x00000130   Number         0  startup_stm32f10x_hd.o ABSOLUTE
    __Vectors                                0x08000000   Data           4  startup_stm32f10x_hd.o(RESET)
    __Vectors_End                            0x08000130   Data           0  startup_stm32f10x_hd.o(RESET)
    __main                                   0x08000131   Thumb Code     8  __main.o(!!!main)
    __scatterload                            0x08000139   Thumb Code     0  __scatter.o(!!!scatter)
    __scatterload_rt2                        0x08000139   Thumb Code    44  __scatter.o(!!!scatter)
    __scatterload_rt2_thumb_only             0x08000139   Thumb Code     0  __scatter.o(!!!scatter)
    __scatterload_null                       0x08000147   Thumb Code     0  __scatter.o(!!!scatter)
    __scatterload_copy                       0x0800016d   Thumb Code    26  __scatter_copy.o(!!handler_copy)
    __scatterload_zeroinit                   0x08000189   Thumb Code    28  __scatter_zi.o(!!handler_zi)
    _printf_f                                0x080001a5   Thumb Code     0  _printf_f.o(.ARM.Collect$$_printf_percent$$00000003)
    _printf_percent                          0x080001a5   Thumb Code     0  _printf_percent.o(.ARM.Collect$$_printf_percent$$00000000)
    _printf_percent_end                      0x080001ab   Thumb Code     0  _printf_percent_end.o(.ARM.Collect$$_printf_percent$$00000017)
    __rt_lib_init                            0x080001af   Thumb Code     0  libinit.o(.ARM.Collect$$libinit$$00000000)
    __rt_lib_init_fp_1                       0x080001b1   Thumb Code     0  libinit2.o(.ARM.Collect$$libinit$$00000002)
    __rt_lib_init_heap_1                     0x080001b1   Thumb Code     0  libinit2.o(.ARM.Collect$$libinit$$00000008)
    __rt_lib_init_lc_common                  0x080001b1   Thumb Code     0  libinit2.o(.ARM.Collect$$libinit$$0000000D)
    __rt_lib_init_rand_1                     0x080001b1   Thumb Code     0  libinit2.o(.ARM.Collect$$libinit$$0000000C)
    __rt_lib_init_user_alloc_1               0x080001b1   Thumb Code     0  libinit2.o(.ARM.Collect$$libinit$$0000000A)
    __rt_lib_init_lc_collate_1               0x080001b7   Thumb Code     0  libinit2.o(.ARM.Collect$$libinit$$0000000F)
    __rt_lib_init_lc_ctype_1                 0x080001b7   Thumb Code     0  libinit2.o(.ARM.Collect$$libinit$$00000011)
    __rt_lib_init_lc_monetary_1              0x080001b7   Thumb Code     0  libinit2.o(.ARM.Collect$$libinit$$00000013)
    __rt_lib_init_lc_numeric_2               0x080001b7   Thumb Code     0  libinit2.o(.ARM.Collect$$libinit$$00000014)
    __rt_lib_init_alloca_1                   0x080001c1   Thumb Code     0  libinit2.o(.ARM.Collect$$libinit$$0000002C)
    __rt_lib_init_argv_1                     0x080001c1   Thumb Code     0  libinit2.o(.ARM.Collect$$libinit$$0000002A)
    __rt_lib_init_atexit_1                   0x080001c1   Thumb Code     0  libinit2.o(.ARM.Collect$$libinit$$00000019)
    __rt_lib_init_clock_1                    0x080001c1   Thumb Code     0  libinit2.o(.ARM.Collect$$libinit$$0000001F)
    __rt_lib_init_cpp_1                      0x080001c1   Thumb Code     0  libinit2.o(.ARM.Collect$$libinit$$00000030)
    __rt_lib_init_exceptions_1               0x080001c1   Thumb Code     0  libinit2.o(.ARM.Collect$$libinit$$0000002E)
    __rt_lib_init_fp_trap_1                  0x080001c1   Thumb Code     0  libinit2.o(.ARM.Collect$$libinit$$0000001D)
    __rt_lib_init_getenv_1                   0x080001c1   Thumb Code     0  libinit2.o(.ARM.Collect$$libinit$$00000021)
    __rt_lib_init_lc_numeric_1               0x080001c1   Thumb Code     0  libinit2.o(.ARM.Collect$$libinit$$00000015)
    __rt_lib_init_lc_time_1                  0x080001c1   Thumb Code     0  libinit2.o(.ARM.Collect$$libinit$$00000017)
    __rt_lib_init_return                     0x080001c1   Thumb Code     0  libinit2.o(.ARM.Collect$$libinit$$00000031)
    __rt_lib_init_signal_1                   0x080001c1   Thumb Code     0  libinit2.o(.ARM.Collect$$libinit$$0000001B)
    __rt_lib_init_stdio_1                    0x080001c1   Thumb Code     0  libinit2.o(.ARM.Collect$$libinit$$00000023)
    __rt_lib_shutdown                        0x080001c3   Thumb Code     0  libshutdown.o(.ARM.Collect$$libshutdown$$00000000)
    __rt_lib_shutdown_fp_trap_1              0x080001c5   Thumb Code     0  libshutdown2.o(.ARM.Collect$$libshutdown$$00000006)
    __rt_lib_shutdown_heap_1                 0x080001c5   Thumb Code     0  libshutdown2.o(.ARM.Collect$$libshutdown$$0000000E)
    __rt_lib_shutdown_return                 0x080001c5   Thumb Code     0  libshutdown2.o(.ARM.Collect$$libshutdown$$0000000F)
    __rt_lib_shutdown_signal_1               0x080001c5   Thumb Code     0  libshutdown2.o(.ARM.Collect$$libshutdown$$00000009)
    __rt_lib_shutdown_stdio_1                0x080001c5   Thumb Code     0  libshutdown2.o(.ARM.Collect$$libshutdown$$00000003)
    __rt_lib_shutdown_user_alloc_1           0x080001c5   Thumb Code     0  libshutdown2.o(.ARM.Collect$$libshutdown$$0000000B)
    __rt_entry                               0x080001c7   Thumb Code     0  rtentry.o(.ARM.Collect$$rtentry$$00000000)
    __rt_entry_presh_1                       0x080001c7   Thumb Code     0  rtentry2.o(.ARM.Collect$$rtentry$$00000002)
    __rt_entry_sh                            0x080001c7   Thumb Code     0  rtentry4.o(.ARM.Collect$$rtentry$$00000004)
    __rt_entry_li                            0x080001cd   Thumb Code     0  rtentry2.o(.ARM.Collect$$rtentry$$0000000A)
    __rt_entry_postsh_1                      0x080001cd   Thumb Code     0  rtentry2.o(.ARM.Collect$$rtentry$$00000009)
    __rt_entry_main                          0x080001d1   Thumb Code     0  rtentry2.o(.ARM.Collect$$rtentry$$0000000D)
    __rt_entry_postli_1                      0x080001d1   Thumb Code     0  rtentry2.o(.ARM.Collect$$rtentry$$0000000C)
    __rt_exit                                0x080001d9   Thumb Code     0  rtexit.o(.ARM.Collect$$rtexit$$00000000)
    __rt_exit_ls                             0x080001db   Thumb Code     0  rtexit2.o(.ARM.Collect$$rtexit$$00000003)
    __rt_exit_prels_1                        0x080001db   Thumb Code     0  rtexit2.o(.ARM.Collect$$rtexit$$00000002)
    __rt_exit_exit                           0x080001df   Thumb Code     0  rtexit2.o(.ARM.Collect$$rtexit$$00000004)
    Reset_Handler                            0x080001e5   Thumb Code     8  startup_stm32f10x_hd.o(.text)
    ADC1_2_IRQHandler                        0x080001ff   Thumb Code     0  startup_stm32f10x_hd.o(.text)
    ADC3_IRQHandler                          0x080001ff   Thumb Code     0  startup_stm32f10x_hd.o(.text)
    CAN1_RX1_IRQHandler                      0x080001ff   Thumb Code     0  startup_stm32f10x_hd.o(.text)
    CAN1_SCE_IRQHandler                      0x080001ff   Thumb Code     0  startup_stm32f10x_hd.o(.text)
    DMA1_Channel1_IRQHandler                 0x080001ff   Thumb Code     0  startup_stm32f10x_hd.o(.text)
    DMA1_Channel2_IRQHandler                 0x080001ff   Thumb Code     0  startup_stm32f10x_hd.o(.text)
    DMA1_Channel3_IRQHandler                 0x080001ff   Thumb Code     0  startup_stm32f10x_hd.o(.text)
    DMA1_Channel4_IRQHandler                 0x080001ff   Thumb Code     0  startup_stm32f10x_hd.o(.text)
    DMA1_Channel5_IRQHandler                 0x080001ff   Thumb Code     0  startup_stm32f10x_hd.o(.text)
    DMA1_Channel6_IRQHandler                 0x080001ff   Thumb Code     0  startup_stm32f10x_hd.o(.text)
    DMA1_Channel7_IRQHandler                 0x080001ff   Thumb Code     0  startup_stm32f10x_hd.o(.text)
    DMA2_Channel1_IRQHandler                 0x080001ff   Thumb Code     0  startup_stm32f10x_hd.o(.text)
    DMA2_Channel2_IRQHandler                 0x080001ff   Thumb Code     0  startup_stm32f10x_hd.o(.text)
    DMA2_Channel3_IRQHandler                 0x080001ff   Thumb Code     0  startup_stm32f10x_hd.o(.text)
    DMA2_Channel4_5_IRQHandler               0x080001ff   Thumb Code     0  startup_stm32f10x_hd.o(.text)
    EXTI0_IRQHandler                         0x080001ff   Thumb Code     0  startup_stm32f10x_hd.o(.text)
    EXTI15_10_IRQHandler                     0x080001ff   Thumb Code     0  startup_stm32f10x_hd.o(.text)
    EXTI1_IRQHandler                         0x080001ff   Thumb Code     0  startup_stm32f10x_hd.o(.text)
    EXTI2_IRQHandler                         0x080001ff   Thumb Code     0  startup_stm32f10x_hd.o(.text)
    EXTI3_IRQHandler                         0x080001ff   Thumb Code     0  startup_stm32f10x_hd.o(.text)
    EXTI4_IRQHandler                         0x080001ff   Thumb Code     0  startup_stm32f10x_hd.o(.text)
    EXTI9_5_IRQHandler                       0x080001ff   Thumb Code     0  startup_stm32f10x_hd.o(.text)
    FLASH_IRQHandler                         0x080001ff   Thumb Code     0  startup_stm32f10x_hd.o(.text)
    FSMC_IRQHandler                          0x080001ff   Thumb Code     0  startup_stm32f10x_hd.o(.text)
    I2C1_ER_IRQHandler                       0x080001ff   Thumb Code     0  startup_stm32f10x_hd.o(.text)
    I2C1_EV_IRQHandler                       0x080001ff   Thumb Code     0  startup_stm32f10x_hd.o(.text)
    I2C2_ER_IRQHandler                       0x080001ff   Thumb Code     0  startup_stm32f10x_hd.o(.text)
    I2C2_EV_IRQHandler                       0x080001ff   Thumb Code     0  startup_stm32f10x_hd.o(.text)
    PVD_IRQHandler                           0x080001ff   Thumb Code     0  startup_stm32f10x_hd.o(.text)
    RCC_IRQHandler                           0x080001ff   Thumb Code     0  startup_stm32f10x_hd.o(.text)
    RTCAlarm_IRQHandler                      0x080001ff   Thumb Code     0  startup_stm32f10x_hd.o(.text)
    RTC_IRQHandler                           0x080001ff   Thumb Code     0  startup_stm32f10x_hd.o(.text)
    SDIO_IRQHandler                          0x080001ff   Thumb Code     0  startup_stm32f10x_hd.o(.text)
    SPI1_IRQHandler                          0x080001ff   Thumb Code     0  startup_stm32f10x_hd.o(.text)
    SPI2_IRQHandler                          0x080001ff   Thumb Code     0  startup_stm32f10x_hd.o(.text)
    SPI3_IRQHandler                          0x080001ff   Thumb Code     0  startup_stm32f10x_hd.o(.text)
    TAMPER_IRQHandler                        0x080001ff   Thumb Code     0  startup_stm32f10x_hd.o(.text)
    TIM1_BRK_IRQHandler                      0x080001ff   Thumb Code     0  startup_stm32f10x_hd.o(.text)
    TIM1_CC_IRQHandler                       0x080001ff   Thumb Code     0  startup_stm32f10x_hd.o(.text)
    TIM1_TRG_COM_IRQHandler                  0x080001ff   Thumb Code     0  startup_stm32f10x_hd.o(.text)
    TIM1_UP_IRQHandler                       0x080001ff   Thumb Code     0  startup_stm32f10x_hd.o(.text)
    TIM2_IRQHandler                          0x080001ff   Thumb Code     0  startup_stm32f10x_hd.o(.text)
    TIM3_IRQHandler                          0x080001ff   Thumb Code     0  startup_stm32f10x_hd.o(.text)
    TIM4_IRQHandler                          0x080001ff   Thumb Code     0  startup_stm32f10x_hd.o(.text)
    TIM5_IRQHandler                          0x080001ff   Thumb Code     0  startup_stm32f10x_hd.o(.text)
    TIM6_IRQHandler                          0x080001ff   Thumb Code     0  startup_stm32f10x_hd.o(.text)
    TIM7_IRQHandler                          0x080001ff   Thumb Code     0  startup_stm32f10x_hd.o(.text)
    TIM8_BRK_IRQHandler                      0x080001ff   Thumb Code     0  startup_stm32f10x_hd.o(.text)
    TIM8_CC_IRQHandler                       0x080001ff   Thumb Code     0  startup_stm32f10x_hd.o(.text)
    TIM8_TRG_COM_IRQHandler                  0x080001ff   Thumb Code     0  startup_stm32f10x_hd.o(.text)
    TIM8_UP_IRQHandler                       0x080001ff   Thumb Code     0  startup_stm32f10x_hd.o(.text)
    UART4_IRQHandler                         0x080001ff   Thumb Code     0  startup_stm32f10x_hd.o(.text)
    UART5_IRQHandler                         0x080001ff   Thumb Code     0  startup_stm32f10x_hd.o(.text)
    USART2_IRQHandler                        0x080001ff   Thumb Code     0  startup_stm32f10x_hd.o(.text)
    USART3_IRQHandler                        0x080001ff   Thumb Code     0  startup_stm32f10x_hd.o(.text)
    USBWakeUp_IRQHandler                     0x080001ff   Thumb Code     0  startup_stm32f10x_hd.o(.text)
    USB_HP_CAN1_TX_IRQHandler                0x080001ff   Thumb Code     0  startup_stm32f10x_hd.o(.text)
    USB_LP_CAN1_RX0_IRQHandler               0x080001ff   Thumb Code     0  startup_stm32f10x_hd.o(.text)
    WWDG_IRQHandler                          0x080001ff   Thumb Code     0  startup_stm32f10x_hd.o(.text)
    __user_initial_stackheap                 0x08000201   Thumb Code     0  startup_stm32f10x_hd.o(.text)
    __use_no_semihosting                     0x08000225   Thumb Code     2  use_no_semi_2.o(.text)
    __2printf                                0x08000229   Thumb Code    20  noretval__2printf.o(.text)
    __printf                                 0x08000241   Thumb Code   270  __printf_wp.o(.text)
    __use_two_region_memory                  0x0800034f   Thumb Code     2  heapauxi.o(.text)
    __rt_heap_escrow$2region                 0x08000351   Thumb Code     2  heapauxi.o(.text)
    __rt_heap_expand$2region                 0x08000353   Thumb Code     2  heapauxi.o(.text)
    __I$use$semihosting                      0x08000355   Thumb Code     0  use_no_semi.o(.text)
    __use_no_semihosting_swi                 0x08000355   Thumb Code     2  use_no_semi.o(.text)
    __read_errno                             0x08000357   Thumb Code    10  _rserrno.o(.text)
    __set_errno                              0x08000361   Thumb Code    12  _rserrno.o(.text)
    __lib_sel_fp_printf                      0x0800036d   Thumb Code     2  _printf_fp_dec.o(.text)
    _printf_fp_dec_real                      0x0800051b   Thumb Code   616  _printf_fp_dec.o(.text)
    _printf_char_file                        0x08000785   Thumb Code    32  _printf_char_file.o(.text)
    __rt_locale                              0x080007a9   Thumb Code     8  rt_locale_intlibspace.o(.text)
    __aeabi_errno_addr                       0x080007b1   Thumb Code     8  rt_errno_addr_intlibspace.o(.text)
    __errno$intlibspace                      0x080007b1   Thumb Code     0  rt_errno_addr_intlibspace.o(.text)
    __rt_errno_addr$intlibspace              0x080007b1   Thumb Code     0  rt_errno_addr_intlibspace.o(.text)
    _ll_udiv10                               0x080007b9   Thumb Code   138  lludiv10.o(.text)
    _printf_char_common                      0x0800084f   Thumb Code    32  _printf_char_common.o(.text)
    _printf_fp_infnan                        0x08000875   Thumb Code   112  _printf_fp_infnan.o(.text)
    _btod_etento                             0x080008f5   Thumb Code   212  bigflt0.o(.text)
    ferror                                   0x080009cd   Thumb Code     8  ferror.o(.text)
    __user_libspace                          0x080009d5   Thumb Code     8  libspace.o(.text)
    __user_perproc_libspace                  0x080009d5   Thumb Code     0  libspace.o(.text)
    __user_perthread_libspace                0x080009d5   Thumb Code     0  libspace.o(.text)
    __user_setup_stackheap                   0x080009dd   Thumb Code    74  sys_stackheap_outer.o(.text)
    exit                                     0x08000a27   Thumb Code    12  exit.o(.text)
    strcmp                                   0x08000a35   Thumb Code   128  strcmpv7m.o(.text)
    _btod_d2e                                0x08000ab5   Thumb Code    62  btod.o(CL$$btod_d2e)
    _d2e_denorm_low                          0x08000af3   Thumb Code    70  btod.o(CL$$btod_d2e_denorm_low)
    _d2e_norm_op1                            0x08000b39   Thumb Code    96  btod.o(CL$$btod_d2e_norm_op1)
    __btod_div_common                        0x08000b99   Thumb Code   696  btod.o(CL$$btod_div_common)
    _e2e                                     0x08000ed1   Thumb Code   198  btod.o(CL$$btod_e2e)
    _btod_ediv                               0x08000f97   Thumb Code    40  btod.o(CL$$btod_ediv)
    _btod_emul                               0x08000fbf   Thumb Code    40  btod.o(CL$$btod_emul)
    __btod_mult_common                       0x08000fe7   Thumb Code   580  btod.o(CL$$btod_mult_common)
    AHRS_Dataprepare                         0x0800122d   Thumb Code   472  imu.o(i.AHRS_Dataprepare)
    AHRSupdate                               0x0800144d   Thumb Code  4024  imu.o(i.AHRSupdate)
    Acc_Correct                              0x08002431   Thumb Code    92  imu.o(i.Acc_Correct)
    BusFault_Handler                         0x08002495   Thumb Code     4  stm32f10x_it.o(i.BusFault_Handler)
    DebugMon_Handler                         0x08002499   Thumb Code     2  stm32f10x_it.o(i.DebugMon_Handler)
    GPIO_Init                                0x0800249b   Thumb Code   278  stm32f10x_gpio.o(i.GPIO_Init)
    GPIO_SetBits                             0x080025b1   Thumb Code     4  stm32f10x_gpio.o(i.GPIO_SetBits)
    Get_MPU9250_DATA                         0x080025b5   Thumb Code    40  imu.o(i.Get_MPU9250_DATA)
    Gyro_Correct                             0x080025ed   Thumb Code    96  imu.o(i.Gyro_Correct)
    HardFault_Handler                        0x08002655   Thumb Code     4  stm32f10x_it.o(i.HardFault_Handler)
    IIC_Ack                                  0x08002659   Thumb Code    66  myiic.o(i.IIC_Ack)
    IIC_Init                                 0x080026a9   Thumb Code    52  myiic.o(i.IIC_Init)
    IIC_NAck                                 0x080026e9   Thumb Code    66  myiic.o(i.IIC_NAck)
    IIC_Read_Byte                            0x08002739   Thumb Code    98  myiic.o(i.IIC_Read_Byte)
    IIC_Send_Byte                            0x080027a9   Thumb Code    90  myiic.o(i.IIC_Send_Byte)
    IIC_Start                                0x08002811   Thumb Code    64  myiic.o(i.IIC_Start)
    IIC_Stop                                 0x0800285d   Thumb Code    62  myiic.o(i.IIC_Stop)
    IIC_Wait_Ack                             0x080028a9   Thumb Code    86  myiic.o(i.IIC_Wait_Ack)
    Init_MPU9250                             0x0800290d   Thumb Code   146  mpu9250.o(i.Init_MPU9250)
    LED_Init                                 0x080029d5   Thumb Code    72  led.o(i.LED_Init)
    MPU9250_Set_Accel_Fsr                    0x08002a25   Thumb Code    18  mpu9250.o(i.MPU9250_Set_Accel_Fsr)
    MPU9250_Set_Gyro_Fsr                     0x08002a37   Thumb Code    18  mpu9250.o(i.MPU9250_Set_Gyro_Fsr)
    MPU9250_Set_LPF                          0x08002a49   Thumb Code    60  mpu9250.o(i.MPU9250_Set_LPF)
    MPU9250_Set_Rate                         0x08002a85   Thumb Code    60  mpu9250.o(i.MPU9250_Set_Rate)
    MadgwickAHRSupdateIMU                    0x08002ac1   Thumb Code  1930  imu.o(i.MadgwickAHRSupdateIMU)
    MemManage_Handler                        0x0800327d   Thumb Code     4  stm32f10x_it.o(i.MemManage_Handler)
    Multi_Read                               0x08003281   Thumb Code   106  mpu9250.o(i.Multi_Read)
    NMI_Handler                              0x080032eb   Thumb Code     2  stm32f10x_it.o(i.NMI_Handler)
    NVIC_Config                              0x080032ed   Thumb Code    24  nvic.o(i.NVIC_Config)
    NVIC_Init                                0x08003305   Thumb Code   100  misc.o(i.NVIC_Init)
    NVIC_PriorityGroupConfig                 0x08003375   Thumb Code    10  misc.o(i.NVIC_PriorityGroupConfig)
    PendSV_Handler                           0x08003389   Thumb Code     2  stm32f10x_it.o(i.PendSV_Handler)
    RCC_APB2PeriphClockCmd                   0x0800338d   Thumb Code    26  stm32f10x_rcc.o(i.RCC_APB2PeriphClockCmd)
    RCC_GetClocksFreq                        0x080033ad   Thumb Code   192  stm32f10x_rcc.o(i.RCC_GetClocksFreq)
    READ_MPU9250_ACCEL                       0x08003481   Thumb Code    78  mpu9250.o(i.READ_MPU9250_ACCEL)
    READ_MPU9250_GYRO                        0x080034cf   Thumb Code    78  mpu9250.o(i.READ_MPU9250_GYRO)
    READ_MPU9250_MAG                         0x0800351d   Thumb Code   110  mpu9250.o(i.READ_MPU9250_MAG)
    READ_MPU9250_TEMP                        0x0800358d   Thumb Code    76  mpu9250.o(i.READ_MPU9250_TEMP)
    SVC_Handler                              0x080035e5   Thumb Code     2  stm32f10x_it.o(i.SVC_Handler)
    Single_Read                              0x080036d1   Thumb Code    62  mpu9250.o(i.Single_Read)
    Single_Write                             0x0800370f   Thumb Code    60  mpu9250.o(i.Single_Write)
    SysTick_CLKSourceConfig                  0x0800374b   Thumb Code    40  misc.o(i.SysTick_CLKSourceConfig)
    SysTick_Handler                          0x08003773   Thumb Code     2  stm32f10x_it.o(i.SysTick_Handler)
    SystemInit                               0x08003775   Thumb Code    78  system_stm32f10x.o(i.SystemInit)
    USART1_IRQHandler                        0x080037d5   Thumb Code   122  stm32f10x_it.o(i.USART1_IRQHandler)
    USART1_NVIC_Config                       0x0800385d   Thumb Code    32  nvic.o(i.USART1_NVIC_Config)
    USART_Cmd                                0x0800387d   Thumb Code    24  stm32f10x_usart.o(i.USART_Cmd)
    USART_GetITStatus                        0x08003895   Thumb Code    84  stm32f10x_usart.o(i.USART_GetITStatus)
    USART_ITConfig                           0x080038e9   Thumb Code    74  stm32f10x_usart.o(i.USART_ITConfig)
    USART_Init                               0x08003935   Thumb Code   210  stm32f10x_usart.o(i.USART_Init)
    USART_ReceiveData                        0x08003a0d   Thumb Code    10  stm32f10x_usart.o(i.USART_ReceiveData)
    UsageFault_Handler                       0x08003a17   Thumb Code     4  stm32f10x_it.o(i.UsageFault_Handler)
    __ARM_fpclassify                         0x08003a1b   Thumb Code    40  fpclassify.o(i.__ARM_fpclassify)
    __kernel_poly                            0x08003a43   Thumb Code   170  poly.o(i.__kernel_poly)
    __mathlib_dbl_underflow                  0x08003aed   Thumb Code    10  dunder.o(i.__mathlib_dbl_underflow)
    _is_digit                                0x08003afd   Thumb Code    14  __printf_wp.o(i._is_digit)
    _sys_exit                                0x08003b0b   Thumb Code     6  usart.o(i._sys_exit)
    asin                                     0x08003b11   Thumb Code   584  asin.o(i.asin)
    atan                                     0x08003d8d   Thumb Code   478  atan.o(i.atan)
    atan2                                    0x08003fb1   Thumb Code   346  atan2.o(i.atan2)
    delay_init                               0x08004131   Thumb Code    50  delay.o(i.delay_init)
    delay_ms                                 0x08004175   Thumb Code    72  delay.o(i.delay_ms)
    delay_us                                 0x080041c1   Thumb Code    72  delay.o(i.delay_us)
    fputc                                    0x0800420d   Thumb Code    24  usart.o(i.fputc)
    invSqrt                                  0x08004229   Thumb Code    72  imu.o(i.invSqrt)
    main                                     0x08004275   Thumb Code   194  main.o(i.main)
    sqrt                                     0x0800439d   Thumb Code    76  sqrt.o(i.sqrt)
    uart_init                                0x080043e9   Thumb Code   130  usart.o(i.uart_init)
    _get_lc_numeric                          0x08004475   Thumb Code    44  lc_numeric_c.o(locale$$code)
    __aeabi_d2f                              0x080044a1   Thumb Code     0  d2f.o(x$fpl$d2f)
    _d2f                                     0x080044a1   Thumb Code    98  d2f.o(x$fpl$d2f)
    __aeabi_dadd                             0x08004505   Thumb Code     0  daddsub_clz.o(x$fpl$dadd)
    _dadd                                    0x08004505   Thumb Code   332  daddsub_clz.o(x$fpl$dadd)
    __fpl_dcheck_NaN1                        0x08004655   Thumb Code    10  dcheck1.o(x$fpl$dcheck1)
    __aeabi_ddiv                             0x08004665   Thumb Code     0  ddiv.o(x$fpl$ddiv)
    _ddiv                                    0x08004665   Thumb Code   552  ddiv.o(x$fpl$ddiv)
    __aeabi_i2d                              0x08004915   Thumb Code     0  dflt_clz.o(x$fpl$dflt)
    _dflt                                    0x08004915   Thumb Code    46  dflt_clz.o(x$fpl$dflt)
    __aeabi_dmul                             0x08004945   Thumb Code     0  dmul.o(x$fpl$dmul)
    _dmul                                    0x08004945   Thumb Code   332  dmul.o(x$fpl$dmul)
    __fpl_dnaninf                            0x08004a99   Thumb Code   156  dnaninf.o(x$fpl$dnaninf)
    __fpl_dretinf                            0x08004b35   Thumb Code    12  dretinf.o(x$fpl$dretinf)
    __aeabi_drsub                            0x08004b41   Thumb Code     0  daddsub_clz.o(x$fpl$drsb)
    _drsb                                    0x08004b41   Thumb Code    22  daddsub_clz.o(x$fpl$drsb)
    _dsqrt                                   0x08004b59   Thumb Code   456  dsqrt_noumaal.o(x$fpl$dsqrt)
    __aeabi_dsub                             0x08004d25   Thumb Code     0  daddsub_clz.o(x$fpl$dsub)
    _dsub                                    0x08004d25   Thumb Code   464  daddsub_clz.o(x$fpl$dsub)
    __aeabi_f2d                              0x08004ef9   Thumb Code     0  f2d.o(x$fpl$f2d)
    _f2d                                     0x08004ef9   Thumb Code    86  f2d.o(x$fpl$f2d)
    __aeabi_fadd                             0x08004f51   Thumb Code     0  faddsub_clz.o(x$fpl$fadd)
    _fadd                                    0x08004f51   Thumb Code   196  faddsub_clz.o(x$fpl$fadd)
    __fpl_fcmp_Inf                           0x08005015   Thumb Code    24  fcmpi.o(x$fpl$fcmpinf)
    __aeabi_cfcmpeq                          0x0800502d   Thumb Code     0  feqf.o(x$fpl$feqf)
    _fcmpeq                                  0x0800502d   Thumb Code   104  feqf.o(x$fpl$feqf)
    __aeabi_i2f                              0x08005095   Thumb Code     0  fflt_clz.o(x$fpl$fflt)
    _fflt                                    0x08005095   Thumb Code    48  fflt_clz.o(x$fpl$fflt)
    __aeabi_fmul                             0x080050c5   Thumb Code     0  fmul.o(x$fpl$fmul)
    _fmul                                    0x080050c5   Thumb Code   258  fmul.o(x$fpl$fmul)
    __fpl_fnaninf                            0x080051c7   Thumb Code   140  fnaninf.o(x$fpl$fnaninf)
    __fpl_fretinf                            0x08005253   Thumb Code    10  fretinf.o(x$fpl$fretinf)
    __aeabi_frsub                            0x0800525d   Thumb Code     0  faddsub_clz.o(x$fpl$frsb)
    _frsb                                    0x0800525d   Thumb Code    20  faddsub_clz.o(x$fpl$frsb)
    __aeabi_fsub                             0x08005271   Thumb Code     0  faddsub_clz.o(x$fpl$fsub)
    _fsub                                    0x08005271   Thumb Code   234  faddsub_clz.o(x$fpl$fsub)
    _printf_fp_dec                           0x0800535b   Thumb Code     4  printf1.o(x$fpl$printf1)
    __fpl_return_NaN                         0x0800535f   Thumb Code   100  retnan.o(x$fpl$retnan)
    __ARM_scalbn                             0x080053c3   Thumb Code    92  scalbn.o(x$fpl$scalbn)
    __fpl_cmpreturn                          0x0800541f   Thumb Code    48  trapv.o(x$fpl$trapveneer)
    __I$use$fp                               0x0800544e   Number         0  usenofp.o(x$fpl$usenofp)
    __mathlib_zero                           0x08005538   Data           8  qnan.o(.constdata)
    Region$$Table$$Base                      0x080055d4   Number         0  anon$$obj.o(Region$$Table)
    Region$$Table$$Limit                     0x080055f4   Number         0  anon$$obj.o(Region$$Table)
    Gyrobuf                                  0x20000000   Data           6  main.o(.data)
    Accbuf                                   0x20000006   Data           6  main.o(.data)
    Magbuf                                   0x2000000c   Data           6  main.o(.data)
    Pitch                                    0x20000014   Data           4  main.o(.data)
    Roll                                     0x20000018   Data           4  main.o(.data)
    Yaw                                      0x2000001c   Data           4  main.o(.data)
    SystemCoreClock                          0x20000020   Data           4  system_stm32f10x.o(.data)
    AHBPrescTable                            0x20000024   Data          16  system_stm32f10x.o(.data)
    Accoffset                                0x20000034   Data           6  imu.o(.data)
    Gyrooffset                               0x2000003a   Data           6  imu.o(.data)
    Magoffset                                0x20000040   Data           6  imu.o(.data)
    temp                                     0x20000048   Data           4  imu.o(.data)
    beta                                     0x2000004c   Data           4  imu.o(.data)
    q0                                       0x20000050   Data           4  imu.o(.data)
    q1                                       0x20000054   Data           4  imu.o(.data)
    q2                                       0x20000058   Data           4  imu.o(.data)
    q3                                       0x2000005c   Data           4  imu.o(.data)
    exInt                                    0x20000060   Data           4  imu.o(.data)
    eyInt                                    0x20000064   Data           4  imu.o(.data)
    ezInt                                    0x20000068   Data           4  imu.o(.data)
    __stdout                                 0x20000070   Data           4  usart.o(.data)
    USART_RX_STA                             0x20000074   Data           2  usart.o(.data)
    GyroFinal                                0x2000008c   Data          12  main.o(.bss)
    AccFinal                                 0x20000098   Data          12  main.o(.bss)
    MagFinal                                 0x200000a4   Data          12  main.o(.bss)
    USART_RX_BUF                             0x200000b0   Data         200  usart.o(.bss)
    __libspace_start                         0x20000178   Data          96  libspace.o(.bss)
    __temporary_stack_top$libspace           0x200001d8   Data           0  libspace.o(.bss)



==============================================================================

Memory Map of the image

  Image Entry point : 0x08000131

  Load Region LR_IROM1 (Base: 0x08000000, Size: 0x0000569c, Max: 0x00040000, ABSOLUTE)

    Execution Region ER_IROM1 (Base: 0x08000000, Size: 0x00005610, Max: 0x00040000, ABSOLUTE)

    Base Addr    Size         Type   Attr      Idx    E Section Name        Object

    0x08000000   0x00000130   Data   RO          925    RESET               startup_stm32f10x_hd.o
    0x08000130   0x00000008   Code   RO         1516  * !!!main             c_w.l(__main.o)
    0x08000138   0x00000034   Code   RO         1843    !!!scatter          c_w.l(__scatter.o)
    0x0800016c   0x0000001a   Code   RO         1845    !!handler_copy      c_w.l(__scatter_copy.o)
    0x08000186   0x00000002   PAD
    0x08000188   0x0000001c   Code   RO         1847    !!handler_zi        c_w.l(__scatter_zi.o)
    0x080001a4   0x00000000   Code   RO         1513    .ARM.Collect$$_printf_percent$$00000000  c_w.l(_printf_percent.o)
    0x080001a4   0x00000006   Code   RO         1512    .ARM.Collect$$_printf_percent$$00000003  c_w.l(_printf_f.o)
    0x080001aa   0x00000004   Code   RO         1599    .ARM.Collect$$_printf_percent$$00000017  c_w.l(_printf_percent_end.o)
    0x080001ae   0x00000002   Code   RO         1719    .ARM.Collect$$libinit$$00000000  c_w.l(libinit.o)
    0x080001b0   0x00000000   Code   RO         1721    .ARM.Collect$$libinit$$00000002  c_w.l(libinit2.o)
    0x080001b0   0x00000000   Code   RO         1724    .ARM.Collect$$libinit$$00000008  c_w.l(libinit2.o)
    0x080001b0   0x00000000   Code   RO         1726    .ARM.Collect$$libinit$$0000000A  c_w.l(libinit2.o)
    0x080001b0   0x00000000   Code   RO         1728    .ARM.Collect$$libinit$$0000000C  c_w.l(libinit2.o)
    0x080001b0   0x00000006   Code   RO         1729    .ARM.Collect$$libinit$$0000000D  c_w.l(libinit2.o)
    0x080001b6   0x00000000   Code   RO         1731    .ARM.Collect$$libinit$$0000000F  c_w.l(libinit2.o)
    0x080001b6   0x00000000   Code   RO         1733    .ARM.Collect$$libinit$$00000011  c_w.l(libinit2.o)
    0x080001b6   0x00000000   Code   RO         1735    .ARM.Collect$$libinit$$00000013  c_w.l(libinit2.o)
    0x080001b6   0x0000000a   Code   RO         1736    .ARM.Collect$$libinit$$00000014  c_w.l(libinit2.o)
    0x080001c0   0x00000000   Code   RO         1737    .ARM.Collect$$libinit$$00000015  c_w.l(libinit2.o)
    0x080001c0   0x00000000   Code   RO         1739    .ARM.Collect$$libinit$$00000017  c_w.l(libinit2.o)
    0x080001c0   0x00000000   Code   RO         1741    .ARM.Collect$$libinit$$00000019  c_w.l(libinit2.o)
    0x080001c0   0x00000000   Code   RO         1743    .ARM.Collect$$libinit$$0000001B  c_w.l(libinit2.o)
    0x080001c0   0x00000000   Code   RO         1745    .ARM.Collect$$libinit$$0000001D  c_w.l(libinit2.o)
    0x080001c0   0x00000000   Code   RO         1747    .ARM.Collect$$libinit$$0000001F  c_w.l(libinit2.o)
    0x080001c0   0x00000000   Code   RO         1749    .ARM.Collect$$libinit$$00000021  c_w.l(libinit2.o)
    0x080001c0   0x00000000   Code   RO         1751    .ARM.Collect$$libinit$$00000023  c_w.l(libinit2.o)
    0x080001c0   0x00000000   Code   RO         1755    .ARM.Collect$$libinit$$0000002A  c_w.l(libinit2.o)
    0x080001c0   0x00000000   Code   RO         1757    .ARM.Collect$$libinit$$0000002C  c_w.l(libinit2.o)
    0x080001c0   0x00000000   Code   RO         1759    .ARM.Collect$$libinit$$0000002E  c_w.l(libinit2.o)
    0x080001c0   0x00000000   Code   RO         1761    .ARM.Collect$$libinit$$00000030  c_w.l(libinit2.o)
    0x080001c0   0x00000002   Code   RO         1762    .ARM.Collect$$libinit$$00000031  c_w.l(libinit2.o)
    0x080001c2   0x00000002   Code   RO         1794    .ARM.Collect$$libshutdown$$00000000  c_w.l(libshutdown.o)
    0x080001c4   0x00000000   Code   RO         1804    .ARM.Collect$$libshutdown$$00000003  c_w.l(libshutdown2.o)
    0x080001c4   0x00000000   Code   RO         1807    .ARM.Collect$$libshutdown$$00000006  c_w.l(libshutdown2.o)
    0x080001c4   0x00000000   Code   RO         1810    .ARM.Collect$$libshutdown$$00000009  c_w.l(libshutdown2.o)
    0x080001c4   0x00000000   Code   RO         1812    .ARM.Collect$$libshutdown$$0000000B  c_w.l(libshutdown2.o)
    0x080001c4   0x00000000   Code   RO         1815    .ARM.Collect$$libshutdown$$0000000E  c_w.l(libshutdown2.o)
    0x080001c4   0x00000002   Code   RO         1816    .ARM.Collect$$libshutdown$$0000000F  c_w.l(libshutdown2.o)
    0x080001c6   0x00000000   Code   RO         1590    .ARM.Collect$$rtentry$$00000000  c_w.l(rtentry.o)
    0x080001c6   0x00000000   Code   RO         1635    .ARM.Collect$$rtentry$$00000002  c_w.l(rtentry2.o)
    0x080001c6   0x00000006   Code   RO         1647    .ARM.Collect$$rtentry$$00000004  c_w.l(rtentry4.o)
    0x080001cc   0x00000000   Code   RO         1637    .ARM.Collect$$rtentry$$00000009  c_w.l(rtentry2.o)
    0x080001cc   0x00000004   Code   RO         1638    .ARM.Collect$$rtentry$$0000000A  c_w.l(rtentry2.o)
    0x080001d0   0x00000000   Code   RO         1640    .ARM.Collect$$rtentry$$0000000C  c_w.l(rtentry2.o)
    0x080001d0   0x00000008   Code   RO         1641    .ARM.Collect$$rtentry$$0000000D  c_w.l(rtentry2.o)
    0x080001d8   0x00000002   Code   RO         1765    .ARM.Collect$$rtexit$$00000000  c_w.l(rtexit.o)
    0x080001da   0x00000000   Code   RO         1774    .ARM.Collect$$rtexit$$00000002  c_w.l(rtexit2.o)
    0x080001da   0x00000004   Code   RO         1775    .ARM.Collect$$rtexit$$00000003  c_w.l(rtexit2.o)
    0x080001de   0x00000006   Code   RO         1776    .ARM.Collect$$rtexit$$00000004  c_w.l(rtexit2.o)
    0x080001e4   0x00000040   Code   RO          926    .text               startup_stm32f10x_hd.o
    0x08000224   0x00000002   Code   RO         1462    .text               c_w.l(use_no_semi_2.o)
    0x08000226   0x00000002   PAD
    0x08000228   0x00000018   Code   RO         1466    .text               c_w.l(noretval__2printf.o)
    0x08000240   0x0000010e   Code   RO         1499    .text               c_w.l(__printf_wp.o)
    0x0800034e   0x00000006   Code   RO         1514    .text               c_w.l(heapauxi.o)
    0x08000354   0x00000002   Code   RO         1588    .text               c_w.l(use_no_semi.o)
    0x08000356   0x00000016   Code   RO         1591    .text               c_w.l(_rserrno.o)
    0x0800036c   0x00000416   Code   RO         1595    .text               c_w.l(_printf_fp_dec.o)
    0x08000782   0x00000002   PAD
    0x08000784   0x00000024   Code   RO         1597    .text               c_w.l(_printf_char_file.o)
    0x080007a8   0x00000008   Code   RO         1652    .text               c_w.l(rt_locale_intlibspace.o)
    0x080007b0   0x00000008   Code   RO         1657    .text               c_w.l(rt_errno_addr_intlibspace.o)
    0x080007b8   0x0000008a   Code   RO         1659    .text               c_w.l(lludiv10.o)
    0x08000842   0x00000002   PAD
    0x08000844   0x00000030   Code   RO         1661    .text               c_w.l(_printf_char_common.o)
    0x08000874   0x00000080   Code   RO         1663    .text               c_w.l(_printf_fp_infnan.o)
    0x080008f4   0x000000d8   Code   RO         1665    .text               c_w.l(bigflt0.o)
    0x080009cc   0x00000008   Code   RO         1690    .text               c_w.l(ferror.o)
    0x080009d4   0x00000008   Code   RO         1703    .text               c_w.l(libspace.o)
    0x080009dc   0x0000004a   Code   RO         1706    .text               c_w.l(sys_stackheap_outer.o)
    0x08000a26   0x0000000c   Code   RO         1710    .text               c_w.l(exit.o)
    0x08000a32   0x00000002   PAD
    0x08000a34   0x00000080   Code   RO         1712    .text               c_w.l(strcmpv7m.o)
    0x08000ab4   0x0000003e   Code   RO         1668    CL$$btod_d2e        c_w.l(btod.o)
    0x08000af2   0x00000046   Code   RO         1670    CL$$btod_d2e_denorm_low  c_w.l(btod.o)
    0x08000b38   0x00000060   Code   RO         1669    CL$$btod_d2e_norm_op1  c_w.l(btod.o)
    0x08000b98   0x00000338   Code   RO         1678    CL$$btod_div_common  c_w.l(btod.o)
    0x08000ed0   0x000000c6   Code   RO         1675    CL$$btod_e2e        c_w.l(btod.o)
    0x08000f96   0x00000028   Code   RO         1672    CL$$btod_ediv       c_w.l(btod.o)
    0x08000fbe   0x00000028   Code   RO         1671    CL$$btod_emul       c_w.l(btod.o)
    0x08000fe6   0x00000244   Code   RO         1677    CL$$btod_mult_common  c_w.l(btod.o)
    0x0800122a   0x00000002   PAD
    0x0800122c   0x00000220   Code   RO          741    i.AHRS_Dataprepare  imu.o
    0x0800144c   0x00000fe4   Code   RO          742    i.AHRSupdate        imu.o
    0x08002430   0x00000064   Code   RO          743    i.Acc_Correct       imu.o
    0x08002494   0x00000004   Code   RO          151    i.BusFault_Handler  stm32f10x_it.o
    0x08002498   0x00000002   Code   RO          152    i.DebugMon_Handler  stm32f10x_it.o
    0x0800249a   0x00000116   Code   RO          936    i.GPIO_Init         stm32f10x_gpio.o
    0x080025b0   0x00000004   Code   RO          944    i.GPIO_SetBits      stm32f10x_gpio.o
    0x080025b4   0x00000038   Code   RO          744    i.Get_MPU9250_DATA  imu.o
    0x080025ec   0x00000068   Code   RO          745    i.Gyro_Correct      imu.o
    0x08002654   0x00000004   Code   RO          153    i.HardFault_Handler  stm32f10x_it.o
    0x08002658   0x00000050   Code   RO          525    i.IIC_Ack           myiic.o
    0x080026a8   0x00000040   Code   RO          526    i.IIC_Init          myiic.o
    0x080026e8   0x00000050   Code   RO          527    i.IIC_NAck          myiic.o
    0x08002738   0x00000070   Code   RO          528    i.IIC_Read_Byte     myiic.o
    0x080027a8   0x00000068   Code   RO          529    i.IIC_Send_Byte     myiic.o
    0x08002810   0x0000004c   Code   RO          530    i.IIC_Start         myiic.o
    0x0800285c   0x0000004c   Code   RO          531    i.IIC_Stop          myiic.o
    0x080028a8   0x00000064   Code   RO          532    i.IIC_Wait_Ack      myiic.o
    0x0800290c   0x000000c8   Code   RO          651    i.Init_MPU9250      mpu9250.o
    0x080029d4   0x00000050   Code   RO          284    i.LED_Init          led.o
    0x08002a24   0x00000012   Code   RO          652    i.MPU9250_Set_Accel_Fsr  mpu9250.o
    0x08002a36   0x00000012   Code   RO          653    i.MPU9250_Set_Gyro_Fsr  mpu9250.o
    0x08002a48   0x0000003c   Code   RO          654    i.MPU9250_Set_LPF   mpu9250.o
    0x08002a84   0x0000003c   Code   RO          655    i.MPU9250_Set_Rate  mpu9250.o
    0x08002ac0   0x000007bc   Code   RO          746    i.MadgwickAHRSupdateIMU  imu.o
    0x0800327c   0x00000004   Code   RO          154    i.MemManage_Handler  stm32f10x_it.o
    0x08003280   0x0000006a   Code   RO          656    i.Multi_Read        mpu9250.o
    0x080032ea   0x00000002   Code   RO          155    i.NMI_Handler       stm32f10x_it.o
    0x080032ec   0x00000018   Code   RO          633    i.NVIC_Config       nvic.o
    0x08003304   0x00000070   Code   RO         1424    i.NVIC_Init         misc.o
    0x08003374   0x00000014   Code   RO         1425    i.NVIC_PriorityGroupConfig  misc.o
    0x08003388   0x00000002   Code   RO          156    i.PendSV_Handler    stm32f10x_it.o
    0x0800338a   0x00000002   PAD
    0x0800338c   0x00000020   Code   RO         1048    i.RCC_APB2PeriphClockCmd  stm32f10x_rcc.o
    0x080033ac   0x000000d4   Code   RO         1056    i.RCC_GetClocksFreq  stm32f10x_rcc.o
    0x08003480   0x0000004e   Code   RO          659    i.READ_MPU9250_ACCEL  mpu9250.o
    0x080034ce   0x0000004e   Code   RO          660    i.READ_MPU9250_GYRO  mpu9250.o
    0x0800351c   0x0000006e   Code   RO          661    i.READ_MPU9250_MAG  mpu9250.o
    0x0800358a   0x00000002   PAD
    0x0800358c   0x00000058   Code   RO          662    i.READ_MPU9250_TEMP  mpu9250.o
    0x080035e4   0x00000002   Code   RO          157    i.SVC_Handler       stm32f10x_it.o
    0x080035e6   0x00000008   Code   RO          250    i.SetSysClock       system_stm32f10x.o
    0x080035ee   0x00000002   PAD
    0x080035f0   0x000000e0   Code   RO          251    i.SetSysClockTo72   system_stm32f10x.o
    0x080036d0   0x0000003e   Code   RO          663    i.Single_Read       mpu9250.o
    0x0800370e   0x0000003c   Code   RO          664    i.Single_Write      mpu9250.o
    0x0800374a   0x00000028   Code   RO         1428    i.SysTick_CLKSourceConfig  misc.o
    0x08003772   0x00000002   Code   RO          158    i.SysTick_Handler   stm32f10x_it.o
    0x08003774   0x00000060   Code   RO          253    i.SystemInit        system_stm32f10x.o
    0x080037d4   0x00000088   Code   RO          159    i.USART1_IRQHandler  stm32f10x_it.o
    0x0800385c   0x00000020   Code   RO          634    i.USART1_NVIC_Config  nvic.o
    0x0800387c   0x00000018   Code   RO         1248    i.USART_Cmd         stm32f10x_usart.o
    0x08003894   0x00000054   Code   RO         1252    i.USART_GetITStatus  stm32f10x_usart.o
    0x080038e8   0x0000004a   Code   RO         1254    i.USART_ITConfig    stm32f10x_usart.o
    0x08003932   0x00000002   PAD
    0x08003934   0x000000d8   Code   RO         1255    i.USART_Init        stm32f10x_usart.o
    0x08003a0c   0x0000000a   Code   RO         1262    i.USART_ReceiveData  stm32f10x_usart.o
    0x08003a16   0x00000004   Code   RO          160    i.UsageFault_Handler  stm32f10x_it.o
    0x08003a1a   0x00000028   Code   RO         1629    i.__ARM_fpclassify  m_ws.l(fpclassify.o)
    0x08003a42   0x000000aa   Code   RO         1631    i.__kernel_poly     m_ws.l(poly.o)
    0x08003aec   0x00000010   Code   RO         1627    i.__mathlib_dbl_underflow  m_ws.l(dunder.o)
    0x08003afc   0x0000000e   Code   RO         1501    i._is_digit         c_w.l(__printf_wp.o)
    0x08003b0a   0x00000006   Code   RO          855    i._sys_exit         usart.o
    0x08003b10   0x0000027c   Code   RO         1563    i.asin              m_ws.l(asin.o)
    0x08003d8c   0x00000224   Code   RO         1618    i.atan              m_ws.l(atan.o)
    0x08003fb0   0x00000180   Code   RO         1573    i.atan2             m_ws.l(atan2.o)
    0x08004130   0x00000044   Code   RO          799    i.delay_init        delay.o
    0x08004174   0x0000004c   Code   RO          800    i.delay_ms          delay.o
    0x080041c0   0x0000004c   Code   RO          801    i.delay_us          delay.o
    0x0800420c   0x0000001c   Code   RO          856    i.fputc             usart.o
    0x08004228   0x0000004c   Code   RO          748    i.invSqrt           imu.o
    0x08004274   0x00000128   Code   RO            1    i.main              main.o
    0x0800439c   0x0000004c   Code   RO         1581    i.sqrt              m_ws.l(sqrt.o)
    0x080043e8   0x0000008c   Code   RO          860    i.uart_init         usart.o
    0x08004474   0x0000002c   Code   RO         1695    locale$$code        c_w.l(lc_numeric_c.o)
    0x080044a0   0x00000062   Code   RO         1518    x$fpl$d2f           fz_ws.l(d2f.o)
    0x08004502   0x00000002   PAD
    0x08004504   0x00000150   Code   RO         1520    x$fpl$dadd          fz_ws.l(daddsub_clz.o)
    0x08004654   0x00000010   Code   RO         1697    x$fpl$dcheck1       fz_ws.l(dcheck1.o)
    0x08004664   0x000002b0   Code   RO         1527    x$fpl$ddiv          fz_ws.l(ddiv.o)
    0x08004914   0x0000002e   Code   RO         1535    x$fpl$dflt          fz_ws.l(dflt_clz.o)
    0x08004942   0x00000002   PAD
    0x08004944   0x00000154   Code   RO         1540    x$fpl$dmul          fz_ws.l(dmul.o)
    0x08004a98   0x0000009c   Code   RO         1602    x$fpl$dnaninf       fz_ws.l(dnaninf.o)
    0x08004b34   0x0000000c   Code   RO         1604    x$fpl$dretinf       fz_ws.l(dretinf.o)
    0x08004b40   0x00000016   Code   RO         1521    x$fpl$drsb          fz_ws.l(daddsub_clz.o)
    0x08004b56   0x00000002   PAD
    0x08004b58   0x000001cc   Code   RO         1606    x$fpl$dsqrt         fz_ws.l(dsqrt_noumaal.o)
    0x08004d24   0x000001d4   Code   RO         1522    x$fpl$dsub          fz_ws.l(daddsub_clz.o)
    0x08004ef8   0x00000056   Code   RO         1542    x$fpl$f2d           fz_ws.l(f2d.o)
    0x08004f4e   0x00000002   PAD
    0x08004f50   0x000000c4   Code   RO         1544    x$fpl$fadd          fz_ws.l(faddsub_clz.o)
    0x08005014   0x00000018   Code   RO         1608    x$fpl$fcmpinf       fz_ws.l(fcmpi.o)
    0x0800502c   0x00000068   Code   RO         1550    x$fpl$feqf          fz_ws.l(feqf.o)
    0x08005094   0x00000030   Code   RO         1553    x$fpl$fflt          fz_ws.l(fflt_clz.o)
    0x080050c4   0x00000102   Code   RO         1558    x$fpl$fmul          fz_ws.l(fmul.o)
    0x080051c6   0x0000008c   Code   RO         1610    x$fpl$fnaninf       fz_ws.l(fnaninf.o)
    0x08005252   0x0000000a   Code   RO         1612    x$fpl$fretinf       fz_ws.l(fretinf.o)
    0x0800525c   0x00000014   Code   RO         1545    x$fpl$frsb          fz_ws.l(faddsub_clz.o)
    0x08005270   0x000000ea   Code   RO         1546    x$fpl$fsub          fz_ws.l(faddsub_clz.o)
    0x0800535a   0x00000004   Code   RO         1560    x$fpl$printf1       fz_ws.l(printf1.o)
    0x0800535e   0x00000064   Code   RO         1763    x$fpl$retnan        fz_ws.l(retnan.o)
    0x080053c2   0x0000005c   Code   RO         1614    x$fpl$scalbn        fz_ws.l(scalbn.o)
    0x0800541e   0x00000030   Code   RO         1771    x$fpl$trapveneer    fz_ws.l(trapv.o)
    0x0800544e   0x00000000   Code   RO         1616    x$fpl$usenofp       fz_ws.l(usenofp.o)
    0x0800544e   0x00000002   PAD
    0x08005450   0x00000050   Data   RO         1564    .constdata          m_ws.l(asin.o)
    0x080054a0   0x00000098   Data   RO         1619    .constdata          m_ws.l(atan.o)
    0x08005538   0x00000008   Data   RO         1633    .constdata          m_ws.l(qnan.o)
    0x08005540   0x00000094   Data   RO         1666    .constdata          c_w.l(bigflt0.o)
    0x080055d4   0x00000020   Data   RO         1841    Region$$Table       anon$$obj.o
    0x080055f4   0x0000001c   Data   RO         1694    locale$$data        c_w.l(lc_numeric_c.o)


    Execution Region RW_IRAM1 (Base: 0x20000000, Size: 0x000007d8, Max: 0x0000c000, ABSOLUTE)

    Base Addr    Size         Type   Attr      Idx    E Section Name        Object

    0x20000000   0x00000020   Data   RW            3    .data               main.o
    0x20000020   0x00000014   Data   RW          254    .data               system_stm32f10x.o
    0x20000034   0x00000038   Data   RW          749    .data               imu.o
    0x2000006c   0x00000004   Data   RW          802    .data               delay.o
    0x20000070   0x00000006   Data   RW          862    .data               usart.o
    0x20000076   0x00000014   Data   RW         1076    .data               stm32f10x_rcc.o
    0x2000008a   0x00000002   PAD
    0x2000008c   0x00000024   Zero   RW            2    .bss                main.o
    0x200000b0   0x000000c8   Zero   RW          861    .bss                usart.o
    0x20000178   0x00000060   Zero   RW         1704    .bss                c_w.l(libspace.o)
    0x200001d8   0x00000200   Zero   RW          924    HEAP                startup_stm32f10x_hd.o
    0x200003d8   0x00000400   Zero   RW          923    STACK               startup_stm32f10x_hd.o


==============================================================================

Image component sizes


      Code (inc. data)   RO Data    RW Data    ZI Data      Debug   Object Name

       220         26          0          4          0       1635   delay.o
      6928        274          0         56          0       8031   imu.o
        80          8          0          0          0        487   led.o
       296        102          0         32         36     236074   main.o
       172         22          0          0          0       1997   misc.o
       938         66          0          0          0       7877   mpu9250.o
       692        108          0          0          0       4086   myiic.o
        56          0          0          0          0       1019   nvic.o
        64         26        304          0       1536        772   startup_stm32f10x_hd.o
       282          0          0          0          0       2439   stm32f10x_gpio.o
       162         14          0          0          0     207158   stm32f10x_it.o
       244         26          0         20          0       3809   stm32f10x_rcc.o
       408          6          0          0          0       4858   stm32f10x_usart.o
         0          0          0          0          0         32   sys.o
       328         28          0         20          0       2017   system_stm32f10x.o
       174         14          0          6        200       3476   usart.o

    ----------------------------------------------------------------------
     11052        720        336        140       1772     485767   Object Totals
         0          0         32          0          0          0   (incl. Generated)
         8          0          0          2          0          0   (incl. Padding)

    ----------------------------------------------------------------------

      Code (inc. data)   RO Data    RW Data    ZI Data      Debug   Library Member Name

         8          0          0          0          0         68   __main.o
       284          0          0          0          0        156   __printf_wp.o
        52          8          0          0          0          0   __scatter.o
        26          0          0          0          0          0   __scatter_copy.o
        28          0          0          0          0          0   __scatter_zi.o
        48          6          0          0          0         96   _printf_char_common.o
        36          4          0          0          0         80   _printf_char_file.o
         6          0          0          0          0          0   _printf_f.o
      1046          0          0          0          0        216   _printf_fp_dec.o
       128         16          0          0          0         84   _printf_fp_infnan.o
         0          0          0          0          0          0   _printf_percent.o
         4          0          0          0          0          0   _printf_percent_end.o
        22          0          0          0          0        100   _rserrno.o
       216          4        148          0          0         96   bigflt0.o
      1910        128          0          0          0        672   btod.o
        12          0          0          0          0         72   exit.o
         8          0          0          0          0         68   ferror.o
         6          0          0          0          0        152   heapauxi.o
        44         10         28          0          0         76   lc_numeric_c.o
         2          0          0          0          0          0   libinit.o
        18          0          0          0          0          0   libinit2.o
         2          0          0          0          0          0   libshutdown.o
         2          0          0          0          0          0   libshutdown2.o
         8          4          0          0         96         68   libspace.o
       138          0          0          0          0         80   lludiv10.o
        24          4          0          0          0         84   noretval__2printf.o
         8          4          0          0          0         68   rt_errno_addr_intlibspace.o
         8          4          0          0          0         68   rt_locale_intlibspace.o
         0          0          0          0          0          0   rtentry.o
        12          0          0          0          0          0   rtentry2.o
         6          0          0          0          0          0   rtentry4.o
         2          0          0          0          0          0   rtexit.o
        10          0          0          0          0          0   rtexit2.o
       128          0          0          0          0         68   strcmpv7m.o
        74          0          0          0          0         80   sys_stackheap_outer.o
         2          0          0          0          0         68   use_no_semi.o
         2          0          0          0          0         68   use_no_semi_2.o
        98          4          0          0          0         92   d2f.o
       826         16          0          0          0        348   daddsub_clz.o
        16          4          0          0          0         68   dcheck1.o
       688        140          0          0          0        208   ddiv.o
        46          0          0          0          0         68   dflt_clz.o
       340         12          0          0          0        104   dmul.o
       156          4          0          0          0         92   dnaninf.o
        12          0          0          0          0         68   dretinf.o
       460         56          0          0          0        120   dsqrt_noumaal.o
        86          4          0          0          0         84   f2d.o
       450          8          0          0          0        236   faddsub_clz.o
        24          0          0          0          0         68   fcmpi.o
       104          4          0          0          0         84   feqf.o
        48          0          0          0          0         68   fflt_clz.o
       258          4          0          0          0         84   fmul.o
       140          4          0          0          0         84   fnaninf.o
        10          0          0          0          0         68   fretinf.o
         4          0          0          0          0         68   printf1.o
       100          0          0          0          0         68   retnan.o
        92          0          0          0          0         68   scalbn.o
        48          0          0          0          0         68   trapv.o
         0          0          0          0          0          0   usenofp.o
       636         52         80          0          0        168   asin.o
       548         70        152          0          0        124   atan.o
       384         38          0          0          0        144   atan2.o
        16          6          0          0          0         68   dunder.o
        40          0          0          0          0         68   fpclassify.o
       170          0          0          0          0         96   poly.o
         0          0          8          0          0          0   qnan.o
        76          0          0          0          0         84   sqrt.o

    ----------------------------------------------------------------------
     10228        618        416          0         96       5556   Library Totals
        22          0          0          0          0          0   (incl. Padding)

    ----------------------------------------------------------------------

      Code (inc. data)   RO Data    RW Data    ZI Data      Debug   Library Name

      4330        192        176          0         96       2588   c_w.l
      4006        260          0          0          0       2216   fz_ws.l
      1870        166        240          0          0        752   m_ws.l

    ----------------------------------------------------------------------
     10228        618        416          0         96       5556   Library Totals

    ----------------------------------------------------------------------

==============================================================================


      Code (inc. data)   RO Data    RW Data    ZI Data      Debug   

     21280       1338        752        140       1868     485235   Grand Totals
     21280       1338        752        140       1868     485235   ELF Image Totals
     21280       1338        752        140          0          0   ROM Totals

==============================================================================

    Total RO  Size (Code + RO Data)                22032 (  21.52kB)
    Total RW  Size (RW Data + ZI Data)              2008 (   1.96kB)
    Total ROM Size (Code + RO Data + RW Data)      22172 (  21.65kB)

==============================================================================

