<html>
<body>
<pre>
<h1>礦ision Build Log</h1>
<h2>Project:</h2>
E:\项目\智能鞋垫第二版\Demo\USER\IIC.uvprojx
Project File Date:  08/13/2015

<h2>Output:</h2>
Build target 'Target 1'
compiling main.c...
linking...
Program Size: Code=4812 RO-data=336 RW-data=52 ZI-data=1836  
FromELF: creating hex file...
"..\OBJ\WXP-DEMO.axf" - 0 Error(s), 0 Warning(s).
Load "..\\OBJ\\WXP-DEMO.axf" 
Erase Done.
Programming Done.
Verify OK.
Application running ...
ing core_cm3.c...
compiling stm32f10x_gpio.c...
compiling stm32f10x_rcc.c...
compiling stm32f10x_usart.c...
compiling misc.c...
linking...
Program Size: Code=4820 RO-data=336 RW-data=52 ZI-data=1836  
FromELF: creating hex file...
"..\OBJ\WXP-DEMO.axf" - 0 Error(s), 0 Warning(s).
compiling stm32f10x_rcc.c...
compiling stm32f10x_usart.c...
compiling misc.c...
linking...
Program Size: Code=4516 RO-data=336 RW-data=52 ZI-data=1836  
FromELF: creating hex file...
"..\OBJ\IIC.axf" - 0 Error(s), 2 Warning(s).
